Archive member included because of file (symbol)

C:\Users\Vincent\Documents\LPCXpresso_5.2.6_2137\w_exercices\MyLab_lib\Debug\libMylab_lib.a(custom_rand.o)
                              ./src/mouse.o (rnd_32)
C:\Users\Vincent\Documents\LPCXpresso_5.2.6_2137\w_exercices\MyLab_lib\Debug\libMylab_lib.a(ethmac.o)
                              ./src/tp2_cat_and_mouse.o (ethernet_power_down)
C:\Users\Vincent\Documents\LPCXpresso_5.2.6_2137\w_exercices\MyLab_lib\Debug\libMylab_lib.a(lcd.o)
                              ./src/tp2_cat_and_mouse.o (init_lcd)
C:\Users\Vincent\Documents\LPCXpresso_5.2.6_2137\w_exercices\MyLab_lib\Debug\libMylab_lib.a(read_adc_dma.o)
                              ./src/dtmf_detection.o (init_adc_dma)
C:\Users\Vincent\Documents\LPCXpresso_5.2.6_2137\w_exercices\MyLab_lib\Debug\libMylab_lib.a(ssp.o)
                              C:\Users\Vincent\Documents\LPCXpresso_5.2.6_2137\w_exercices\MyLab_lib\Debug\libMylab_lib.a(lcd.o) (ssp_init_custom)
C:\Users\Vincent\Documents\LPCXpresso_5.2.6_2137\w_exercices\MyLab_lib\Debug\libMylab_lib.a(adc.o)
                              C:\Users\Vincent\Documents\LPCXpresso_5.2.6_2137\w_exercices\MyLab_lib\Debug\libMylab_lib.a(read_adc_dma.o) (adc_init)
C:\Users\Vincent\Documents\LPCXpresso_5.2.6_2137\w_exercices\MyLab_lib\Debug\libMylab_lib.a(fonts.o)
                              C:\Users\Vincent\Documents\LPCXpresso_5.2.6_2137\w_exercices\MyLab_lib\Debug\libMylab_lib.a(lcd.o) (SmallFont)
C:\Users\Vincent\Documents\LPCXpresso_5.2.6_2137\w_exercices\CMSISv2p00_LPC17xx\Debug\libCMSISv2p00_LPC17xx.a(system_LPC17xx.o)
                              ./src/cr_startup_lpc17.o (SystemInit)
c:/nxp/lpcxpresso_8.0.0_526/lpcxpresso/tools/bin/../lib/gcc/arm-none-eabi/4.9.3/../../../../arm-none-eabi/lib/armv7-m\libcr_semihost.a(_cr__main.o)
                              ./src/cr_startup_lpc17.o (__main)
c:/nxp/lpcxpresso_8.0.0_526/lpcxpresso/tools/bin/../lib/gcc/arm-none-eabi/4.9.3/../../../../arm-none-eabi/lib/armv7-m\libcr_c.a(memcpy.o)
                              ./FreeRTOS_src/queue.o (memcpy)
c:/nxp/lpcxpresso_8.0.0_526/lpcxpresso/tools/bin/../lib/gcc/arm-none-eabi/4.9.3/../../../../arm-none-eabi/lib/armv7-m\libcr_c.a(memset.o)
                              ./src/dtmf_detection.o (memset)
c:/nxp/lpcxpresso_8.0.0_526/lpcxpresso/tools/bin/../lib/gcc/arm-none-eabi/4.9.3/../../../../arm-none-eabi/lib/armv7-m\libcr_c.a(alloc.o)
                              C:\Users\Vincent\Documents\LPCXpresso_5.2.6_2137\w_exercices\MyLab_lib\Debug\libMylab_lib.a(lcd.o) (malloc)
c:/nxp/lpcxpresso_8.0.0_526/lpcxpresso/tools/bin/../lib/gcc/arm-none-eabi/4.9.3/../../../../arm-none-eabi/lib/armv7-m\libcr_c.a(cos.o)
                              ./src/dtmf_detection.o (cos)
c:/nxp/lpcxpresso_8.0.0_526/lpcxpresso/tools/bin/../lib/gcc/arm-none-eabi/4.9.3/../../../../arm-none-eabi/lib/armv7-m\libcr_c.a(fclose.o)
                              ./src/debug.o (fclose)
c:/nxp/lpcxpresso_8.0.0_526/lpcxpresso/tools/bin/../lib/gcc/arm-none-eabi/4.9.3/../../../../arm-none-eabi/lib/armv7-m\libcr_c.a(fflush.o)
                              c:/nxp/lpcxpresso_8.0.0_526/lpcxpresso/tools/bin/../lib/gcc/arm-none-eabi/4.9.3/../../../../arm-none-eabi/lib/armv7-m\libcr_c.a(fclose.o) (fflush)
c:/nxp/lpcxpresso_8.0.0_526/lpcxpresso/tools/bin/../lib/gcc/arm-none-eabi/4.9.3/../../../../arm-none-eabi/lib/armv7-m\libcr_c.a(fopen.o)
                              ./src/debug.o (fopen)
c:/nxp/lpcxpresso_8.0.0_526/lpcxpresso/tools/bin/../lib/gcc/arm-none-eabi/4.9.3/../../../../arm-none-eabi/lib/armv7-m\libcr_c.a(fpprintf.o)
                              ./src/debug.o (fprintf)
c:/nxp/lpcxpresso_8.0.0_526/lpcxpresso/tools/bin/../lib/gcc/arm-none-eabi/4.9.3/../../../../arm-none-eabi/lib/armv7-m\libcr_c.a(fread.o)
                              C:\Users\Vincent\Documents\LPCXpresso_5.2.6_2137\w_exercices\MyLab_lib\Debug\libMylab_lib.a(lcd.o) (fread)
c:/nxp/lpcxpresso_8.0.0_526/lpcxpresso/tools/bin/../lib/gcc/arm-none-eabi/4.9.3/../../../../arm-none-eabi/lib/armv7-m\libcr_c.a(freopen.o)
                              c:/nxp/lpcxpresso_8.0.0_526/lpcxpresso/tools/bin/../lib/gcc/arm-none-eabi/4.9.3/../../../../arm-none-eabi/lib/armv7-m\libcr_c.a(fopen.o) (freopen)
c:/nxp/lpcxpresso_8.0.0_526/lpcxpresso/tools/bin/../lib/gcc/arm-none-eabi/4.9.3/../../../../arm-none-eabi/lib/armv7-m\libcr_c.a(fseek.o)
                              C:\Users\Vincent\Documents\LPCXpresso_5.2.6_2137\w_exercices\MyLab_lib\Debug\libMylab_lib.a(lcd.o) (fseek)
c:/nxp/lpcxpresso_8.0.0_526/lpcxpresso/tools/bin/../lib/gcc/arm-none-eabi/4.9.3/../../../../arm-none-eabi/lib/armv7-m\libcr_c.a(ftell.o)
                              c:/nxp/lpcxpresso_8.0.0_526/lpcxpresso/tools/bin/../lib/gcc/arm-none-eabi/4.9.3/../../../../arm-none-eabi/lib/armv7-m\libcr_c.a(fseek.o) (ftell)
c:/nxp/lpcxpresso_8.0.0_526/lpcxpresso/tools/bin/../lib/gcc/arm-none-eabi/4.9.3/../../../../arm-none-eabi/lib/armv7-m\libcr_c.a(fwrite.o)
[...]
Memory Configuration

Name             Origin             Length             Attributes
MFlash512        0x00000000         0x00080000         xr
RamLoc32         0x10000000         0x00008000         xrw
RamAHB32         0x2007c000         0x00008000         xrw
*default*        0x00000000         0xffffffff

Linker script and memory map

                0x2007c008                __user_heap_base = __end_bss_RAM2
LOAD ./src/cat.o
LOAD ./src/cr_startup_lpc17.o
LOAD ./src/debug.o
LOAD ./src/dtmf_detection.o
LOAD ./src/gpio.o
LOAD ./src/mouse.o
LOAD ./src/tp2_cat_and_mouse.o
LOAD ./src/trace_mgt.o
LOAD ./src/uart.o
LOAD ./FreeRTOS_src/croutine.o
LOAD ./FreeRTOS_src/list.o
LOAD ./FreeRTOS_src/queue.o
LOAD ./FreeRTOS_src/tasks.o
LOAD ./FreeRTOS_src/timers.o
LOAD ./FreeRTOS_portable/MemMang/heap_2.o
LOAD ./FreeRTOS_portable/port.o
LOAD C:\Users\Vincent\Documents\LPCXpresso_5.2.6_2137\w_exercices\MyLab_lib\Debug\libMylab_lib.a
LOAD C:\Users\Vincent\Documents\LPCXpresso_5.2.6_2137\w_exercices\CMSISv2p00_LPC17xx\Debug\libCMSISv2p00_LPC17xx.a
START GROUP
LOAD c:/nxp/lpcxpresso_8.0.0_526/lpcxpresso/tools/bin/../lib/gcc/arm-none-eabi/4.9.3/../../../../arm-none-eabi/lib/armv7-m\libcr_semihost.a
LOAD c:/nxp/lpcxpresso_8.0.0_526/lpcxpresso/tools/bin/../lib/gcc/arm-none-eabi/4.9.3/../../../../arm-none-eabi/lib/armv7-m\libcr_c.a
LOAD c:/nxp/lpcxpresso_8.0.0_526/lpcxpresso/tools/bin/../lib/gcc/arm-none-eabi/4.9.3/armv7-m\libcr_eabihelpers.a
END GROUP
                0x00000000                __base_MFlash512 = 0x0
                0x00000000                __base_Flash = 0x0
                0x00080000                __top_MFlash512 = 0x80000
                0x00080000                __top_Flash = 0x80000
                0x10000000                __base_RamLoc32 = 0x10000000
                0x10000000                __base_RAM = 0x10000000
                0x10008000                __top_RamLoc32 = 0x10008000
                0x10008000                __top_RAM = 0x10008000
                0x2007c000                __base_RamAHB32 = 0x2007c000
                0x2007c000                __base_RAM2 = 0x2007c000
                0x20084000                __top_RamAHB32 = 0x20084000
                0x20084000                __top_RAM2 = 0x20084000

.text           0x00000000     0x84c8
 FILL mask 0xff
                0x00000000                __vectors_start__ = ABSOLUTE (.)
 *(.isr_vector)
 .isr_vector    0x00000000       0xcc ./src/cr_startup_lpc17.o
                0x00000000                g_pfnVectors
                0x000000cc                . = ALIGN (0x4)
                0x000000cc                __section_table_start = .
                0x000000cc                __data_section_table = .
                0x000000cc        0x4 LONG 0x84d0 LOADADDR (.data)
                0x000000d0        0x4 LONG 0x10000000 ADDR (.data)
                0x000000d4        0x4 LONG 0x32f0 SIZEOF (.data)
                0x000000d8        0x4 LONG 0x84c8 LOADADDR (.data_RAM2)
                0x000000dc        0x4 LONG 0x2007c000 ADDR (.data_RAM2)
                0x000000e0        0x4 LONG 0x8 SIZEOF (.data_RAM2)
                0x000000e4                __data_section_table_end = .
                0x000000e4                __bss_section_table = .
                0x000000e4        0x4 LONG 0x100032f0 ADDR (.bss)
                0x000000e8        0x4 LONG 0x2b8c SIZEOF (.bss)
                0x000000ec        0x4 LONG 0x2007c008 ADDR (.bss_RAM2)
                0x000000f0        0x4 LONG 0x0 SIZEOF (.bss_RAM2)
                0x000000f4                __bss_section_table_end = .
                0x000000f4                __section_table_end = .
 *(.after_vectors*)
 .after_vectors
                0x000000f4      0x12c ./src/cr_startup_lpc17.o
                0x000000f4                data_init
                0x00000138                bss_init
                0x00000170                ResetISR
                0x000001e8                NMI_Handler
                0x000001f0                HardFault_Handler
                0x000001f8                MemManage_Handler
                0x00000200                BusFault_Handler
                0x00000208                UsageFault_Handler
                0x00000210                DebugMon_Handler
                0x00000218                UART1_IRQHandler
                0x00000218                I2C1_IRQHandler
                0x00000218                TIMER3_IRQHandler
                0x00000218                UART0_IRQHandler
                0x00000218                USBActivity_IRQHandler
                0x00000218                CANActivity_IRQHandler
                0x00000218                EINT2_IRQHandler
                0x00000218                IntDefaultHandler
                0x00000218                PLL0_IRQHandler
                0x00000218                CAN_IRQHandler
                0x00000218                I2C0_IRQHandler
                0x00000218                SSP0_IRQHandler
                0x00000218                I2S_IRQHandler
                0x00000218                I2C2_IRQHandler
                0x00000218                RTC_IRQHandler
                0x00000218                TIMER0_IRQHandler
                0x00000218                SPI_IRQHandler
                0x00000218                RIT_IRQHandler
                0x00000218                EINT1_IRQHandler
                0x00000218                TIMER1_IRQHandler
                0x00000218                UART2_IRQHandler
                0x00000218                ADC_IRQHandler
                0x00000218                SSP1_IRQHandler
                0x00000218                USB_IRQHandler
                0x00000218                BOD_IRQHandler
                0x00000218                PWM1_IRQHandler
                0x00000218                WDT_IRQHandler
                0x00000218                QEI_IRQHandler
                0x00000218                EINT0_IRQHandler
                0x00000218                PLL1_IRQHandler
                0x00000218                TIMER2_IRQHandler
                0x00000218                UART3_IRQHandler
                0x00000218                MCPWM_IRQHandler
                0x00000218                ENET_IRQHandler
 *(.text*)
 .text.cat_move
                0x00000220      0x204 ./src/cat.o
                0x00000220                cat_move
 .text.buffer_filled
                0x00000424       0x24 ./src/dtmf_detection.o
                0x00000424                buffer_filled
 .text.init_dtmf
                0x00000448      0x174 ./src/dtmf_detection.o
                0x00000448                init_dtmf
 .text.read_dtmf
                0x000005bc      0x278 ./src/dtmf_detection.o
                0x000005bc                read_dtmf
 .text.EINT3_IRQHandler
                0x00000834       0x48 ./src/gpio.o
                0x00000834                EINT3_IRQHandler
 .text.get_gpio
                0x0000087c       0x30 ./src/gpio.o
                0x0000087c                get_gpio
 .text.calc_mouse_pos
                0x000008ac       0xa0 ./src/mouse.o
                0x000008ac                calc_mouse_pos
 .text.mouse_move
                0x0000094c      0x1cc ./src/mouse.o
                0x0000094c                mouse_move
 .text.init_semaphores_and_queues
                0x00000b18       0x98 ./src/tp2_cat_and_mouse.o
                0x00000b18                init_semaphores_and_queues
 .text.setup_peripherals
                0x00000bb0       0x18 ./src/tp2_cat_and_mouse.o
 .text.detect_collision
                0x00000bc8       0x98 ./src/tp2_cat_and_mouse.o
                0x00000bc8                detect_collision
 .text.game_end
                0x00000c60       0x94 ./src/tp2_cat_and_mouse.o
                0x00000c60                game_end
 .text.display  0x00000cf4      0x524 ./src/tp2_cat_and_mouse.o
                0x00000cf4                display
 .text.main     0x00001218      0x21c ./src/tp2_cat_and_mouse.o
                0x00001218                main
 .text.write_trace
                0x00001434       0x8c ./src/trace_mgt.o
                0x00001434                write_trace
 .text.vApplicationIdleHook
                0x000014c0       0x64 ./src/trace_mgt.o
                0x000014c0                vApplicationIdleHook
 .text.init_traces
                0x00001524       0x34 ./src/trace_mgt.o
                0x00001524                init_traces
 .text.uart0_init
                0x00001558       0xac ./src/uart.o
                0x00001558                uart0_init
 .text.uart0_send
                0x00001604       0x40 ./src/uart.o
                0x00001604                uart0_send
 .text.vListInitialise
                0x00001644       0x40 ./FreeRTOS_src/list.o
                0x00001644                vListInitialise
 .text.vListInitialiseItem
                0x00001684       0x18 ./FreeRTOS_src/list.o
                0x00001684                vListInitialiseItem
 .text.vListInsertEnd
                0x0000169c       0x50 ./FreeRTOS_src/list.o
                0x0000169c                vListInsertEnd
 .text.vListInsert
                0x000016ec       0x70 ./FreeRTOS_src/list.o
                0x000016ec                vListInsert
 .text.vListRemove
                0x0000175c       0x50 ./FreeRTOS_src/list.o
                0x0000175c                vListRemove
 .text.xQueueCreate
                0x000017ac       0xbc ./FreeRTOS_src/queue.o
                0x000017ac                xQueueCreate
 .text.xQueueCreateCountingSemaphore
                0x00001868       0x2c ./FreeRTOS_src/queue.o
                0x00001868                xQueueCreateCountingSemaphore
 .text.xQueueGenericSend
                0x00001894      0x10c ./FreeRTOS_src/queue.o
                0x00001894                xQueueGenericSend
 .text.xQueueGenericReceive
                0x000019a0      0x140 ./FreeRTOS_src/queue.o
                0x000019a0                xQueueGenericReceive
 .text.prvCopyDataToQueue
                0x00001ae0       0xa0 ./FreeRTOS_src/queue.o
 .text.prvCopyDataFromQueue
                0x00001b80       0x4c ./FreeRTOS_src/queue.o
 .text.prvUnlockQueue
                0x00001bcc       0x98 ./FreeRTOS_src/queue.o
 .text.prvIsQueueEmpty
                0x00001c64       0x2c ./FreeRTOS_src/queue.o
 .text.prvIsQueueFull
                0x00001c90       0x30 ./FreeRTOS_src/queue.o
 .text.xTaskGenericCreate
                0x00001cc0      0x15c ./FreeRTOS_src/tasks.o
                0x00001cc0                xTaskGenericCreate
 .text.vTaskDelayUntil
                0x00001e1c       0x98 ./FreeRTOS_src/tasks.o
                0x00001e1c                vTaskDelayUntil
 .text.vTaskStartScheduler
                0x00001eb4       0x58 ./FreeRTOS_src/tasks.o
                0x00001eb4                vTaskStartScheduler
 .text.vTaskSuspendAll
                0x00001f0c       0x1c ./FreeRTOS_src/tasks.o
                0x00001f0c                vTaskSuspendAll
 .text.xTaskResumeAll
                0x00001f28       0xf4 ./FreeRTOS_src/tasks.o
                0x00001f28                xTaskResumeAll
 .text.xTaskGetTickCount
                0x0000201c       0x24 ./FreeRTOS_src/tasks.o
                0x0000201c                xTaskGetTickCount
 .text.vTaskIncrementTick
                0x00002040      0x12c ./FreeRTOS_src/tasks.o
                0x00002040                vTaskIncrementTick
 .text.vTaskSwitchContext
                0x0000216c      0x100 ./FreeRTOS_src/tasks.o
                0x0000216c                vTaskSwitchContext
 .text.vTaskPlaceOnEventList
                0x0000226c       0x60 ./FreeRTOS_src/tasks.o
                0x0000226c                vTaskPlaceOnEventList
 .text.xTaskRemoveFromEventList
                0x000022cc       0xa0 ./FreeRTOS_src/tasks.o
                0x000022cc                xTaskRemoveFromEventList
 .text.vTaskSetTimeOutState
                0x0000236c       0x2c ./FreeRTOS_src/tasks.o
                0x0000236c                vTaskSetTimeOutState
 .text.xTaskCheckForTimeOut
                0x00002398       0x88 ./FreeRTOS_src/tasks.o
                0x00002398                xTaskCheckForTimeOut
 .text.vTaskMissedYield
                0x00002420       0x18 ./FreeRTOS_src/tasks.o
                0x00002420                vTaskMissedYield
 .text.prvIdleTask
                0x00002438       0x14 ./FreeRTOS_src/tasks.o
 .text.prvInitialiseTCBVariables
                0x0000244c       0x64 ./FreeRTOS_src/tasks.o
 .text.prvInitialiseTaskLists
                0x000024b0       0x7c ./FreeRTOS_src/tasks.o
 .text.prvCheckTasksWaitingTermination
                0x0000252c       0x78 ./FreeRTOS_src/tasks.o
 .text.prvAddCurrentTaskToDelayedList
                0x000025a4       0x6c ./FreeRTOS_src/tasks.o
 .text.prvAllocateTCBAndStack
                0x00002610       0x64 ./FreeRTOS_src/tasks.o
 .text.prvDeleteTCB
                0x00002674       0x20 ./FreeRTOS_src/tasks.o
 .text.pvPortMalloc
                0x00002694      0x144 ./FreeRTOS_portable/MemMang/heap_2.o
                0x00002694                pvPortMalloc
 .text.vPortFree
                0x000027d8       0x70 ./FreeRTOS_portable/MemMang/heap_2.o
                0x000027d8                vPortFree
 .text.pxPortInitialiseStack
                0x00002848       0x54 ./FreeRTOS_portable/port.o
                0x00002848                pxPortInitialiseStack
 .text.vPortSVCHandler
                0x0000289c       0x20 ./FreeRTOS_portable/port.o
                0x0000289c                vPortSVCHandler
 .text.vPortStartFirstTask
                0x000028bc       0x14 ./FreeRTOS_portable/port.o
                0x000028bc                vPortStartFirstTask
 .text.xPortStartScheduler
                0x000028d0       0x38 ./FreeRTOS_portable/port.o
                0x000028d0                xPortStartScheduler
 .text.vPortYieldFromISR
                0x00002908       0x18 ./FreeRTOS_portable/port.o
                0x00002908                vPortYieldFromISR
 .text.vPortEnterCritical
                0x00002920       0x24 ./FreeRTOS_portable/port.o
                0x00002920                vPortEnterCritical
 .text.vPortExitCritical
                0x00002944       0x2c ./FreeRTOS_portable/port.o
                0x00002944                vPortExitCritical
 .text.xPortPendSVHandler
                0x00002970       0x3c ./FreeRTOS_portable/port.o
                0x00002970                xPortPendSVHandler
 .text.xPortSysTickHandler
                0x000029ac       0x30 ./FreeRTOS_portable/port.o
                0x000029ac                xPortSysTickHandler
 .text.prvSetupTimerInterrupt
                0x000029dc       0x24 ./FreeRTOS_portable/port.o
 .text.rnd_32   0x00002a00       0x78 C:\Users\Vincent\Documents\LPCXpresso_5.2.6_2137\w_exercices\MyLab_lib\Debug\libMylab_lib.a(custom_rand.o)
                0x00002a00                rnd_32
 .text.init_rnd32
                0x00002a78       0x6c C:\Users\Vincent\Documents\LPCXpresso_5.2.6_2137\w_exercices\MyLab_lib\Debug\libMylab_lib.a(custom_rand.o)
                0x00002a78                init_rnd32
 .text.WriteToPHY
                0x00002ae4       0x4c C:\Users\Vincent\Documents\LPCXpresso_5.2.6_2137\w_exercices\MyLab_lib\Debug\libMylab_lib.a(ethmac.o)
                0x00002ae4                WriteToPHY
 .text.ethernet_power_down
                0x00002b30       0xcc C:\Users\Vincent\Documents\LPCXpresso_5.2.6_2137\w_exercices\MyLab_lib\Debug\libMylab_lib.a(ethmac.o)
                0x00002b30                ethernet_power_down
 .text.LCD_RS_ENA
                0x00002bfc       0x38 C:\Users\Vincent\Documents\LPCXpresso_5.2.6_2137\w_exercices\MyLab_lib\Debug\libMylab_lib.a(lcd.o)
 .text.LCD_RS_DIS
                0x00002c34       0x38 C:\Users\Vincent\Documents\LPCXpresso_5.2.6_2137\w_exercices\MyLab_lib\Debug\libMylab_lib.a(lcd.o)
 .text.Write_Cmd_Data
                0x00002c6c       0x24 C:\Users\Vincent\Documents\LPCXpresso_5.2.6_2137\w_exercices\MyLab_lib\Debug\libMylab_lib.a(lcd.o)
                0x00002c6c                Write_Cmd_Data
 .text.Write_Cmd
                0x00002c90       0x24 C:\Users\Vincent\Documents\LPCXpresso_5.2.6_2137\w_exercices\MyLab_lib\Debug\libMylab_lib.a(lcd.o)
                0x00002c90                Write_Cmd
 .text.Write_Data
                0x00002cb4       0x30 C:\Users\Vincent\Documents\LPCXpresso_5.2.6_2137\w_exercices\MyLab_lib\Debug\libMylab_lib.a(lcd.o)
                0x00002cb4                Write_Data
 .text.Write_Data_U16
                0x00002ce4       0x24 C:\Users\Vincent\Documents\LPCXpresso_5.2.6_2137\w_exercices\MyLab_lib\Debug\libMylab_lib.a(lcd.o)
                0x00002ce4                Write_Data_U16
 .text.Delay    0x00002d08       0x30 C:\Users\Vincent\Documents\LPCXpresso_5.2.6_2137\w_exercices\MyLab_lib\Debug\libMylab_lib.a(lcd.o)
                0x00002d08                Delay
 .text.ILI9341_Initial
                0x00002d38      0x21c C:\Users\Vincent\Documents\LPCXpresso_5.2.6_2137\w_exercices\MyLab_lib\Debug\libMylab_lib.a(lcd.o)
                0x00002d38                ILI9341_Initial
 .text.init_lcd
                0x00002f54       0x54 C:\Users\Vincent\Documents\LPCXpresso_5.2.6_2137\w_exercices\MyLab_lib\Debug\libMylab_lib.a(lcd.o)
                0x00002f54                init_lcd
 .text.LCD_SetPos
                0x00002fa8       0xb8 C:\Users\Vincent\Documents\LPCXpresso_5.2.6_2137\w_exercices\MyLab_lib\Debug\libMylab_lib.a(lcd.o)
                0x00002fa8                LCD_SetPos
 .text.clear_screen
                0x00003060       0x48 C:\Users\Vincent\Documents\LPCXpresso_5.2.6_2137\w_exercices\MyLab_lib\Debug\libMylab_lib.a(lcd.o)
                0x00003060                clear_screen
 .text.lcd_lineH
                0x000030a8       0x60 C:\Users\Vincent\Documents\LPCXpresso_5.2.6_2137\w_exercices\MyLab_lib\Debug\libMylab_lib.a(lcd.o)
                0x000030a8                lcd_lineH
 .text.lcd_lineV
                0x00003108       0x60 C:\Users\Vincent\Documents\LPCXpresso_5.2.6_2137\w_exercices\MyLab_lib\Debug\libMylab_lib.a(lcd.o)
                0x00003108                lcd_lineV
 .text.lcd_filled_circle
                0x00003168       0xac C:\Users\Vincent\Documents\LPCXpresso_5.2.6_2137\w_exercices\MyLab_lib\Debug\libMylab_lib.a(lcd.o)
                0x00003168                lcd_filled_circle
 .text.lcd_empty_rectangle
                0x00003214       0x7c C:\Users\Vincent\Documents\LPCXpresso_5.2.6_2137\w_exercices\MyLab_lib\Debug\libMylab_lib.a(lcd.o)
                0x00003214                lcd_empty_rectangle
 .text.lcd_filled_rectangle
                0x00003290       0xa4 C:\Users\Vincent\Documents\LPCXpresso_5.2.6_2137\w_exercices\MyLab_lib\Debug\libMylab_lib.a(lcd.o)
                0x00003290                lcd_filled_rectangle
 .text.lcd_print_char
                0x00003334      0x108 C:\Users\Vincent\Documents\LPCXpresso_5.2.6_2137\w_exercices\MyLab_lib\Debug\libMylab_lib.a(lcd.o)
                0x00003334                lcd_print_char
 .text.lcd_print
                0x0000343c       0xf8 C:\Users\Vincent\Documents\LPCXpresso_5.2.6_2137\w_exercices\MyLab_lib\Debug\libMylab_lib.a(lcd.o)
                0x0000343c                lcd_print
 .text.read_bmp_file
                0x00003534      0x1f0 C:\Users\Vincent\Documents\LPCXpresso_5.2.6_2137\w_exercices\MyLab_lib\Debug\libMylab_lib.a(lcd.o)
                0x00003534                read_bmp_file
 .text.display_bitmap16
                0x00003724       0x70 C:\Users\Vincent\Documents\LPCXpresso_5.2.6_2137\w_exercices\MyLab_lib\Debug\libMylab_lib.a(lcd.o)
                0x00003724                display_bitmap16
 .text.NVIC_EnableIRQ
                0x00003794       0x30 C:\Users\Vincent\Documents\LPCXpresso_5.2.6_2137\w_exercices\MyLab_lib\Debug\libMylab_lib.a(read_adc_dma.o)
 .text.DMA_IRQHandler
                0x000037c4       0x30 C:\Users\Vincent\Documents\LPCXpresso_5.2.6_2137\w_exercices\MyLab_lib\Debug\libMylab_lib.a(read_adc_dma.o)
                0x000037c4                DMA_IRQHandler
 .text.init_dma
                0x000037f4       0x78 C:\Users\Vincent\Documents\LPCXpresso_5.2.6_2137\w_exercices\MyLab_lib\Debug\libMylab_lib.a(read_adc_dma.o)
                0x000037f4                init_dma
 .text.init_adc_dma
                0x0000386c      0x10c C:\Users\Vincent\Documents\LPCXpresso_5.2.6_2137\w_exercices\MyLab_lib\Debug\libMylab_lib.a(read_adc_dma.o)
                0x0000386c                init_adc_dma
 .text.ssp_init_custom
                0x00003978       0x84 C:\Users\Vincent\Documents\LPCXpresso_5.2.6_2137\w_exercices\MyLab_lib\Debug\libMylab_lib.a(ssp.o)
                0x00003978                ssp_init_custom
 .text.ssp_send_buf
                0x000039fc       0x48 C:\Users\Vincent\Documents\LPCXpresso_5.2.6_2137\w_exercices\MyLab_lib\Debug\libMylab_lib.a(ssp.o)
                0x000039fc                ssp_send_buf
 .text.adc_init
                0x00003a44       0xd8 C:\Users\Vincent\Documents\LPCXpresso_5.2.6_2137\w_exercices\MyLab_lib\Debug\libMylab_lib.a(adc.o)
                0x00003a44                adc_init
 .text.SystemInit
                0x00003b1c       0xe0 C:\Users\Vincent\Documents\LPCXpresso_5.2.6_2137\w_exercices\CMSISv2p00_LPC17xx\Debug\libCMSISv2p00_LPC17xx.a(system_LPC17xx.o)
                0x00003b1c                SystemInit
 .text.__main   0x00003bfc       0x14 c:/nxp/lpcxpresso_8.0.0_526/lpcxpresso/tools/bin/../lib/gcc/arm-none-eabi/4.9.3/../../../../arm-none-eabi/lib/armv7-m\libcr_semihost.a(_cr__main.o)
                0x00003bfc                __CR_SEMIHOST
                0x00003bfc                __main
 .text.memcpy   0x00003c10        0x4 c:/nxp/lpcxpresso_8.0.0_526/lpcxpresso/tools/bin/../lib/gcc/arm-none-eabi/4.9.3/../../../../arm-none-eabi/lib/armv7-m\libcr_c.a(memcpy.o)
                0x00003c10                memcpy
 .text.memset   0x00003c14        0x4 c:/nxp/lpcxpresso_8.0.0_526/lpcxpresso/tools/bin/../lib/gcc/arm-none-eabi/4.9.3/../../../../arm-none-eabi/lib/armv7-m\libcr_c.a(memset.o)
                0x00003c14                memset
 .text.malloc   0x00003c18       0xcc c:/nxp/lpcxpresso_8.0.0_526/lpcxpresso/tools/bin/../lib/gcc/arm-none-eabi/4.9.3/../../../../arm-none-eabi/lib/armv7-m\libcr_c.a(alloc.o)
                0x00003c18                malloc
 .text.free     0x00003ce4       0x30 c:/nxp/lpcxpresso_8.0.0_526/lpcxpresso/tools/bin/../lib/gcc/arm-none-eabi/4.9.3/../../../../arm-none-eabi/lib/armv7-m\libcr_c.a(alloc.o)
                0x00003ce4                free
 .text.calloc   0x00003d14       0x50 c:/nxp/lpcxpresso_8.0.0_526/lpcxpresso/tools/bin/../lib/gcc/arm-none-eabi/4.9.3/../../../../arm-none-eabi/lib/armv7-m\libcr_c.a(alloc.o)
                0x00003d14                calloc
 .text._Csys_alloc
                0x00003d64       0x20 c:/nxp/lpcxpresso_8.0.0_526/lpcxpresso/tools/bin/../lib/gcc/arm-none-eabi/4.9.3/../../../../arm-none-eabi/lib/armv7-m\libcr_c.a(alloc.o)
                0x00003d64                _Csys_alloc
 *fill*         0x00003d84        0x4 
 .text.cos      0x00003d88       0x70 c:/nxp/lpcxpresso_8.0.0_526/lpcxpresso/tools/bin/../lib/gcc/arm-none-eabi/4.9.3/../../../../arm-none-eabi/lib/armv7-m\libcr_c.a(cos.o)
                0x00003d88                cos
 .text.fclose   0x00003df8       0x6c c:/nxp/lpcxpresso_8.0.0_526/lpcxpresso/tools/bin/../lib/gcc/arm-none-eabi/4.9.3/../../../../arm-none-eabi/lib/armv7-m\libcr_c.a(fclose.o)
                0x00003df8                fclose
 .text.fflush   0x00003e64       0x30 c:/nxp/lpcxpresso_8.0.0_526/lpcxpresso/tools/bin/../lib/gcc/arm-none-eabi/4.9.3/../../../../arm-none-eabi/lib/armv7-m\libcr_c.a(fflush.o)
                0x00003e64                fflush
 .text.fopen    0x00003e94       0x28 c:/nxp/lpcxpresso_8.0.0_526/lpcxpresso/tools/bin/../lib/gcc/arm-none-eabi/4.9.3/../../../../arm-none-eabi/lib/armv7-m\libcr_c.a(fopen.o)
                0x00003e94                fopen
 .text.fp_round
                0x00003ebc       0x4a c:/nxp/lpcxpresso_8.0.0_526/lpcxpresso/tools/bin/../lib/gcc/arm-none-eabi/4.9.3/../../../../arm-none-eabi/lib/armv7-m\libcr_c.a(fpprintf.o)
 .text.pr_dec.constprop.1
                0x00003f06       0x26 c:/nxp/lpcxpresso_8.0.0_526/lpcxpresso/tools/bin/../lib/gcc/arm-none-eabi/4.9.3/../../../../arm-none-eabi/lib/armv7-m\libcr_c.a(fpprintf.o)
 .text.sprintf  0x00003f2c       0x6c c:/nxp/lpcxpresso_8.0.0_526/lpcxpresso/tools/bin/../lib/gcc/arm-none-eabi/4.9.3/../../../../arm-none-eabi/lib/armv7-m\libcr_c.a(fpprintf.o)
                0x00003f2c                sprintf
 .text.fp_display
                0x00003f98      0x900 c:/nxp/lpcxpresso_8.0.0_526/lpcxpresso/tools/bin/../lib/gcc/arm-none-eabi/4.9.3/../../../../arm-none-eabi/lib/armv7-m\libcr_c.a(fpprintf.o)
 .text.vsprintf
                0x00004898       0x5c c:/nxp/lpcxpresso_8.0.0_526/lpcxpresso/tools/bin/../lib/gcc/arm-none-eabi/4.9.3/../../../../arm-none-eabi/lib/armv7-m\libcr_c.a(fpprintf.o)
                0x00004898                vsprintf
 .text.vsnprintf
                0x000048f4       0x5c c:/nxp/lpcxpresso_8.0.0_526/lpcxpresso/tools/bin/../lib/gcc/arm-none-eabi/4.9.3/../../../../arm-none-eabi/lib/armv7-m\libcr_c.a(fpprintf.o)
                0x000048f4                vsnprintf
 .text.printf   0x00004950       0x54 c:/nxp/lpcxpresso_8.0.0_526/lpcxpresso/tools/bin/../lib/gcc/arm-none-eabi/4.9.3/../../../../arm-none-eabi/lib/armv7-m\libcr_c.a(fpprintf.o)
                0x00004950                printf
 .text.fread    0x000049a4       0x18 c:/nxp/lpcxpresso_8.0.0_526/lpcxpresso/tools/bin/../lib/gcc/arm-none-eabi/4.9.3/../../../../arm-none-eabi/lib/armv7-m\libcr_c.a(fread.o)
                0x000049a4                fread
 .text.freopen  0x000049bc       0x8a c:/nxp/lpcxpresso_8.0.0_526/lpcxpresso/tools/bin/../lib/gcc/arm-none-eabi/4.9.3/../../../../arm-none-eabi/lib/armv7-m\libcr_c.a(freopen.o)
                0x000049bc                freopen
 *fill*         0x00004a46        0x2 
 .text.fseek    0x00004a48      0x110 c:/nxp/lpcxpresso_8.0.0_526/lpcxpresso/tools/bin/../lib/gcc/arm-none-eabi/4.9.3/../../../../arm-none-eabi/lib/armv7-m\libcr_c.a(fseek.o)
                0x00004a48                fseek
 .text.ftell    0x00004b58       0x4c c:/nxp/lpcxpresso_8.0.0_526/lpcxpresso/tools/bin/../lib/gcc/arm-none-eabi/4.9.3/../../../../arm-none-eabi/lib/armv7-m\libcr_c.a(ftell.o)
                0x00004b58                ftell
 .text._initio  0x00004ba4       0xa4 c:/nxp/lpcxpresso_8.0.0_526/lpcxpresso/tools/bin/../lib/gcc/arm-none-eabi/4.9.3/../../../../arm-none-eabi/lib/armv7-m\libcr_c.a(initio.o)
                0x00004ba4                _initio
 .text._terminateio
                0x00004c48       0x44 c:/nxp/lpcxpresso_8.0.0_526/lpcxpresso/tools/bin/../lib/gcc/arm-none-eabi/4.9.3/../../../../arm-none-eabi/lib/armv7-m\libcr_c.a(initio.o)
                0x00004c48                _terminateio
 .text.__vfprintf
                0x00004c8c      0xcc0 c:/nxp/lpcxpresso_8.0.0_526/lpcxpresso/tools/bin/../lib/gcc/arm-none-eabi/4.9.3/../../../../arm-none-eabi/lib/armv7-m\libcr_c.a(printf.o)
                0x00004c8c                __vfprintf
 .text.remove   0x0000594c       0x14 c:/nxp/lpcxpresso_8.0.0_526/lpcxpresso/tools/bin/../lib/gcc/arm-none-eabi/4.9.3/../../../../arm-none-eabi/lib/armv7-m\libcr_c.a(remove.o)
                0x0000594c                remove
 .text.setvbuf  0x00005960       0x40 c:/nxp/lpcxpresso_8.0.0_526/lpcxpresso/tools/bin/../lib/gcc/arm-none-eabi/4.9.3/../../../../arm-none-eabi/lib/armv7-m\libcr_c.a(setvbuf.o)
                0x00005960                setvbuf
 .text.sin      0x000059a0       0x36 c:/nxp/lpcxpresso_8.0.0_526/lpcxpresso/tools/bin/../lib/gcc/arm-none-eabi/4.9.3/../../../../arm-none-eabi/lib/armv7-m\libcr_c.a(sin.o)
                0x000059a0                sin
 *fill*         0x000059d6        0x2 
 .text.sqrt     0x000059d8      0x134 c:/nxp/lpcxpresso_8.0.0_526/lpcxpresso/tools/bin/../lib/gcc/arm-none-eabi/4.9.3/../../../../arm-none-eabi/lib/armv7-m\libcr_c.a(sqrt.o)
                0x000059d8                sqrt
 .text.exit     0x00005b0c       0x2c c:/nxp/lpcxpresso_8.0.0_526/lpcxpresso/tools/bin/../lib/gcc/arm-none-eabi/4.9.3/../../../../arm-none-eabi/lib/armv7-m\libcr_c.a(stdlib.o)
                0x00005b0c                exit
 .text.strlen   0x00005b38       0x4a c:/nxp/lpcxpresso_8.0.0_526/lpcxpresso/tools/bin/../lib/gcc/arm-none-eabi/4.9.3/../../../../arm-none-eabi/lib/armv7-m\libcr_c.a(strlen.o)
                0x00005b38                strlen
 .text.strncpy  0x00005b82       0x58 c:/nxp/lpcxpresso_8.0.0_526/lpcxpresso/tools/bin/../lib/gcc/arm-none-eabi/4.9.3/../../../../arm-none-eabi/lib/armv7-m\libcr_c.a(strncpy.o)
                0x00005b82                strncpy
 .text._Csys_read_
                0x00005bda       0x22 c:/nxp/lpcxpresso_8.0.0_526/lpcxpresso/tools/bin/../lib/gcc/arm-none-eabi/4.9.3/../../../../arm-none-eabi/lib/armv7-m\libcr_c.a(__fillbuf.o)
                0x00005bda                _Csys_read_
 .text.__filbuf
                0x00005bfc      0x178 c:/nxp/lpcxpresso_8.0.0_526/lpcxpresso/tools/bin/../lib/gcc/arm-none-eabi/4.9.3/../../../../arm-none-eabi/lib/armv7-m\libcr_c.a(__fillbuf.o)
                0x00005bfc                __filbuf
 .text._fillb2  0x00005d74       0x1c c:/nxp/lpcxpresso_8.0.0_526/lpcxpresso/tools/bin/../lib/gcc/arm-none-eabi/4.9.3/../../../../arm-none-eabi/lib/armv7-m\libcr_c.a(__fillbuf.o)
                0x00005d74                _fillb2
 .text._sbrk    0x00005d90       0x40 c:/nxp/lpcxpresso_8.0.0_526/lpcxpresso/tools/bin/../lib/gcc/arm-none-eabi/4.9.3/../../../../arm-none-eabi/lib/armv7-m\libcr_c.a(_cr_sbrk.o)
                0x00005d90                _sbrk
 .text._deferredlazyseek
                0x00005dd0       0x44 c:/nxp/lpcxpresso_8.0.0_526/lpcxpresso/tools/bin/../lib/gcc/arm-none-eabi/4.9.3/../../../../arm-none-eabi/lib/armv7-m\libcr_c.a(_deferredlazyseek.o)
                0x00005dd0                _deferredlazyseek
 .text.__flsbuf
                0x00005e14      0x142 c:/nxp/lpcxpresso_8.0.0_526/lpcxpresso/tools/bin/../lib/gcc/arm-none-eabi/4.9.3/../../../../arm-none-eabi/lib/armv7-m\libcr_c.a(_deferredlazyseek.o)
                0x00005e14                __flsbuf
 .text._do_fflush
                0x00005f56       0x44 c:/nxp/lpcxpresso_8.0.0_526/lpcxpresso/tools/bin/../lib/gcc/arm-none-eabi/4.9.3/../../../../arm-none-eabi/lib/armv7-m\libcr_c.a(_do_fflush.o)
                0x00005f56                _do_fflush
 .text._fdopen  0x00005f9a       0x6a c:/nxp/lpcxpresso_8.0.0_526/lpcxpresso/tools/bin/../lib/gcc/arm-none-eabi/4.9.3/../../../../arm-none-eabi/lib/armv7-m\libcr_c.a(_fdopen.o)
                0x00005f9a                _fdopen
 .text._fflush  0x00006004       0x58 c:/nxp/lpcxpresso_8.0.0_526/lpcxpresso/tools/bin/../lib/gcc/arm-none-eabi/4.9.3/../../../../arm-none-eabi/lib/armv7-m\libcr_c.a(_fflush.o)
                0x00006004                _fflush
 .text._frexpl  0x0000605c       0x5a c:/nxp/lpcxpresso_8.0.0_526/lpcxpresso/tools/bin/../lib/gcc/arm-none-eabi/4.9.3/../../../../arm-none-eabi/lib/armv7-m\libcr_c.a(_frexpl.o)
                0x0000605c                _frexpl
 *fill*         0x000060b6        0x2 
 .text._ldexpl  0x000060b8       0x4c c:/nxp/lpcxpresso_8.0.0_526/lpcxpresso/tools/bin/../lib/gcc/arm-none-eabi/4.9.3/../../../../arm-none-eabi/lib/armv7-m\libcr_c.a(_ldexpl.o)
                0x000060b8                _ldexpl
 .text._Cread   0x00006104       0x8c c:/nxp/lpcxpresso_8.0.0_526/lpcxpresso/tools/bin/../lib/gcc/arm-none-eabi/4.9.3/../../../../arm-none-eabi/lib/armv7-m\libcr_c.a(_read.o)
                0x00006104                _Cread
 .text._sincos  0x00006190      0x204 c:/nxp/lpcxpresso_8.0.0_526/lpcxpresso/tools/bin/../lib/gcc/arm-none-eabi/4.9.3/../../../../arm-none-eabi/lib/armv7-m\libcr_c.a(_sincos.o)
                0x00006190                _sincos
 .text._Cwritebuf
                0x00006394       0x68 c:/nxp/lpcxpresso_8.0.0_526/lpcxpresso/tools/bin/../lib/gcc/arm-none-eabi/4.9.3/../../../../arm-none-eabi/lib/armv7-m\libcr_c.a(_writebuf.o)
                0x00006394                _Cwritebuf
 .text.fabs     0x000063fc       0x1e c:/nxp/lpcxpresso_8.0.0_526/lpcxpresso/tools/bin/../lib/gcc/arm-none-eabi/4.9.3/../../../../arm-none-eabi/lib/armv7-m\libcr_c.a(fabs.o)
                0x000063fc                fabs
 *fill*         0x0000641a        0x2 
 .text.__check_heap_overflow
                0x0000641c       0x18 c:/nxp/lpcxpresso_8.0.0_526/lpcxpresso/tools/bin/../lib/gcc/arm-none-eabi/4.9.3/../../../../arm-none-eabi/lib/armv7-m\libcr_c.a(_cr_check_heap.o)
                0x0000641c                __check_heap_overflow
 .text.__aeabi_dmul
                0x00006434      0x120 c:/nxp/lpcxpresso_8.0.0_526/lpcxpresso/tools/bin/../lib/gcc/arm-none-eabi/4.9.3/armv7-m\libcr_eabihelpers.a(double.o)
                0x00006434                __aeabi_dmul
 .text.__aeabi_ddiv
                0x00006554      0x150 c:/nxp/lpcxpresso_8.0.0_526/lpcxpresso/tools/bin/../lib/gcc/arm-none-eabi/4.9.3/armv7-m\libcr_eabihelpers.a(double.o)
                0x00006554                __aeabi_ddiv
 .text.__aeabi_dsub
                0x000066a4      0x1d8 c:/nxp/lpcxpresso_8.0.0_526/lpcxpresso/tools/bin/../lib/gcc/arm-none-eabi/4.9.3/armv7-m\libcr_eabihelpers.a(double.o)
                0x000066a4                __aeabi_dsub
 .text.__aeabi_dadd
                0x0000687c      0x134 c:/nxp/lpcxpresso_8.0.0_526/lpcxpresso/tools/bin/../lib/gcc/arm-none-eabi/4.9.3/armv7-m\libcr_eabihelpers.a(double.o)
                0x0000687c                __aeabi_dadd
 .text.__aeabi_d2f
                0x000069b0       0x5c c:/nxp/lpcxpresso_8.0.0_526/lpcxpresso/tools/bin/../lib/gcc/arm-none-eabi/4.9.3/armv7-m\libcr_eabihelpers.a(double.o)
                0x000069b0                __aeabi_d2f
 .text.__aeabi_d2iz
                0x00006a0c       0x40 c:/nxp/lpcxpresso_8.0.0_526/lpcxpresso/tools/bin/../lib/gcc/arm-none-eabi/4.9.3/armv7-m\libcr_eabihelpers.a(double.o)
                0x00006a0c                __aeabi_d2iz
 .text.__bhs_ui2d
                0x00006a4c       0x48 c:/nxp/lpcxpresso_8.0.0_526/lpcxpresso/tools/bin/../lib/gcc/arm-none-eabi/4.9.3/armv7-m\libcr_eabihelpers.a(double.o)
                0x00006a4c                __bhs_ui2d
 .text.__aeabi_i2d
                0x00006a94       0x14 c:/nxp/lpcxpresso_8.0.0_526/lpcxpresso/tools/bin/../lib/gcc/arm-none-eabi/4.9.3/armv7-m\libcr_eabihelpers.a(double.o)
                0x00006a94                __aeabi_i2d
 .text.__aeabi_dcmpeq
                0x00006aa8       0x2c c:/nxp/lpcxpresso_8.0.0_526/lpcxpresso/tools/bin/../lib/gcc/arm-none-eabi/4.9.3/armv7-m\libcr_eabihelpers.a(double.o)
                0x00006aa8                __aeabi_dcmpeq
 .text.__aeabi_dcmplt
                0x00006ad4       0x5c c:/nxp/lpcxpresso_8.0.0_526/lpcxpresso/tools/bin/../lib/gcc/arm-none-eabi/4.9.3/armv7-m\libcr_eabihelpers.a(double.o)
                0x00006ad4                __aeabi_dcmplt
 .text.__aeabi_dcmple
                0x00006b30       0x5c c:/nxp/lpcxpresso_8.0.0_526/lpcxpresso/tools/bin/../lib/gcc/arm-none-eabi/4.9.3/armv7-m\libcr_eabihelpers.a(double.o)
                0x00006b30                __aeabi_dcmple
 .text.__aeabi_dcmpge
                0x00006b8c       0x5c c:/nxp/lpcxpresso_8.0.0_526/lpcxpresso/tools/bin/../lib/gcc/arm-none-eabi/4.9.3/armv7-m\libcr_eabihelpers.a(double.o)
                0x00006b8c                __aeabi_dcmpge
 .text.__bhs_ui2f.part.0
                0x00006be8       0x20 c:/nxp/lpcxpresso_8.0.0_526/lpcxpresso/tools/bin/../lib/gcc/arm-none-eabi/4.9.3/armv7-m\libcr_eabihelpers.a(float.o)
 .text.__aeabi_fmul
                0x00006c08       0xc0 c:/nxp/lpcxpresso_8.0.0_526/lpcxpresso/tools/bin/../lib/gcc/arm-none-eabi/4.9.3/armv7-m\libcr_eabihelpers.a(float.o)
                0x00006c08                __aeabi_fmul
 .text.__aeabi_fsub
                0x00006cc8       0xec c:/nxp/lpcxpresso_8.0.0_526/lpcxpresso/tools/bin/../lib/gcc/arm-none-eabi/4.9.3/armv7-m\libcr_eabihelpers.a(float.o)
                0x00006cc8                __aeabi_fsub
 .text.__aeabi_fadd
                0x00006db4       0xb4 c:/nxp/lpcxpresso_8.0.0_526/lpcxpresso/tools/bin/../lib/gcc/arm-none-eabi/4.9.3/armv7-m\libcr_eabihelpers.a(float.o)
                0x00006db4                __aeabi_fadd
 .text.__aeabi_ui2f
                0x00006e68       0x10 c:/nxp/lpcxpresso_8.0.0_526/lpcxpresso/tools/bin/../lib/gcc/arm-none-eabi/4.9.3/armv7-m\libcr_eabihelpers.a(float.o)
                0x00006e68                __aeabi_ui2f
 .text.__aeabi_f2d
                0x00006e78       0x3c c:/nxp/lpcxpresso_8.0.0_526/lpcxpresso/tools/bin/../lib/gcc/arm-none-eabi/4.9.3/armv7-m\libcr_eabihelpers.a(float.o)
                0x00006e78                __aeabi_f2d
 .text.__aeabi_fcmplt
                0x00006eb4       0x3c c:/nxp/lpcxpresso_8.0.0_526/lpcxpresso/tools/bin/../lib/gcc/arm-none-eabi/4.9.3/armv7-m\libcr_eabihelpers.a(float.o)
                0x00006eb4                __aeabi_fcmplt
 .text.__aeabi_fcmpgt
                0x00006ef0       0x3c c:/nxp/lpcxpresso_8.0.0_526/lpcxpresso/tools/bin/../lib/gcc/arm-none-eabi/4.9.3/armv7-m\libcr_eabihelpers.a(float.o)
                0x00006ef0                __aeabi_fcmpgt
 .text.__aeabi_memcpy
                0x00006f2c       0x34 c:/nxp/lpcxpresso_8.0.0_526/lpcxpresso/tools/bin/../lib/gcc/arm-none-eabi/4.9.3/armv7-m\libcr_eabihelpers.a(memcpy.o)
                0x00006f2c                __aeabi_memcpy
                0x00006f36                __aeabi_memcpy8
                0x00006f36                __aeabi_memcpy4
 .text.__aeabi_memset_lowlevel
                0x00006f60       0x32 c:/nxp/lpcxpresso_8.0.0_526/lpcxpresso/tools/bin/../lib/gcc/arm-none-eabi/4.9.3/armv7-m\libcr_eabihelpers.a(memcpy.o)
                0x00006f60                __aeabi_lowlevel_memset
 *fill*         0x00006f92        0x2 
 .text.__sys_appexit
                0x00006f94        0xc c:/nxp/lpcxpresso_8.0.0_526/lpcxpresso/tools/bin/../lib/gcc/arm-none-eabi/4.9.3/../../../../arm-none-eabi/lib/armv7-m\libcr_semihost.a(__sys_appexit.o)
                0x00006f94                __sys_appexit
                0x00006f94                __exit
 .text.__sys_close
                0x00006fa0        0xc c:/nxp/lpcxpresso_8.0.0_526/lpcxpresso/tools/bin/../lib/gcc/arm-none-eabi/4.9.3/../../../../arm-none-eabi/lib/armv7-m\libcr_semihost.a(__sys_close.o)
                0x00006fa0                __sys_close
 .text.__sys_flen
                0x00006fac        0xc c:/nxp/lpcxpresso_8.0.0_526/lpcxpresso/tools/bin/../lib/gcc/arm-none-eabi/4.9.3/../../../../arm-none-eabi/lib/armv7-m\libcr_semihost.a(__sys_flen.o)
                0x00006fac                __sys_flen
 .text.__sys_istty
                0x00006fb8        0xc c:/nxp/lpcxpresso_8.0.0_526/lpcxpresso/tools/bin/../lib/gcc/arm-none-eabi/4.9.3/../../../../arm-none-eabi/lib/armv7-m\libcr_semihost.a(__sys_istty.o)
                0x00006fb8                __sys_istty
 .text.__sys_open
                0x00006fc4        0xc c:/nxp/lpcxpresso_8.0.0_526/lpcxpresso/tools/bin/../lib/gcc/arm-none-eabi/4.9.3/../../../../arm-none-eabi/lib/armv7-m\libcr_semihost.a(__sys_open.o)
                0x00006fc4                __sys_open
 .text.__sys_read
                0x00006fd0        0xc c:/nxp/lpcxpresso_8.0.0_526/lpcxpresso/tools/bin/../lib/gcc/arm-none-eabi/4.9.3/../../../../arm-none-eabi/lib/armv7-m\libcr_semihost.a(__sys_read.o)
                0x00006fd0                __sys_read
 .text.__sys_readc
                0x00006fdc        0x8 c:/nxp/lpcxpresso_8.0.0_526/lpcxpresso/tools/bin/../lib/gcc/arm-none-eabi/4.9.3/../../../../arm-none-eabi/lib/armv7-m\libcr_semihost.a(__sys_readc.o)
                0x00006fdc                __sys_readc
                0x00006fdc                __readc
 .text.__sys_remove
                0x00006fe4        0xc c:/nxp/lpcxpresso_8.0.0_526/lpcxpresso/tools/bin/../lib/gcc/arm-none-eabi/4.9.3/../../../../arm-none-eabi/lib/armv7-m\libcr_semihost.a(__sys_remove.o)
                0x00006fe4                __sys_remove
 .text.__sys_seek
                0x00006ff0        0xc c:/nxp/lpcxpresso_8.0.0_526/lpcxpresso/tools/bin/../lib/gcc/arm-none-eabi/4.9.3/../../../../arm-none-eabi/lib/armv7-m\libcr_semihost.a(__sys_seek.o)
                0x00006ff0                __sys_seek
 .text.__sys_tmpnam
                0x00006ffc        0xc c:/nxp/lpcxpresso_8.0.0_526/lpcxpresso/tools/bin/../lib/gcc/arm-none-eabi/4.9.3/../../../../arm-none-eabi/lib/armv7-m\libcr_semihost.a(__sys_tmpnam.o)
                0x00006ffc                __sys_tmpnam
 .text.__sys_write
                0x00007008        0xc c:/nxp/lpcxpresso_8.0.0_526/lpcxpresso/tools/bin/../lib/gcc/arm-none-eabi/4.9.3/../../../../arm-none-eabi/lib/armv7-m\libcr_semihost.a(__sys_write.o)
                0x00007008                __sys_write
                0x00007008                __write
 *(.rodata .rodata.* .constdata .constdata.*)
 .rodata.freq   0x00007014       0x10 ./src/dtmf_detection.o
 .rodata        0x00007024       0x33 ./src/dtmf_detection.o
 *fill*         0x00007057        0x1 
 .rodata        0x00007058      0x183 ./src/tp2_cat_and_mouse.o
 *fill*         0x000071db        0x1 
 .rodata        0x000071dc       0x56 ./src/trace_mgt.o
 *fill*         0x00007232        0x2 
 .rodata        0x00007234        0x5 ./FreeRTOS_src/tasks.o
 *fill*         0x00007239        0x3 
 .rodata        0x0000723c      0x19b C:\Users\Vincent\Documents\LPCXpresso_5.2.6_2137\w_exercices\MyLab_lib\Debug\libMylab_lib.a(lcd.o)
 *fill*         0x000073d7        0x1 
 .rodata.SmallFont
                0x000073d8      0x478 C:\Users\Vincent\Documents\LPCXpresso_5.2.6_2137\w_exercices\MyLab_lib\Debug\libMylab_lib.a(fonts.o)
                0x000073d8                SmallFont
 .rodata.BigFont
                0x00007850      0xbe4 C:\Users\Vincent\Documents\LPCXpresso_5.2.6_2137\w_exercices\MyLab_lib\Debug\libMylab_lib.a(fonts.o)
                0x00007850                BigFont
 .rodata.str1.1
                0x00008434       0x18 c:/nxp/lpcxpresso_8.0.0_526/lpcxpresso/tools/bin/../lib/gcc/arm-none-eabi/4.9.3/../../../../arm-none-eabi/lib/armv7-m\libcr_c.a(alloc.o)
 .rodata.str1.1
                0x0000844c       0x34 c:/nxp/lpcxpresso_8.0.0_526/lpcxpresso/tools/bin/../lib/gcc/arm-none-eabi/4.9.3/../../../../arm-none-eabi/lib/armv7-m\libcr_c.a(fpprintf.o)
                                 0x35 (size before relaxing)
 .rodata.str1.1
                0x00008480        0x4 c:/nxp/lpcxpresso_8.0.0_526/lpcxpresso/tools/bin/../lib/gcc/arm-none-eabi/4.9.3/../../../../arm-none-eabi/lib/armv7-m\libcr_c.a(initio.o)
 .rodata.str1.1
                0x00008484       0x31 c:/nxp/lpcxpresso_8.0.0_526/lpcxpresso/tools/bin/../lib/gcc/arm-none-eabi/4.9.3/../../../../arm-none-eabi/lib/armv7-m\libcr_c.a(printf.o)
                                 0x38 (size before relaxing)
 *fill*         0x000084b5        0x3 
 .rodata.__huge_val
                0x000084b8        0x8 c:/nxp/lpcxpresso_8.0.0_526/lpcxpresso/tools/bin/../lib/gcc/arm-none-eabi/4.9.3/../../../../arm-none-eabi/lib/armv7-m\libcr_c.a(_hugeval.o)
                0x000084b8                __huge_val
 .rodata.__huge_vall
                0x000084c0        0x8 c:/nxp/lpcxpresso_8.0.0_526/lpcxpresso/tools/bin/../lib/gcc/arm-none-eabi/4.9.3/../../../../arm-none-eabi/lib/armv7-m\libcr_c.a(_hugeval.o)
                0x000084c0                __huge_vall
                0x000084c8                . = ALIGN (0x4)

.glue_7         0x000084c8        0x0
 .glue_7        0x00000000        0x0 linker stubs

.glue_7t        0x000084c8        0x0
 .glue_7t       0x00000000        0x0 linker stubs

.vfp11_veneer   0x000084c8        0x0
 .vfp11_veneer  0x00000000        0x0 linker stubs

.v4_bx          0x000084c8        0x0
 .v4_bx         0x00000000        0x0 linker stubs

.iplt           0x000084c8        0x0
 .iplt          0x00000000        0x0 ./src/cat.o

.rel.dyn        0x000084c8        0x0
 .rel.iplt      0x00000000        0x0 ./src/cat.o

.ARM.extab
 *(.ARM.extab* .gnu.linkonce.armextab.*)
                0x000084c8                __exidx_start = .

.ARM.exidx
 *(.ARM.exidx* .gnu.linkonce.armexidx.*)
                0x000084c8                __exidx_end = .
                0x000084c8                _etext = .

.data_RAM2      0x2007c000        0x8 load address 0x000084c8
 FILL mask 0xff
                0x2007c000                PROVIDE (__start_data_RAM2, .)
 *(.ramfunc.$RAM2)
 *(.ramfunc.$RamAHB32)
 *(.data.$RAM2*)
 .data.$RAM2    0x2007c000        0x4 ./src/dtmf_detection.o
 .data.$RAM2    0x2007c004        0x4 C:\Users\Vincent\Documents\LPCXpresso_5.2.6_2137\w_exercices\MyLab_lib\Debug\libMylab_lib.a(read_adc_dma.o)
                0x2007c004                buf
 *(.data.$RamAHB32*)
                0x2007c008                . = ALIGN (0x4)
                0x2007c008                PROVIDE (__end_data_RAM2, .)

.uninit_RESERVED
                0x10000000        0x0
 *(.bss.$RESERVED*)
                0x10000000                . = ALIGN (0x4)
                0x10000000                _end_uninit_RESERVED = .

.data           0x10000000     0x32f0 load address 0x000084d0
 FILL mask 0xff
                0x10000000                _data = .
 *(vtable)
 *(.ramfunc*)
 *(.data*)
 .data          0x10000000     0x3200 ./src/dtmf_detection.o
 .data.previous_id_in
                0x10003200        0x4 ./FreeRTOS_src/tasks.o
 .data.xNextTaskUnblockTime
                0x10003204        0x4 ./FreeRTOS_src/tasks.o
 .data.xFreeBytesRemaining
                0x10003208        0x4 ./FreeRTOS_portable/MemMang/heap_2.o
 .data.uxCriticalNesting
                0x1000320c        0x4 ./FreeRTOS_portable/port.o
 .data.olds     0x10003210       0xdc C:\Users\Vincent\Documents\LPCXpresso_5.2.6_2137\w_exercices\MyLab_lib\Debug\libMylab_lib.a(custom_rand.o)
                0x10003210                olds
 .data.SystemCoreClock
                0x100032ec        0x4 C:\Users\Vincent\Documents\LPCXpresso_5.2.6_2137\w_exercices\CMSISv2p00_LPC17xx\Debug\libCMSISv2p00_LPC17xx.a(system_LPC17xx.o)
                0x100032ec                SystemCoreClock
                0x100032f0                . = ALIGN (0x4)
                0x100032f0                _edata = .

.igot.plt       0x100032f0        0x0 load address 0x0000b7c0
 .igot.plt      0x00000000        0x0 ./src/cat.o

.bss_RAM2       0x2007c008        0x0
                0x2007c008                PROVIDE (__start_bss_RAM2, .)
 *(.bss.$RAM2*)
 *(.bss.$RamAHB32*)
                0x2007c008                . = ALIGN ((. != 0x0)?0x4:0x1)
                0x2007c008                PROVIDE (__end_bss_RAM2, .)

.bss            0x100032f0     0x2b8c
                0x100032f0                _bss = .
 *(.bss*)
 .bss.gpio_int_clr
                0x100032f0        0x4 ./src/gpio.o
 .bss.irq_callback_g
                0x100032f4        0x4 ./src/gpio.o
 .bss.sprites.5901
                0x100032f8       0x48 ./src/tp2_cat_and_mouse.o
 .bss.write_idx
                0x10003340        0x4 ./src/trace_mgt.o
                0x10003340                write_idx
 .bss.read_idx  0x10003344        0x4 ./src/trace_mgt.o
                0x10003344                read_idx
 .bss.pxCurrentTCB
                0x10003348        0x4 ./FreeRTOS_src/tasks.o
                0x10003348                pxCurrentTCB
 .bss.pxReadyTasksLists
                0x1000334c       0x64 ./FreeRTOS_src/tasks.o
 .bss.xDelayedTaskList1
                0x100033b0       0x14 ./FreeRTOS_src/tasks.o
 .bss.xDelayedTaskList2
                0x100033c4       0x14 ./FreeRTOS_src/tasks.o
 .bss.pxDelayedTaskList
                0x100033d8        0x4 ./FreeRTOS_src/tasks.o
 .bss.pxOverflowDelayedTaskList
                0x100033dc        0x4 ./FreeRTOS_src/tasks.o
 .bss.xPendingReadyList
                0x100033e0       0x14 ./FreeRTOS_src/tasks.o
 .bss.xTasksWaitingTermination
                0x100033f4       0x14 ./FreeRTOS_src/tasks.o
 .bss.uxTasksDeleted
                0x10003408        0x4 ./FreeRTOS_src/tasks.o
 .bss.xSuspendedTaskList
                0x1000340c       0x14 ./FreeRTOS_src/tasks.o
 .bss.uxCurrentNumberOfTasks
                0x10003420        0x4 ./FreeRTOS_src/tasks.o
 .bss.xTickCount
                0x10003424        0x4 ./FreeRTOS_src/tasks.o
 .bss.uxTopUsedPriority
                0x10003428        0x4 ./FreeRTOS_src/tasks.o
 .bss.uxTopReadyPriority
                0x1000342c        0x4 ./FreeRTOS_src/tasks.o
 .bss.xSchedulerRunning
                0x10003430        0x4 ./FreeRTOS_src/tasks.o
 .bss.uxSchedulerSuspended
                0x10003434        0x4 ./FreeRTOS_src/tasks.o
 .bss.uxMissedTicks
                0x10003438        0x4 ./FreeRTOS_src/tasks.o
 .bss.xMissedYield
                0x1000343c        0x4 ./FreeRTOS_src/tasks.o
 .bss.xNumOfOverflows
                0x10003440        0x4 ./FreeRTOS_src/tasks.o
 .bss.uxTaskNumber
                0x10003444        0x4 ./FreeRTOS_src/tasks.o
 .bss.xHeap     0x10003448     0x2000 ./FreeRTOS_portable/MemMang/heap_2.o
 .bss.xStart    0x10005448        0x8 ./FreeRTOS_portable/MemMang/heap_2.o
 .bss.xEnd      0x10005450        0x8 ./FreeRTOS_portable/MemMang/heap_2.o
 .bss.xHeapHasBeenInitialised.4072
                0x10005458        0x4 ./FreeRTOS_portable/MemMang/heap_2.o
 .bss.buffer_end_func
                0x1000545c        0x4 C:\Users\Vincent\Documents\LPCXpresso_5.2.6_2137\w_exercices\MyLab_lib\Debug\libMylab_lib.a(read_adc_dma.o)
 .bss.buf_index
                0x10005460        0x4 C:\Users\Vincent\Documents\LPCXpresso_5.2.6_2137\w_exercices\MyLab_lib\Debug\libMylab_lib.a(read_adc_dma.o)
 .bss.buf_length
                0x10005464        0x4 C:\Users\Vincent\Documents\LPCXpresso_5.2.6_2137\w_exercices\MyLab_lib\Debug\libMylab_lib.a(read_adc_dma.o)
 .bss.dma_list1
                0x10005468       0x10 C:\Users\Vincent\Documents\LPCXpresso_5.2.6_2137\w_exercices\MyLab_lib\Debug\libMylab_lib.a(read_adc_dma.o)
 .bss.dma_list2
                0x10005478       0x10 C:\Users\Vincent\Documents\LPCXpresso_5.2.6_2137\w_exercices\MyLab_lib\Debug\libMylab_lib.a(read_adc_dma.o)
 .bss.errno     0x10005488        0x4 c:/nxp/lpcxpresso_8.0.0_526/lpcxpresso/tools/bin/../lib/gcc/arm-none-eabi/4.9.3/../../../../arm-none-eabi/lib/armv7-m\libcr_c.a(errno.o)
                0x10005488                errno
 *(COMMON)
 COMMON         0x1000548c       0x14 ./src/tp2_cat_and_mouse.o
                0x1000548c                reset_mouse_pos_sem
                0x10005490                mouse_obj_queue
                0x10005494                buf_full_queue
                0x10005498                cat_obj_queue
                0x1000549c                reset_cat_pos_sem
 COMMON         0x100054a0      0x800 ./src/trace_mgt.o
                0x100054a0                trace_buffer
 COMMON         0x10005ca0        0x8 C:\Users\Vincent\Documents\LPCXpresso_5.2.6_2137\w_exercices\MyLab_lib\Debug\libMylab_lib.a(custom_rand.o)
                0x10005ca0                _j
                0x10005ca4                _k
 COMMON         0x10005ca8        0x4 c:/nxp/lpcxpresso_8.0.0_526/lpcxpresso/tools/bin/../lib/gcc/arm-none-eabi/4.9.3/../../../../arm-none-eabi/lib/armv7-m\libcr_c.a(initio.o)
                0x10005ca8                _extra
 COMMON         0x10005cac      0x140 c:/nxp/lpcxpresso_8.0.0_526/lpcxpresso/tools/bin/../lib/gcc/arm-none-eabi/4.9.3/../../../../arm-none-eabi/lib/armv7-m\libcr_c.a(stdio.o)
                0x10005cac                __Ciob
 COMMON         0x10005dec       0x88 c:/nxp/lpcxpresso_8.0.0_526/lpcxpresso/tools/bin/../lib/gcc/arm-none-eabi/4.9.3/../../../../arm-none-eabi/lib/armv7-m\libcr_c.a(stdlib.o)
                0x10005dec                _exitvector
                0x10005e70                _number_of_exit_functions
 COMMON         0x10005e74        0x8 c:/nxp/lpcxpresso_8.0.0_526/lpcxpresso/tools/bin/../lib/gcc/arm-none-eabi/4.9.3/../../../../arm-none-eabi/lib/armv7-m\libcr_c.a(__init_alloc.o)
                0x10005e74                __heaps
                0x10005e78                __end_of_heap
                0x10005e7c                . = ALIGN (0x4)
                0x10005e7c                _ebss = .
                0x10005e7c                PROVIDE (end, .)

.noinit_RAM2    0x2007c008        0x0
 *(.noinit.$RAM2*)
 *(.noinit.$RamAHB32*)
                0x2007c008                . = ALIGN (0x4)

.noinit         0x10005e7c        0x0
                0x10005e7c                _noinit = .
 *(.noinit*)
                0x10005e7c                . = ALIGN (0x4)
                0x10005e7c                _end_noinit = .
                0x10005e7c                PROVIDE (_pvHeapStart, DEFINED (__user_heap_base)?__user_heap_base:.)
                0x10008000                PROVIDE (_vStackTop, DEFINED (__user_stack_top)?__user_stack_top:(__top_RamLoc32 - 0x0))
                0xefff74b2                PROVIDE (__valid_user_code_checksum, (0x0 - ((((((_vStackTop + (ResetISR + 0x1)) + (NMI_Handler + 0x1)) + (HardFault_Handler + 0x1)) + (DEFINED (MemManage_Handler)?MemManage_Handler:0x0 + 0x1)) + (DEFINED (BusFault_Handler)?BusFault_Handler:0x0 + 0x1)) + (DEFINED (UsageFault_Handler)?UsageFault_Handler:0x0 + 0x1))))
OUTPUT(TP2_cat_and_mouse.axf elf32-littlearm)

.debug_info     0x00000000     0x7e2d
 .debug_info    0x00000000      0x54b ./src/cat.o
 .debug_info    0x0000054b      0x254 ./src/cr_startup_lpc17.o
 .debug_info    0x0000079f      0x264 ./src/dtmf_detection.o
 .debug_info    0x00000a03      0xa39 ./src/gpio.o
 .debug_info    0x0000143c      0x5d9 ./src/mouse.o
 .debug_info    0x00001a15      0x6da ./src/tp2_cat_and_mouse.o
 .debug_info    0x000020ef      0x5bb ./src/trace_mgt.o
 .debug_info    0x000026aa      0x688 ./src/uart.o
 .debug_info    0x00002d32      0x264 ./FreeRTOS_src/list.o
 .debug_info    0x00002f96      0x859 ./FreeRTOS_src/queue.o
 .debug_info    0x000037ef      0xccd ./FreeRTOS_src/tasks.o
 .debug_info    0x000044bc      0x295 ./FreeRTOS_portable/MemMang/heap_2.o
 .debug_info    0x00004751      0x1c6 ./FreeRTOS_portable/port.o
 .debug_info    0x00004917      0x126 C:\Users\Vincent\Documents\LPCXpresso_5.2.6_2137\w_exercices\MyLab_lib\Debug\libMylab_lib.a(custom_rand.o)
 .debug_info    0x00004a3d      0x9cb C:\Users\Vincent\Documents\LPCXpresso_5.2.6_2137\w_exercices\MyLab_lib\Debug\libMylab_lib.a(ethmac.o)
 .debug_info    0x00005408     0x10ee C:\Users\Vincent\Documents\LPCXpresso_5.2.6_2137\w_exercices\MyLab_lib\Debug\libMylab_lib.a(lcd.o)
 .debug_info    0x000064f6      0x9c4 C:\Users\Vincent\Documents\LPCXpresso_5.2.6_2137\w_exercices\MyLab_lib\Debug\libMylab_lib.a(read_adc_dma.o)
 .debug_info    0x00006eba      0x5d3 C:\Users\Vincent\Documents\LPCXpresso_5.2.6_2137\w_exercices\MyLab_lib\Debug\libMylab_lib.a(ssp.o)
 .debug_info    0x0000748d      0x5e3 C:\Users\Vincent\Documents\LPCXpresso_5.2.6_2137\w_exercices\MyLab_lib\Debug\libMylab_lib.a(adc.o)
 .debug_info    0x00007a70       0xa5 C:\Users\Vincent\Documents\LPCXpresso_5.2.6_2137\w_exercices\MyLab_lib\Debug\libMylab_lib.a(fonts.o)
 .debug_info    0x00007b15      0x318 C:\Users\Vincent\Documents\LPCXpresso_5.2.6_2137\w_exercices\CMSISv2p00_LPC17xx\Debug\libCMSISv2p00_LPC17xx.a(system_LPC17xx.o)

.debug_abbrev   0x00000000     0x1d66
 .debug_abbrev  0x00000000      0x137 ./src/cat.o
 .debug_abbrev  0x00000137      0x100 ./src/cr_startup_lpc17.o
 .debug_abbrev  0x00000237      0x126 ./src/dtmf_detection.o
 .debug_abbrev  0x0000035d      0x208 ./src/gpio.o
 .debug_abbrev  0x00000565      0x160 ./src/mouse.o
 .debug_abbrev  0x000006c5      0x19b ./src/tp2_cat_and_mouse.o
 .debug_abbrev  0x00000860      0x1c0 ./src/trace_mgt.o
 .debug_abbrev  0x00000a20      0x16c ./src/uart.o
 .debug_abbrev  0x00000b8c       0xbf ./FreeRTOS_src/list.o
 .debug_abbrev  0x00000c4b      0x1bb ./FreeRTOS_src/queue.o
 .debug_abbrev  0x00000e06      0x1fd ./FreeRTOS_src/tasks.o
 .debug_abbrev  0x00001003      0x16b ./FreeRTOS_portable/MemMang/heap_2.o
 .debug_abbrev  0x0000116e      0x11d ./FreeRTOS_portable/port.o
 .debug_abbrev  0x0000128b       0xc2 C:\Users\Vincent\Documents\LPCXpresso_5.2.6_2137\w_exercices\MyLab_lib\Debug\libMylab_lib.a(custom_rand.o)
 .debug_abbrev  0x0000134d      0x205 C:\Users\Vincent\Documents\LPCXpresso_5.2.6_2137\w_exercices\MyLab_lib\Debug\libMylab_lib.a(ethmac.o)
 .debug_abbrev  0x00001552      0x25b C:\Users\Vincent\Documents\LPCXpresso_5.2.6_2137\w_exercices\MyLab_lib\Debug\libMylab_lib.a(lcd.o)
 .debug_abbrev  0x000017ad      0x1d9 C:\Users\Vincent\Documents\LPCXpresso_5.2.6_2137\w_exercices\MyLab_lib\Debug\libMylab_lib.a(read_adc_dma.o)
 .debug_abbrev  0x00001986      0x163 C:\Users\Vincent\Documents\LPCXpresso_5.2.6_2137\w_exercices\MyLab_lib\Debug\libMylab_lib.a(ssp.o)
 .debug_abbrev  0x00001ae9      0x14f C:\Users\Vincent\Documents\LPCXpresso_5.2.6_2137\w_exercices\MyLab_lib\Debug\libMylab_lib.a(adc.o)
 .debug_abbrev  0x00001c38       0x48 C:\Users\Vincent\Documents\LPCXpresso_5.2.6_2137\w_exercices\MyLab_lib\Debug\libMylab_lib.a(fonts.o)
 .debug_abbrev  0x00001c80       0xe6 C:\Users\Vincent\Documents\LPCXpresso_5.2.6_2137\w_exercices\CMSISv2p00_LPC17xx\Debug\libCMSISv2p00_LPC17xx.a(system_LPC17xx.o)

.debug_aranges  0x00000000      0x6f0
 .debug_aranges
                0x00000000       0x20 ./src/cat.o
 .debug_aranges
                0x00000020       0x68 ./src/cr_startup_lpc17.o
 .debug_aranges
                0x00000088       0x30 ./src/dtmf_detection.o
 .debug_aranges
                0x000000b8       0x40 ./src/gpio.o
 .debug_aranges
                0x000000f8       0x28 ./src/mouse.o
 .debug_aranges
                0x00000120       0x48 ./src/tp2_cat_and_mouse.o
 .debug_aranges
                0x00000168       0x38 ./src/trace_mgt.o
 .debug_aranges
                0x000001a0       0x28 ./src/uart.o
 .debug_aranges
                0x000001c8       0x40 ./FreeRTOS_src/list.o
 .debug_aranges
                0x00000208       0xb8 ./FreeRTOS_src/queue.o
 .debug_aranges
                0x000002c0      0x120 ./FreeRTOS_src/tasks.o
 .debug_aranges
                0x000003e0       0x38 ./FreeRTOS_portable/MemMang/heap_2.o
 .debug_aranges
                0x00000418       0x70 ./FreeRTOS_portable/port.o
 .debug_aranges
                0x00000488       0x28 C:\Users\Vincent\Documents\LPCXpresso_5.2.6_2137\w_exercices\MyLab_lib\Debug\libMylab_lib.a(custom_rand.o)
 .debug_aranges
                0x000004b0       0x68 C:\Users\Vincent\Documents\LPCXpresso_5.2.6_2137\w_exercices\MyLab_lib\Debug\libMylab_lib.a(ethmac.o)
 .debug_aranges
                0x00000518       0xf8 C:\Users\Vincent\Documents\LPCXpresso_5.2.6_2137\w_exercices\MyLab_lib\Debug\libMylab_lib.a(lcd.o)
 .debug_aranges
                0x00000610       0x38 C:\Users\Vincent\Documents\LPCXpresso_5.2.6_2137\w_exercices\MyLab_lib\Debug\libMylab_lib.a(read_adc_dma.o)
 .debug_aranges
                0x00000648       0x38 C:\Users\Vincent\Documents\LPCXpresso_5.2.6_2137\w_exercices\MyLab_lib\Debug\libMylab_lib.a(ssp.o)
 .debug_aranges
                0x00000680       0x30 C:\Users\Vincent\Documents\LPCXpresso_5.2.6_2137\w_exercices\MyLab_lib\Debug\libMylab_lib.a(adc.o)
 .debug_aranges
                0x000006b0       0x18 C:\Users\Vincent\Documents\LPCXpresso_5.2.6_2137\w_exercices\MyLab_lib\Debug\libMylab_lib.a(fonts.o)
 .debug_aranges
                0x000006c8       0x28 C:\Users\Vincent\Documents\LPCXpresso_5.2.6_2137\w_exercices\CMSISv2p00_LPC17xx\Debug\libCMSISv2p00_LPC17xx.a(system_LPC17xx.o)

.debug_ranges   0x00000000      0x598
 .debug_ranges  0x00000000       0x10 ./src/cat.o
 .debug_ranges  0x00000010       0x58 ./src/cr_startup_lpc17.o
 .debug_ranges  0x00000068       0x20 ./src/dtmf_detection.o
 .debug_ranges  0x00000088       0x30 ./src/gpio.o
 .debug_ranges  0x000000b8       0x18 ./src/mouse.o
 .debug_ranges  0x000000d0       0x38 ./src/tp2_cat_and_mouse.o
 .debug_ranges  0x00000108       0x28 ./src/trace_mgt.o
 .debug_ranges  0x00000130       0x18 ./src/uart.o
 .debug_ranges  0x00000148       0x30 ./FreeRTOS_src/list.o
 .debug_ranges  0x00000178       0xa8 ./FreeRTOS_src/queue.o
 .debug_ranges  0x00000220      0x110 ./FreeRTOS_src/tasks.o
 .debug_ranges  0x00000330       0x28 ./FreeRTOS_portable/MemMang/heap_2.o
 .debug_ranges  0x00000358       0x60 ./FreeRTOS_portable/port.o
 .debug_ranges  0x000003b8       0x18 C:\Users\Vincent\Documents\LPCXpresso_5.2.6_2137\w_exercices\MyLab_lib\Debug\libMylab_lib.a(custom_rand.o)
 .debug_ranges  0x000003d0       0x58 C:\Users\Vincent\Documents\LPCXpresso_5.2.6_2137\w_exercices\MyLab_lib\Debug\libMylab_lib.a(ethmac.o)
 .debug_ranges  0x00000428       0xe8 C:\Users\Vincent\Documents\LPCXpresso_5.2.6_2137\w_exercices\MyLab_lib\Debug\libMylab_lib.a(lcd.o)
 .debug_ranges  0x00000510       0x28 C:\Users\Vincent\Documents\LPCXpresso_5.2.6_2137\w_exercices\MyLab_lib\Debug\libMylab_lib.a(read_adc_dma.o)
 .debug_ranges  0x00000538       0x28 C:\Users\Vincent\Documents\LPCXpresso_5.2.6_2137\w_exercices\MyLab_lib\Debug\libMylab_lib.a(ssp.o)
 .debug_ranges  0x00000560       0x20 C:\Users\Vincent\Documents\LPCXpresso_5.2.6_2137\w_exercices\MyLab_lib\Debug\libMylab_lib.a(adc.o)
 .debug_ranges  0x00000580       0x18 C:\Users\Vincent\Documents\LPCXpresso_5.2.6_2137\w_exercices\CMSISv2p00_LPC17xx\Debug\libCMSISv2p00_LPC17xx.a(system_LPC17xx.o)

.debug_macro    0x00000000     0x4fd8
 .debug_macro   0x00000000      0x19b ./src/cat.o
 .debug_macro   0x0000019b      0x880 ./src/cat.o
 .debug_macro   0x00000a1b       0x82 ./src/cat.o
 .debug_macro   0x00000a9d       0x10 ./src/cat.o
 .debug_macro   0x00000aad      0x12d ./src/cat.o
 .debug_macro   0x00000bda      0x5b2 ./src/cat.o
 .debug_macro   0x0000118c       0xa0 ./src/cat.o
 .debug_macro   0x0000122c       0xc4 ./src/cat.o
 .debug_macro   0x000012f0       0x22 ./src/cat.o
 .debug_macro   0x00001312       0x1c ./src/cat.o
 .debug_macro   0x0000132e       0x2e ./src/cat.o
 .debug_macro   0x0000135c       0x18 ./src/cat.o
 .debug_macro   0x00001374      0x7af ./src/cat.o
 .debug_macro   0x00001b23      0x2c7 ./src/cat.o
 .debug_macro   0x00001dea       0x10 ./src/cat.o
 .debug_macro   0x00001dfa       0x46 ./src/cat.o
 .debug_macro   0x00001e40      0x150 ./src/cat.o
 .debug_macro   0x00001f90       0xa3 ./src/cat.o
 .debug_macro   0x00002033       0x12 ./src/cat.o
 .debug_macro   0x00002045       0x1f ./src/cat.o
 .debug_macro   0x00002064      0x177 ./src/cat.o
 .debug_macro   0x000021db       0x49 ./src/cat.o
 .debug_macro   0x00002224       0x57 ./src/cat.o
 .debug_macro   0x0000227b       0x6a ./src/cat.o
 .debug_macro   0x000022e5       0x62 ./src/cat.o
 .debug_macro   0x00002347       0x10 ./src/cat.o
 .debug_macro   0x00002357       0x1c ./src/cat.o
 .debug_macro   0x00002373       0x28 ./src/cat.o
 .debug_macro   0x0000239b       0x1c ./src/cat.o
 .debug_macro   0x000023b7       0xc2 ./src/cat.o
 .debug_macro   0x00002479       0x52 ./src/cr_startup_lpc17.o
 .debug_macro   0x000024cb      0x1a3 ./src/dtmf_detection.o
 .debug_macro   0x0000266e       0x9a ./src/dtmf_detection.o
 .debug_macro   0x00002708       0x2e ./src/dtmf_detection.o
 .debug_macro   0x00002736       0x10 ./src/dtmf_detection.o
 .debug_macro   0x00002746       0x8e ./src/gpio.o
 .debug_macro   0x000027d4      0x182 ./src/mouse.o
 .debug_macro   0x00002956       0x16 ./src/mouse.o
 .debug_macro   0x0000296c      0x150 ./src/mouse.o
 .debug_macro   0x00002abc       0x22 ./src/mouse.o
 .debug_macro   0x00002ade       0x16 ./src/mouse.o
 .debug_macro   0x00002af4      0x1d7 ./src/tp2_cat_and_mouse.o
 .debug_macro   0x00002ccb      0x5c3 ./src/tp2_cat_and_mouse.o
 .debug_macro   0x0000328e       0x22 ./src/tp2_cat_and_mouse.o
 .debug_macro   0x000032b0       0x28 ./src/tp2_cat_and_mouse.o
 .debug_macro   0x000032d8      0x156 ./src/trace_mgt.o
 .debug_macro   0x0000342e       0x28 ./src/trace_mgt.o
 .debug_macro   0x00003456       0x85 ./src/uart.o
 .debug_macro   0x000034db       0x9d ./FreeRTOS_src/list.o
 .debug_macro   0x00003578      0x11e ./FreeRTOS_src/queue.o
 .debug_macro   0x00003696      0x130 ./FreeRTOS_src/tasks.o
 .debug_macro   0x000037c6       0x61 ./FreeRTOS_src/tasks.o
 .debug_macro   0x00003827       0x16 ./FreeRTOS_src/tasks.o
 .debug_macro   0x0000383d       0xcb ./FreeRTOS_portable/MemMang/heap_2.o
 .debug_macro   0x00003908       0xda ./FreeRTOS_portable/port.o
 .debug_macro   0x000039e2       0x46 C:\Users\Vincent\Documents\LPCXpresso_5.2.6_2137\w_exercices\MyLab_lib\Debug\libMylab_lib.a(custom_rand.o)
 .debug_macro   0x00003a28      0x886 C:\Users\Vincent\Documents\LPCXpresso_5.2.6_2137\w_exercices\MyLab_lib\Debug\libMylab_lib.a(custom_rand.o)
 .debug_macro   0x000042ae       0xa9 C:\Users\Vincent\Documents\LPCXpresso_5.2.6_2137\w_exercices\MyLab_lib\Debug\libMylab_lib.a(ethmac.o)
 .debug_macro   0x00004357       0xf8 C:\Users\Vincent\Documents\LPCXpresso_5.2.6_2137\w_exercices\MyLab_lib\Debug\libMylab_lib.a(lcd.o)
 .debug_macro   0x0000444f       0x9a C:\Users\Vincent\Documents\LPCXpresso_5.2.6_2137\w_exercices\MyLab_lib\Debug\libMylab_lib.a(read_adc_dma.o)
 .debug_macro   0x000044e9       0x90 C:\Users\Vincent\Documents\LPCXpresso_5.2.6_2137\w_exercices\MyLab_lib\Debug\libMylab_lib.a(ssp.o)
 .debug_macro   0x00004579       0x22 C:\Users\Vincent\Documents\LPCXpresso_5.2.6_2137\w_exercices\MyLab_lib\Debug\libMylab_lib.a(ssp.o)
 .debug_macro   0x0000459b       0x84 C:\Users\Vincent\Documents\LPCXpresso_5.2.6_2137\w_exercices\MyLab_lib\Debug\libMylab_lib.a(adc.o)
 .debug_macro   0x0000461f       0x1a C:\Users\Vincent\Documents\LPCXpresso_5.2.6_2137\w_exercices\MyLab_lib\Debug\libMylab_lib.a(fonts.o)
 .debug_macro   0x00004639      0x12b C:\Users\Vincent\Documents\LPCXpresso_5.2.6_2137\w_exercices\CMSISv2p00_LPC17xx\Debug\libCMSISv2p00_LPC17xx.a(system_LPC17xx.o)
 .debug_macro   0x00004764      0x874 C:\Users\Vincent\Documents\LPCXpresso_5.2.6_2137\w_exercices\CMSISv2p00_LPC17xx\Debug\libCMSISv2p00_LPC17xx.a(system_LPC17xx.o)

.debug_line     0x00000000     0x4322
 .debug_line    0x00000000      0x3c7 ./src/cat.o
 .debug_line    0x000003c7      0x1e4 ./src/cr_startup_lpc17.o
 .debug_line    0x000005ab      0x437 ./src/dtmf_detection.o
 .debug_line    0x000009e2      0x274 ./src/gpio.o
 .debug_line    0x00000c56      0x3c7 ./src/mouse.o
 .debug_line    0x0000101d      0x544 ./src/tp2_cat_and_mouse.o
 .debug_line    0x00001561      0x2f0 ./src/trace_mgt.o
 .debug_line    0x00001851      0x1d9 ./src/uart.o
 .debug_line    0x00001a2a      0x21e ./FreeRTOS_src/list.o
 .debug_line    0x00001c48      0x459 ./FreeRTOS_src/queue.o
 .debug_line    0x000020a1      0x6f8 ./FreeRTOS_src/tasks.o
 .debug_line    0x00002799      0x256 ./FreeRTOS_portable/MemMang/heap_2.o
 .debug_line    0x000029ef      0x262 ./FreeRTOS_portable/port.o
 .debug_line    0x00002c51      0x1a0 C:\Users\Vincent\Documents\LPCXpresso_5.2.6_2137\w_exercices\MyLab_lib\Debug\libMylab_lib.a(custom_rand.o)
 .debug_line    0x00002df1      0x3e3 C:\Users\Vincent\Documents\LPCXpresso_5.2.6_2137\w_exercices\MyLab_lib\Debug\libMylab_lib.a(ethmac.o)
 .debug_line    0x000031d4      0x77c C:\Users\Vincent\Documents\LPCXpresso_5.2.6_2137\w_exercices\MyLab_lib\Debug\libMylab_lib.a(lcd.o)
 .debug_line    0x00003950      0x2ba C:\Users\Vincent\Documents\LPCXpresso_5.2.6_2137\w_exercices\MyLab_lib\Debug\libMylab_lib.a(read_adc_dma.o)
 .debug_line    0x00003c0a      0x26e C:\Users\Vincent\Documents\LPCXpresso_5.2.6_2137\w_exercices\MyLab_lib\Debug\libMylab_lib.a(ssp.o)
 .debug_line    0x00003e78      0x24f C:\Users\Vincent\Documents\LPCXpresso_5.2.6_2137\w_exercices\MyLab_lib\Debug\libMylab_lib.a(adc.o)
 .debug_line    0x000040c7       0x85 C:\Users\Vincent\Documents\LPCXpresso_5.2.6_2137\w_exercices\MyLab_lib\Debug\libMylab_lib.a(fonts.o)
 .debug_line    0x0000414c      0x1d6 C:\Users\Vincent\Documents\LPCXpresso_5.2.6_2137\w_exercices\CMSISv2p00_LPC17xx\Debug\libCMSISv2p00_LPC17xx.a(system_LPC17xx.o)

.debug_str      0x00000000    0x110ed
 .debug_str     0x00000000     0xb8ee ./src/cat.o
                               0xb9a4 (size before relaxing)
 .debug_str     0x0000b8ee      0x192 ./src/cr_startup_lpc17.o
                               0x3dbd (size before relaxing)
 .debug_str     0x0000ba80      0x1a5 ./src/dtmf_detection.o
                               0xb3fa (size before relaxing)
 .debug_str     0x0000bc25      0x4dc ./src/gpio.o
                               0x837e (size before relaxing)
 .debug_str     0x0000c101      0x14a ./src/mouse.o
                               0xb345 (size before relaxing)
 .debug_str     0x0000c24b     0x1705 ./src/tp2_cat_and_mouse.o
                               0xd140 (size before relaxing)
 .debug_str     0x0000d950      0x16e ./src/trace_mgt.o
                               0xabac (size before relaxing)
 .debug_str     0x0000dabe      0x192 ./src/uart.o
                               0x7ff6 (size before relaxing)
 .debug_str     0x0000dc50      0x135 ./FreeRTOS_src/list.o
                               0x4502 (size before relaxing)
 .debug_str     0x0000dd85      0xc68 ./FreeRTOS_src/queue.o
                               0x54aa (size before relaxing)
 .debug_str     0x0000e9ed     0x1122 ./FreeRTOS_src/tasks.o
                               0x5bdc (size before relaxing)
 .debug_str     0x0000fb0f      0x45f ./FreeRTOS_portable/MemMang/heap_2.o
                               0x4bc5 (size before relaxing)
 .debug_str     0x0000ff6e      0x368 ./FreeRTOS_portable/port.o
                               0x4a2a (size before relaxing)
 .debug_str     0x000102d6       0xd9 C:\Users\Vincent\Documents\LPCXpresso_5.2.6_2137\w_exercices\MyLab_lib\Debug\libMylab_lib.a(custom_rand.o)
                               0x3c63 (size before relaxing)
 .debug_str     0x000103af      0x2b3 C:\Users\Vincent\Documents\LPCXpresso_5.2.6_2137\w_exercices\MyLab_lib\Debug\libMylab_lib.a(ethmac.o)
                               0x9a28 (size before relaxing)
 .debug_str     0x00010662      0x30d C:\Users\Vincent\Documents\LPCXpresso_5.2.6_2137\w_exercices\MyLab_lib\Debug\libMylab_lib.a(lcd.o)
                               0x8ede (size before relaxing)
 .debug_str     0x0001096f      0x250 C:\Users\Vincent\Documents\LPCXpresso_5.2.6_2137\w_exercices\MyLab_lib\Debug\libMylab_lib.a(read_adc_dma.o)
                               0x889e (size before relaxing)
 .debug_str     0x00010bbf       0xb9 C:\Users\Vincent\Documents\LPCXpresso_5.2.6_2137\w_exercices\MyLab_lib\Debug\libMylab_lib.a(ssp.o)
                               0x80a7 (size before relaxing)
 .debug_str     0x00010c78       0x4c C:\Users\Vincent\Documents\LPCXpresso_5.2.6_2137\w_exercices\MyLab_lib\Debug\libMylab_lib.a(adc.o)
                               0x80a8 (size before relaxing)
 .debug_str     0x00010cc4       0x1f C:\Users\Vincent\Documents\LPCXpresso_5.2.6_2137\w_exercices\MyLab_lib\Debug\libMylab_lib.a(fonts.o)
                               0x253a (size before relaxing)
 .debug_str     0x00010ce3      0x40a C:\Users\Vincent\Documents\LPCXpresso_5.2.6_2137\w_exercices\CMSISv2p00_LPC17xx\Debug\libCMSISv2p00_LPC17xx.a(system_LPC17xx.o)
                               0x8101 (size before relaxing)

.comment        0x00000000       0xe0
 .comment       0x00000000       0x70 ./src/cat.o
                                 0x71 (size before relaxing)
 .comment       0x00000000       0x71 ./src/cr_startup_lpc17.o
 .comment       0x00000000       0x71 ./src/dtmf_detection.o
 .comment       0x00000000       0x71 ./src/gpio.o
 .comment       0x00000000       0x71 ./src/mouse.o
 .comment       0x00000000       0x71 ./src/tp2_cat_and_mouse.o
 .comment       0x00000000       0x71 ./src/trace_mgt.o
 .comment       0x00000000       0x71 ./src/uart.o
 .comment       0x00000000       0x71 ./FreeRTOS_src/list.o
 .comment       0x00000000       0x71 ./FreeRTOS_src/queue.o
 .comment       0x00000000       0x71 ./FreeRTOS_src/tasks.o
 .comment       0x00000000       0x71 ./FreeRTOS_portable/MemMang/heap_2.o
 .comment       0x00000000       0x71 ./FreeRTOS_portable/port.o
 .comment       0x00000000       0x71 C:\Users\Vincent\Documents\LPCXpresso_5.2.6_2137\w_exercices\MyLab_lib\Debug\libMylab_lib.a(custom_rand.o)
 .comment       0x00000000       0x71 C:\Users\Vincent\Documents\LPCXpresso_5.2.6_2137\w_exercices\MyLab_lib\Debug\libMylab_lib.a(ethmac.o)
 .comment       0x00000000       0x71 C:\Users\Vincent\Documents\LPCXpresso_5.2.6_2137\w_exercices\MyLab_lib\Debug\libMylab_lib.a(lcd.o)
 .comment       0x00000000       0x71 C:\Users\Vincent\Documents\LPCXpresso_5.2.6_2137\w_exercices\MyLab_lib\Debug\libMylab_lib.a(read_adc_dma.o)
 .comment       0x00000000       0x71 C:\Users\Vincent\Documents\LPCXpresso_5.2.6_2137\w_exercices\MyLab_lib\Debug\libMylab_lib.a(ssp.o)
 .comment       0x00000000       0x71 C:\Users\Vincent\Documents\LPCXpresso_5.2.6_2137\w_exercices\MyLab_lib\Debug\libMylab_lib.a(adc.o)
 .comment       0x00000000       0x71 C:\Users\Vincent\Documents\LPCXpresso_5.2.6_2137\w_exercices\MyLab_lib\Debug\libMylab_lib.a(fonts.o)
 .comment       0x00000000       0x71 C:\Users\Vincent\Documents\LPCXpresso_5.2.6_2137\w_exercices\CMSISv2p00_LPC17xx\Debug\libCMSISv2p00_LPC17xx.a(system_LPC17xx.o)
 .comment       0x00000070       0x70 c:/nxp/lpcxpresso_8.0.0_526/lpcxpresso/tools/bin/../lib/gcc/arm-none-eabi/4.9.3/../../../../arm-none-eabi/lib/armv7-m\libcr_semihost.a(_cr__main.o)
                                 0x71 (size before relaxing)
 .comment       0x00000000       0x71 c:/nxp/lpcxpresso_8.0.0_526/lpcxpresso/tools/bin/../lib/gcc/arm-none-eabi/4.9.3/../../../../arm-none-eabi/lib/armv7-m\libcr_c.a(memcpy.o)
 .comment       0x00000000       0x71 c:/nxp/lpcxpresso_8.0.0_526/lpcxpresso/tools/bin/../lib/gcc/arm-none-eabi/4.9.3/../../../../arm-none-eabi/lib/armv7-m\libcr_c.a(memset.o)
 .comment       0x00000000       0x71 c:/nxp/lpcxpresso_8.0.0_526/lpcxpresso/tools/bin/../lib/gcc/arm-none-eabi/4.9.3/../../../../arm-none-eabi/lib/armv7-m\libcr_c.a(alloc.o)
 .comment       0x00000000       0x71 c:/nxp/lpcxpresso_8.0.0_526/lpcxpresso/tools/bin/../lib/gcc/arm-none-eabi/4.9.3/../../../../arm-none-eabi/lib/armv7-m\libcr_c.a(cos.o)
 .comment       0x00000000       0x71 c:/nxp/lpcxpresso_8.0.0_526/lpcxpresso/tools/bin/../lib/gcc/arm-none-eabi/4.9.3/../../../../arm-none-eabi/lib/armv7-m\libcr_c.a(fclose.o)
 .comment       0x00000000       0x71 c:/nxp/lpcxpresso_8.0.0_526/lpcxpresso/tools/bin/../lib/gcc/arm-none-eabi/4.9.3/../../../../arm-none-eabi/lib/armv7-m\libcr_c.a(fflush.o)
 .comment       0x00000000       0x71 c:/nxp/lpcxpresso_8.0.0_526/lpcxpresso/tools/bin/../lib/gcc/arm-none-eabi/4.9.3/../../../../arm-none-eabi/lib/armv7-m\libcr_c.a(fopen.o)
 .comment       0x00000000       0x71 c:/nxp/lpcxpresso_8.0.0_526/lpcxpresso/tools/bin/../lib/gcc/arm-none-eabi/4.9.3/../../../../arm-none-eabi/lib/armv7-m\libcr_c.a(fpprintf.o)
 .comment       0x00000000       0x71 c:/nxp/lpcxpresso_8.0.0_526/lpcxpresso/tools/bin/../lib/gcc/arm-none-eabi/4.9.3/../../../../arm-none-eabi/lib/armv7-m\libcr_c.a(fread.o)
 .comment       0x00000000       0x71 c:/nxp/lpcxpresso_8.0.0_526/lpcxpresso/tools/bin/../lib/gcc/arm-none-eabi/4.9.3/../../../../arm-none-eabi/lib/armv7-m\libcr_c.a(freopen.o)
 .comment       0x00000000       0x71 c:/nxp/lpcxpresso_8.0.0_526/lpcxpresso/tools/bin/../lib/gcc/arm-none-eabi/4.9.3/../../../../arm-none-eabi/lib/armv7-m\libcr_c.a(fseek.o)
 .comment       0x00000000       0x71 c:/nxp/lpcxpresso_8.0.0_526/lpcxpresso/tools/bin/../lib/gcc/arm-none-eabi/4.9.3/../../../../arm-none-eabi/lib/armv7-m\libcr_c.a(ftell.o)
 .comment       0x00000000       0x71 c:/nxp/lpcxpresso_8.0.0_526/lpcxpresso/tools/bin/../lib/gcc/arm-none-eabi/4.9.3/../../../../arm-none-eabi/lib/armv7-m\libcr_c.a(initio.o)
 .comment       0x00000000       0x71 c:/nxp/lpcxpresso_8.0.0_526/lpcxpresso/tools/bin/../lib/gcc/arm-none-eabi/4.9.3/../../../../arm-none-eabi/lib/armv7-m\libcr_c.a(printf.o)
 .comment       0x00000000       0x71 c:/nxp/lpcxpresso_8.0.0_526/lpcxpresso/tools/bin/../lib/gcc/arm-none-eabi/4.9.3/../../../../arm-none-eabi/lib/armv7-m\libcr_c.a(remove.o)
 .comment       0x00000000       0x71 c:/nxp/lpcxpresso_8.0.0_526/lpcxpresso/tools/bin/../lib/gcc/arm-none-eabi/4.9.3/../../../../arm-none-eabi/lib/armv7-m\libcr_c.a(setvbuf.o)
 .comment       0x00000000       0x71 c:/nxp/lpcxpresso_8.0.0_526/lpcxpresso/tools/bin/../lib/gcc/arm-none-eabi/4.9.3/../../../../arm-none-eabi/lib/armv7-m\libcr_c.a(sin.o)
 .comment       0x00000000       0x71 c:/nxp/lpcxpresso_8.0.0_526/lpcxpresso/tools/bin/../lib/gcc/arm-none-eabi/4.9.3/../../../../arm-none-eabi/lib/armv7-m\libcr_c.a(sqrt.o)
 .comment       0x00000000       0x71 c:/nxp/lpcxpresso_8.0.0_526/lpcxpresso/tools/bin/../lib/gcc/arm-none-eabi/4.9.3/../../../../arm-none-eabi/lib/armv7-m\libcr_c.a(stdio.o)
 .comment       0x00000000       0x71 c:/nxp/lpcxpresso_8.0.0_526/lpcxpresso/tools/bin/../lib/gcc/arm-none-eabi/4.9.3/../../../../arm-none-eabi/lib/armv7-m\libcr_c.a(stdlib.o)
 .comment       0x00000000       0x71 c:/nxp/lpcxpresso_8.0.0_526/lpcxpresso/tools/bin/../lib/gcc/arm-none-eabi/4.9.3/../../../../arm-none-eabi/lib/armv7-m\libcr_c.a(strlen.o)
 .comment       0x00000000       0x71 c:/nxp/lpcxpresso_8.0.0_526/lpcxpresso/tools/bin/../lib/gcc/arm-none-eabi/4.9.3/../../../../arm-none-eabi/lib/armv7-m\libcr_c.a(strncpy.o)
 .comment       0x00000000       0x71 c:/nxp/lpcxpresso_8.0.0_526/lpcxpresso/tools/bin/../lib/gcc/arm-none-eabi/4.9.3/../../../../arm-none-eabi/lib/armv7-m\libcr_c.a(__fillbuf.o)
 .comment       0x00000000       0x71 c:/nxp/lpcxpresso_8.0.0_526/lpcxpresso/tools/bin/../lib/gcc/arm-none-eabi/4.9.3/../../../../arm-none-eabi/lib/armv7-m\libcr_c.a(__init_alloc.o)
 .comment       0x00000000       0x71 c:/nxp/lpcxpresso_8.0.0_526/lpcxpresso/tools/bin/../lib/gcc/arm-none-eabi/4.9.3/../../../../arm-none-eabi/lib/armv7-m\libcr_c.a(_cr_sbrk.o)
 .comment       0x00000000       0x71 c:/nxp/lpcxpresso_8.0.0_526/lpcxpresso/tools/bin/../lib/gcc/arm-none-eabi/4.9.3/../../../../arm-none-eabi/lib/armv7-m\libcr_c.a(_deferredlazyseek.o)
 .comment       0x00000000       0x71 c:/nxp/lpcxpresso_8.0.0_526/lpcxpresso/tools/bin/../lib/gcc/arm-none-eabi/4.9.3/../../../../arm-none-eabi/lib/armv7-m\libcr_c.a(_do_fflush.o)
 .comment       0x00000000       0x71 c:/nxp/lpcxpresso_8.0.0_526/lpcxpresso/tools/bin/../lib/gcc/arm-none-eabi/4.9.3/../../../../arm-none-eabi/lib/armv7-m\libcr_c.a(_fdopen.o)
 .comment       0x00000000       0x71 c:/nxp/lpcxpresso_8.0.0_526/lpcxpresso/tools/bin/../lib/gcc/arm-none-eabi/4.9.3/../../../../arm-none-eabi/lib/armv7-m\libcr_c.a(_fflush.o)
 .comment       0x00000000       0x71 c:/nxp/lpcxpresso_8.0.0_526/lpcxpresso/tools/bin/../lib/gcc/arm-none-eabi/4.9.3/../../../../arm-none-eabi/lib/armv7-m\libcr_c.a(_frexpl.o)
 .comment       0x00000000       0x71 c:/nxp/lpcxpresso_8.0.0_526/lpcxpresso/tools/bin/../lib/gcc/arm-none-eabi/4.9.3/../../../../arm-none-eabi/lib/armv7-m\libcr_c.a(_hugeval.o)
 .comment       0x00000000       0x71 c:/nxp/lpcxpresso_8.0.0_526/lpcxpresso/tools/bin/../lib/gcc/arm-none-eabi/4.9.3/../../../../arm-none-eabi/lib/armv7-m\libcr_c.a(_ldexpl.o)
 .comment       0x00000000       0x71 c:/nxp/lpcxpresso_8.0.0_526/lpcxpresso/tools/bin/../lib/gcc/arm-none-eabi/4.9.3/../../../../arm-none-eabi/lib/armv7-m\libcr_c.a(_read.o)
 .comment       0x00000000       0x71 c:/nxp/lpcxpresso_8.0.0_526/lpcxpresso/tools/bin/../lib/gcc/arm-none-eabi/4.9.3/../../../../arm-none-eabi/lib/armv7-m\libcr_c.a(_sincos.o)
 .comment       0x00000000       0x71 c:/nxp/lpcxpresso_8.0.0_526/lpcxpresso/tools/bin/../lib/gcc/arm-none-eabi/4.9.3/../../../../arm-none-eabi/lib/armv7-m\libcr_c.a(_writebuf.o)
 .comment       0x00000000       0x71 c:/nxp/lpcxpresso_8.0.0_526/lpcxpresso/tools/bin/../lib/gcc/arm-none-eabi/4.9.3/../../../../arm-none-eabi/lib/armv7-m\libcr_c.a(errno.o)
 .comment       0x00000000       0x71 c:/nxp/lpcxpresso_8.0.0_526/lpcxpresso/tools/bin/../lib/gcc/arm-none-eabi/4.9.3/../../../../arm-none-eabi/lib/armv7-m\libcr_c.a(fabs.o)
 .comment       0x00000000       0x71 c:/nxp/lpcxpresso_8.0.0_526/lpcxpresso/tools/bin/../lib/gcc/arm-none-eabi/4.9.3/../../../../arm-none-eabi/lib/armv7-m\libcr_c.a(_cr_check_heap.o)
 .comment       0x00000000       0x71 c:/nxp/lpcxpresso_8.0.0_526/lpcxpresso/tools/bin/../lib/gcc/arm-none-eabi/4.9.3/armv7-m\libcr_eabihelpers.a(double.o)
 .comment       0x00000000       0x71 c:/nxp/lpcxpresso_8.0.0_526/lpcxpresso/tools/bin/../lib/gcc/arm-none-eabi/4.9.3/armv7-m\libcr_eabihelpers.a(float.o)

.ARM.attributes
                0x00000000       0x31
 .ARM.attributes
                0x00000000       0x33 ./src/cat.o
 .ARM.attributes
                0x00000033       0x33 ./src/cr_startup_lpc17.o
 .ARM.attributes
                0x00000066       0x33 ./src/dtmf_detection.o
 .ARM.attributes
                0x00000099       0x33 ./src/gpio.o
 .ARM.attributes
                0x000000cc       0x33 ./src/mouse.o
 .ARM.attributes
                0x000000ff       0x33 ./src/tp2_cat_and_mouse.o
 .ARM.attributes
                0x00000132       0x33 ./src/trace_mgt.o
 .ARM.attributes
                0x00000165       0x33 ./src/uart.o
 .ARM.attributes
                0x00000198       0x33 ./FreeRTOS_src/list.o
 .ARM.attributes
                0x000001cb       0x33 ./FreeRTOS_src/queue.o
 .ARM.attributes
                0x000001fe       0x33 ./FreeRTOS_src/tasks.o
 .ARM.attributes
                0x00000231       0x33 ./FreeRTOS_portable/MemMang/heap_2.o
 .ARM.attributes
                0x00000264       0x33 ./FreeRTOS_portable/port.o
 .ARM.attributes
                0x00000297       0x33 C:\Users\Vincent\Documents\LPCXpresso_5.2.6_2137\w_exercices\MyLab_lib\Debug\libMylab_lib.a(custom_rand.o)
 .ARM.attributes
                0x000002ca       0x33 C:\Users\Vincent\Documents\LPCXpresso_5.2.6_2137\w_exercices\MyLab_lib\Debug\libMylab_lib.a(ethmac.o)
 .ARM.attributes
                0x000002fd       0x33 C:\Users\Vincent\Documents\LPCXpresso_5.2.6_2137\w_exercices\MyLab_lib\Debug\libMylab_lib.a(lcd.o)
 .ARM.attributes
                0x00000330       0x33 C:\Users\Vincent\Documents\LPCXpresso_5.2.6_2137\w_exercices\MyLab_lib\Debug\libMylab_lib.a(read_adc_dma.o)
 .ARM.attributes
                0x00000363       0x33 C:\Users\Vincent\Documents\LPCXpresso_5.2.6_2137\w_exercices\MyLab_lib\Debug\libMylab_lib.a(ssp.o)
 .ARM.attributes
                0x00000396       0x33 C:\Users\Vincent\Documents\LPCXpresso_5.2.6_2137\w_exercices\MyLab_lib\Debug\libMylab_lib.a(adc.o)
 .ARM.attributes
                0x000003c9       0x33 C:\Users\Vincent\Documents\LPCXpresso_5.2.6_2137\w_exercices\MyLab_lib\Debug\libMylab_lib.a(fonts.o)
 .ARM.attributes
                0x000003fc       0x33 C:\Users\Vincent\Documents\LPCXpresso_5.2.6_2137\w_exercices\CMSISv2p00_LPC17xx\Debug\libCMSISv2p00_LPC17xx.a(system_LPC17xx.o)
 .ARM.attributes
                0x0000042f       0x33 c:/nxp/lpcxpresso_8.0.0_526/lpcxpresso/tools/bin/../lib/gcc/arm-none-eabi/4.9.3/../../../../arm-none-eabi/lib/armv7-m\libcr_semihost.a(_cr__main.o)
 .ARM.attributes
                0x00000462       0x33 c:/nxp/lpcxpresso_8.0.0_526/lpcxpresso/tools/bin/../lib/gcc/arm-none-eabi/4.9.3/../../../../arm-none-eabi/lib/armv7-m\libcr_c.a(memcpy.o)
 .ARM.attributes
                0x00000495       0x33 c:/nxp/lpcxpresso_8.0.0_526/lpcxpresso/tools/bin/../lib/gcc/arm-none-eabi/4.9.3/../../../../arm-none-eabi/lib/armv7-m\libcr_c.a(memset.o)
 .ARM.attributes
                0x000004c8       0x33 c:/nxp/lpcxpresso_8.0.0_526/lpcxpresso/tools/bin/../lib/gcc/arm-none-eabi/4.9.3/../../../../arm-none-eabi/lib/armv7-m\libcr_c.a(alloc.o)
 .ARM.attributes
                0x000004fb       0x33 c:/nxp/lpcxpresso_8.0.0_526/lpcxpresso/tools/bin/../lib/gcc/arm-none-eabi/4.9.3/../../../../arm-none-eabi/lib/armv7-m\libcr_c.a(cos.o)
 .ARM.attributes
                0x0000052e       0x33 c:/nxp/lpcxpresso_8.0.0_526/lpcxpresso/tools/bin/../lib/gcc/arm-none-eabi/4.9.3/../../../../arm-none-eabi/lib/armv7-m\libcr_c.a(fclose.o)
 .ARM.attributes
                0x00000561       0x33 c:/nxp/lpcxpresso_8.0.0_526/lpcxpresso/tools/bin/../lib/gcc/arm-none-eabi/4.9.3/../../../../arm-none-eabi/lib/armv7-m\libcr_c.a(fflush.o)
 .ARM.attributes
                0x00000594       0x33 c:/nxp/lpcxpresso_8.0.0_526/lpcxpresso/tools/bin/../lib/gcc/arm-none-eabi/4.9.3/../../../../arm-none-eabi/lib/armv7-m\libcr_c.a(fopen.o)
 .ARM.attributes
                0x000005c7       0x33 c:/nxp/lpcxpresso_8.0.0_526/lpcxpresso/tools/bin/../lib/gcc/arm-none-eabi/4.9.3/../../../../arm-none-eabi/lib/armv7-m\libcr_c.a(fpprintf.o)
 .ARM.attributes
                0x000005fa       0x33 c:/nxp/lpcxpresso_8.0.0_526/lpcxpresso/tools/bin/../lib/gcc/arm-none-eabi/4.9.3/../../../../arm-none-eabi/lib/armv7-m\libcr_c.a(fread.o)
 .ARM.attributes
                0x0000062d       0x33 c:/nxp/lpcxpresso_8.0.0_526/lpcxpresso/tools/bin/../lib/gcc/arm-none-eabi/4.9.3/../../../../arm-none-eabi/lib/armv7-m\libcr_c.a(freopen.o)
 .ARM.attributes
                0x00000660       0x33 c:/nxp/lpcxpresso_8.0.0_526/lpcxpresso/tools/bin/../lib/gcc/arm-none-eabi/4.9.3/../../../../arm-none-eabi/lib/armv7-m\libcr_c.a(fseek.o)
 .ARM.attributes
                0x00000693       0x33 c:/nxp/lpcxpresso_8.0.0_526/lpcxpresso/tools/bin/../lib/gcc/arm-none-eabi/4.9.3/../../../../arm-none-eabi/lib/armv7-m\libcr_c.a(ftell.o)
 .ARM.attributes
                0x000006c6       0x33 c:/nxp/lpcxpresso_8.0.0_526/lpcxpresso/tools/bin/../lib/gcc/arm-none-eabi/4.9.3/../../../../arm-none-eabi/lib/armv7-m\libcr_c.a(initio.o)
 .ARM.attributes
                0x000006f9       0x33 c:/nxp/lpcxpresso_8.0.0_526/lpcxpresso/tools/bin/../lib/gcc/arm-none-eabi/4.9.3/../../../../arm-none-eabi/lib/armv7-m\libcr_c.a(printf.o)
 .ARM.attributes
                0x0000072c       0x33 c:/nxp/lpcxpresso_8.0.0_526/lpcxpresso/tools/bin/../lib/gcc/arm-none-eabi/4.9.3/../../../../arm-none-eabi/lib/armv7-m\libcr_c.a(remove.o)
 .ARM.attributes
                0x0000075f       0x33 c:/nxp/lpcxpresso_8.0.0_526/lpcxpresso/tools/bin/../lib/gcc/arm-none-eabi/4.9.3/../../../../arm-none-eabi/lib/armv7-m\libcr_c.a(setvbuf.o)
 .ARM.attributes
                0x00000792       0x33 c:/nxp/lpcxpresso_8.0.0_526/lpcxpresso/tools/bin/../lib/gcc/arm-none-eabi/4.9.3/../../../../arm-none-eabi/lib/armv7-m\libcr_c.a(sin.o)
 .ARM.attributes
                0x000007c5       0x33 c:/nxp/lpcxpresso_8.0.0_526/lpcxpresso/tools/bin/../lib/gcc/arm-none-eabi/4.9.3/../../../../arm-none-eabi/lib/armv7-m\libcr_c.a(sqrt.o)
 .ARM.attributes
                0x000007f8       0x33 c:/nxp/lpcxpresso_8.0.0_526/lpcxpresso/tools/bin/../lib/gcc/arm-none-eabi/4.9.3/../../../../arm-none-eabi/lib/armv7-m\libcr_c.a(stdio.o)
 .ARM.attributes
                0x0000082b       0x33 c:/nxp/lpcxpresso_8.0.0_526/lpcxpresso/tools/bin/../lib/gcc/arm-none-eabi/4.9.3/../../../../arm-none-eabi/lib/armv7-m\libcr_c.a(stdlib.o)
 .ARM.attributes
                0x0000085e       0x33 c:/nxp/lpcxpresso_8.0.0_526/lpcxpresso/tools/bin/../lib/gcc/arm-none-eabi/4.9.3/../../../../arm-none-eabi/lib/armv7-m\libcr_c.a(strlen.o)
 .ARM.attributes
                0x00000891       0x33 c:/nxp/lpcxpresso_8.0.0_526/lpcxpresso/tools/bin/../lib/gcc/arm-none-eabi/4.9.3/../../../../arm-none-eabi/lib/armv7-m\libcr_c.a(strncpy.o)
 .ARM.attributes
                0x000008c4       0x33 c:/nxp/lpcxpresso_8.0.0_526/lpcxpresso/tools/bin/../lib/gcc/arm-none-eabi/4.9.3/../../../../arm-none-eabi/lib/armv7-m\libcr_c.a(__fillbuf.o)
 .ARM.attributes
                0x000008f7       0x33 c:/nxp/lpcxpresso_8.0.0_526/lpcxpresso/tools/bin/../lib/gcc/arm-none-eabi/4.9.3/../../../../arm-none-eabi/lib/armv7-m\libcr_c.a(__init_alloc.o)
 .ARM.attributes
                0x0000092a       0x33 c:/nxp/lpcxpresso_8.0.0_526/lpcxpresso/tools/bin/../lib/gcc/arm-none-eabi/4.9.3/../../../../arm-none-eabi/lib/armv7-m\libcr_c.a(_cr_sbrk.o)
 .ARM.attributes
                0x0000095d       0x33 c:/nxp/lpcxpresso_8.0.0_526/lpcxpresso/tools/bin/../lib/gcc/arm-none-eabi/4.9.3/../../../../arm-none-eabi/lib/armv7-m\libcr_c.a(_deferredlazyseek.o)
 .ARM.attributes
                0x00000990       0x33 c:/nxp/lpcxpresso_8.0.0_526/lpcxpresso/tools/bin/../lib/gcc/arm-none-eabi/4.9.3/../../../../arm-none-eabi/lib/armv7-m\libcr_c.a(_do_fflush.o)
 .ARM.attributes
                0x000009c3       0x33 c:/nxp/lpcxpresso_8.0.0_526/lpcxpresso/tools/bin/../lib/gcc/arm-none-eabi/4.9.3/../../../../arm-none-eabi/lib/armv7-m\libcr_c.a(_fdopen.o)
 .ARM.attributes
                0x000009f6       0x33 c:/nxp/lpcxpresso_8.0.0_526/lpcxpresso/tools/bin/../lib/gcc/arm-none-eabi/4.9.3/../../../../arm-none-eabi/lib/armv7-m\libcr_c.a(_fflush.o)
 .ARM.attributes
                0x00000a29       0x33 c:/nxp/lpcxpresso_8.0.0_526/lpcxpresso/tools/bin/../lib/gcc/arm-none-eabi/4.9.3/../../../../arm-none-eabi/lib/armv7-m\libcr_c.a(_frexpl.o)
 .ARM.attributes
                0x00000a5c       0x33 c:/nxp/lpcxpresso_8.0.0_526/lpcxpresso/tools/bin/../lib/gcc/arm-none-eabi/4.9.3/../../../../arm-none-eabi/lib/armv7-m\libcr_c.a(_hugeval.o)
 .ARM.attributes
                0x00000a8f       0x33 c:/nxp/lpcxpresso_8.0.0_526/lpcxpresso/tools/bin/../lib/gcc/arm-none-eabi/4.9.3/../../../../arm-none-eabi/lib/armv7-m\libcr_c.a(_ldexpl.o)
 .ARM.attributes
                0x00000ac2       0x33 c:/nxp/lpcxpresso_8.0.0_526/lpcxpresso/tools/bin/../lib/gcc/arm-none-eabi/4.9.3/../../../../arm-none-eabi/lib/armv7-m\libcr_c.a(_read.o)
 .ARM.attributes
                0x00000af5       0x33 c:/nxp/lpcxpresso_8.0.0_526/lpcxpresso/tools/bin/../lib/gcc/arm-none-eabi/4.9.3/../../../../arm-none-eabi/lib/armv7-m\libcr_c.a(_sincos.o)
 .ARM.attributes
                0x00000b28       0x33 c:/nxp/lpcxpresso_8.0.0_526/lpcxpresso/tools/bin/../lib/gcc/arm-none-eabi/4.9.3/../../../../arm-none-eabi/lib/armv7-m\libcr_c.a(_writebuf.o)
 .ARM.attributes
                0x00000b5b       0x33 c:/nxp/lpcxpresso_8.0.0_526/lpcxpresso/tools/bin/../lib/gcc/arm-none-eabi/4.9.3/../../../../arm-none-eabi/lib/armv7-m\libcr_c.a(errno.o)
 .ARM.attributes
                0x00000b8e       0x33 c:/nxp/lpcxpresso_8.0.0_526/lpcxpresso/tools/bin/../lib/gcc/arm-none-eabi/4.9.3/../../../../arm-none-eabi/lib/armv7-m\libcr_c.a(fabs.o)
 .ARM.attributes
                0x00000bc1       0x33 c:/nxp/lpcxpresso_8.0.0_526/lpcxpresso/tools/bin/../lib/gcc/arm-none-eabi/4.9.3/../../../../arm-none-eabi/lib/armv7-m\libcr_c.a(_cr_check_heap.o)
 .ARM.attributes
                0x00000bf4       0x33 c:/nxp/lpcxpresso_8.0.0_526/lpcxpresso/tools/bin/../lib/gcc/arm-none-eabi/4.9.3/armv7-m\libcr_eabihelpers.a(double.o)
 .ARM.attributes
                0x00000c27       0x33 c:/nxp/lpcxpresso_8.0.0_526/lpcxpresso/tools/bin/../lib/gcc/arm-none-eabi/4.9.3/armv7-m\libcr_eabihelpers.a(float.o)
 .ARM.attributes
                0x00000c5a       0x21 c:/nxp/lpcxpresso_8.0.0_526/lpcxpresso/tools/bin/../lib/gcc/arm-none-eabi/4.9.3/armv7-m\libcr_eabihelpers.a(memcpy.o)
 .ARM.attributes
                0x00000c7b       0x21 c:/nxp/lpcxpresso_8.0.0_526/lpcxpresso/tools/bin/../lib/gcc/arm-none-eabi/4.9.3/../../../../arm-none-eabi/lib/armv7-m\libcr_semihost.a(__sys_appexit.o)
 .ARM.attributes
                0x00000c9c       0x21 c:/nxp/lpcxpresso_8.0.0_526/lpcxpresso/tools/bin/../lib/gcc/arm-none-eabi/4.9.3/../../../../arm-none-eabi/lib/armv7-m\libcr_semihost.a(__sys_close.o)
 .ARM.attributes
                0x00000cbd       0x21 c:/nxp/lpcxpresso_8.0.0_526/lpcxpresso/tools/bin/../lib/gcc/arm-none-eabi/4.9.3/../../../../arm-none-eabi/lib/armv7-m\libcr_semihost.a(__sys_flen.o)
 .ARM.attributes
                0x00000cde       0x21 c:/nxp/lpcxpresso_8.0.0_526/lpcxpresso/tools/bin/../lib/gcc/arm-none-eabi/4.9.3/../../../../arm-none-eabi/lib/armv7-m\libcr_semihost.a(__sys_istty.o)
 .ARM.attributes
                0x00000cff       0x21 c:/nxp/lpcxpresso_8.0.0_526/lpcxpresso/tools/bin/../lib/gcc/arm-none-eabi/4.9.3/../../../../arm-none-eabi/lib/armv7-m\libcr_semihost.a(__sys_open.o)
 .ARM.attributes
                0x00000d20       0x21 c:/nxp/lpcxpresso_8.0.0_526/lpcxpresso/tools/bin/../lib/gcc/arm-none-eabi/4.9.3/../../../../arm-none-eabi/lib/armv7-m\libcr_semihost.a(__sys_read.o)
 .ARM.attributes
                0x00000d41       0x21 c:/nxp/lpcxpresso_8.0.0_526/lpcxpresso/tools/bin/../lib/gcc/arm-none-eabi/4.9.3/../../../../arm-none-eabi/lib/armv7-m\libcr_semihost.a(__sys_readc.o)
 .ARM.attributes
                0x00000d62       0x21 c:/nxp/lpcxpresso_8.0.0_526/lpcxpresso/tools/bin/../lib/gcc/arm-none-eabi/4.9.3/../../../../arm-none-eabi/lib/armv7-m\libcr_semihost.a(__sys_remove.o)
 .ARM.attributes
                0x00000d83       0x21 c:/nxp/lpcxpresso_8.0.0_526/lpcxpresso/tools/bin/../lib/gcc/arm-none-eabi/4.9.3/../../../../arm-none-eabi/lib/armv7-m\libcr_semihost.a(__sys_seek.o)
 .ARM.attributes
                0x00000da4       0x21 c:/nxp/lpcxpresso_8.0.0_526/lpcxpresso/tools/bin/../lib/gcc/arm-none-eabi/4.9.3/../../../../arm-none-eabi/lib/armv7-m\libcr_semihost.a(__sys_tmpnam.o)
 .ARM.attributes
                0x00000dc5       0x21 c:/nxp/lpcxpresso_8.0.0_526/lpcxpresso/tools/bin/../lib/gcc/arm-none-eabi/4.9.3/../../../../arm-none-eabi/lib/armv7-m\libcr_semihost.a(__sys_write.o)

.debug_frame    0x00000000     0x1748
 .debug_frame   0x00000000       0x30 ./src/cat.o
 .debug_frame   0x00000030      0x128 ./src/cr_startup_lpc17.o
 .debug_frame   0x00000158       0x84 ./src/dtmf_detection.o
 .debug_frame   0x000001dc       0xcc ./src/gpio.o
 .debug_frame   0x000002a8       0x58 ./src/mouse.o
 .debug_frame   0x00000300       0xe8 ./src/tp2_cat_and_mouse.o
 .debug_frame   0x000003e8       0x98 ./src/trace_mgt.o
 .debug_frame   0x00000480       0x60 ./src/uart.o
 .debug_frame   0x000004e0       0xd8 ./FreeRTOS_src/list.o