Archive member included to satisfy reference by file (symbol)

/home/attila/LPCXpresso/workspace/TP2_cat_and_mouse_etu/Debug/libMyLab_lib.a(custom_rand.o)
                              ./src/objects.o (rnd_32)
/home/attila/LPCXpresso/workspace/TP2_cat_and_mouse_etu/Debug/libMyLab_lib.a(ethmac.o)
                              ./src/tp2_cat_and_mouse.o (ethernet_power_down)
/home/attila/LPCXpresso/workspace/TP2_cat_and_mouse_etu/Debug/libMyLab_lib.a(lcd.o)
                              ./src/tp2_cat_and_mouse.o (init_lcd)
/home/attila/LPCXpresso/workspace/TP2_cat_and_mouse_etu/Debug/libMyLab_lib.a(read_adc_dma.o)
                              ./src/dtmf_detection.o (init_adc_dma)
/home/attila/LPCXpresso/workspace/TP2_cat_and_mouse_etu/Debug/libMyLab_lib.a(ssp.o)
                              /home/attila/LPCXpresso/workspace/TP2_cat_and_mouse_etu/Debug/libMyLab_lib.a(lcd.o) (ssp_init_custom)
/home/attila/LPCXpresso/workspace/TP2_cat_and_mouse_etu/Debug/libMyLab_lib.a(uart.o)
                              ./src/trace_mgt.o (uart0_init)
/home/attila/LPCXpresso/workspace/TP2_cat_and_mouse_etu/Debug/libMyLab_lib.a(adc.o)
                              /home/attila/LPCXpresso/workspace/TP2_cat_and_mouse_etu/Debug/libMyLab_lib.a(read_adc_dma.o) (adc_init)
/home/attila/LPCXpresso/workspace/TP2_cat_and_mouse_etu/Debug/libMyLab_lib.a(fonts.o)
                              /home/attila/LPCXpresso/workspace/TP2_cat_and_mouse_etu/Debug/libMyLab_lib.a(lcd.o) (SmallFont)
/home/attila/LPCXpresso/workspace/CMSISv2p00_LPC17xx/Debug/libCMSISv2p00_LPC17xx.a(system_LPC17xx.o)
                              ./src/cr_startup_lpc17.o (SystemInit)
/usr/local/lpcxpresso_8.2.2_650/lpcxpresso/tools/bin/../lib/gcc/arm-none-eabi/5.4.1/../../../../arm-none-eabi/lib/armv7-m/libcr_semihost.a(_cr__main.o)
                              ./src/cr_startup_lpc17.o (__main)
/usr/local/lpcxpresso_8.2.2_650/lpcxpresso/tools/bin/../lib/gcc/arm-none-eabi/5.4.1/../../../../arm-none-eabi/lib/armv7-m/libcr_c.a(cosf.o)
                              ./src/dtmf_detection.o (cosf)
/usr/local/lpcxpresso_8.2.2_650/lpcxpresso/tools/bin/../lib/gcc/arm-none-eabi/5.4.1/../../../../arm-none-eabi/lib/armv7-m/libcr_c.a(fabsf.o)
                              ./src/dtmf_detection.o (fabsf)
/usr/local/lpcxpresso_8.2.2_650/lpcxpresso/tools/bin/../lib/gcc/arm-none-eabi/5.4.1/../../../../arm-none-eabi/lib/armv7-m/libcr_c.a(sinf.o)
                              ./src/dtmf_detection.o (sinf)
/usr/local/lpcxpresso_8.2.2_650/lpcxpresso/tools/bin/../lib/gcc/arm-none-eabi/5.4.1/../../../../arm-none-eabi/lib/armv7-m/libcr_c.a(memcpy.o)
                              ./FreeRTOS_src/queue.o (memcpy)
/usr/local/lpcxpresso_8.2.2_650/lpcxpresso/tools/bin/../lib/gcc/arm-none-eabi/5.4.1/../../../../arm-none-eabi/lib/armv7-m/libcr_c.a(memset.o)
                              ./FreeRTOS_src/tasks.o (memset)
/usr/local/lpcxpresso_8.2.2_650/lpcxpresso/tools/bin/../lib/gcc/arm-none-eabi/5.4.1/../../../../arm-none-eabi/lib/armv7-m/libcr_c.a(alloc.o)
                              /home/attila/LPCXpresso/workspace/TP2_cat_and_mouse_etu/Debug/libMyLab_lib.a(lcd.o) (malloc)
/usr/local/lpcxpresso_8.2.2_650/lpcxpresso/tools/bin/../lib/gcc/arm-none-eabi/5.4.1/../../../../arm-none-eabi/lib/armv7-m/libcr_c.a(fclose.o)
                              ./src/debug.o (fclose)
/usr/local/lpcxpresso_8.2.2_650/lpcxpresso/tools/bin/../lib/gcc/arm-none-eabi/5.4.1/../../../../arm-none-eabi/lib/armv7-m/libcr_c.a(fflush.o)
                              /usr/local/lpcxpresso_8.2.2_650/lpcxpresso/tools/bin/../lib/gcc/arm-none-eabi/5.4.1/../../../../arm-none-eabi/lib/armv7-m/libcr_c.a(fclose.o) (fflush)
/usr/local/lpcxpresso_8.2.2_650/lpcxpresso/tools/bin/../lib/gcc/arm-none-eabi/5.4.1/../../../../arm-none-eabi/lib/armv7-m/libcr_c.a(fopen.o)
                              ./src/debug.o (fopen)
/usr/local/lpcxpresso_8.2.2_650/lpcxpresso/tools/bin/../lib/gcc/arm-none-eabi/5.4.1/../../../../arm-none-eabi/lib/armv7-m/libcr_c.a(fpprintf.o)
                              ./src/debug.o (fprintf)
/usr/local/lpcxpresso_8.2.2_650/lpcxpresso/tools/bin/../lib/gcc/arm-none-eabi/5.4.1/../../../../arm-none-eabi/lib/armv7-m/libcr_c.a(fread.o)
                              /home/attila/LPCXpresso/workspace/TP2_cat_and_mouse_etu/Debug/libMyLab_lib.a(lcd.o) (fread)
/usr/local/lpcxpresso_8.2.2_650/lpcxpresso/tools/bin/../lib/gcc/arm-none-eabi/5.4.1/../../../../arm-none-eabi/lib/armv7-m/libcr_c.a(freopen.o)
                              /usr/local/lpcxpresso_8.2.2_650/lpcxpresso/tools/bin/../lib/gcc/arm-none-eabi/5.4.1/../../../../arm-none-eabi/lib/armv7-m/libcr_c.a(fopen.o) (freopen)
/usr/local/lpcxpresso_8.2.2_650/lpcxpresso/tools/bin/../lib/gcc/arm-none-eabi/5.4.1/../../../../arm-none-eabi/lib/armv7-m/libcr_c.a(fseek.o)
                              /home/attila/LPCXpresso/workspace/TP2_cat_and_mouse_etu/Debug/libMyLab_lib.a(lcd.o) (fseek)
[...]
Memory Configuration

Name             Origin             Length             Attributes
MFlash512        0x00000000         0x00080000         xr
RamLoc32         0x10000000         0x00008000         xrw
RamAHB32         0x2007c000         0x00008000         xrw
*default*        0x00000000         0xffffffff

Linker script and memory map

                0x2007c004                __user_heap_base = __end_bss_RAM2
LOAD ./src/cat.o
LOAD ./src/commons.o
LOAD ./src/cr_startup_lpc17.o
LOAD ./src/debug.o
LOAD ./src/dtmf_detection.o
LOAD ./src/mouse.o
LOAD ./src/objects.o
LOAD ./src/rendering.o
LOAD ./src/tp2_cat_and_mouse.o
LOAD ./src/trace_mgt.o
LOAD ./FreeRTOS_src/croutine.o
LOAD ./FreeRTOS_src/list.o
LOAD ./FreeRTOS_src/queue.o
LOAD ./FreeRTOS_src/tasks.o
LOAD ./FreeRTOS_src/timers.o
LOAD ./FreeRTOS_portable/MemMang/heap_2.o
LOAD ./FreeRTOS_portable/port.o
LOAD /home/attila/LPCXpresso/workspace/TP2_cat_and_mouse_etu/Debug/libMyLab_lib.a
LOAD /home/attila/LPCXpresso/workspace/CMSISv2p00_LPC17xx/Debug/libCMSISv2p00_LPC17xx.a
START GROUP
LOAD /usr/local/lpcxpresso_8.2.2_650/lpcxpresso/tools/bin/../lib/gcc/arm-none-eabi/5.4.1/../../../../arm-none-eabi/lib/armv7-m/libcr_semihost.a
LOAD /usr/local/lpcxpresso_8.2.2_650/lpcxpresso/tools/bin/../lib/gcc/arm-none-eabi/5.4.1/../../../../arm-none-eabi/lib/armv7-m/libcr_c.a
LOAD /usr/local/lpcxpresso_8.2.2_650/lpcxpresso/tools/bin/../lib/gcc/arm-none-eabi/5.4.1/armv7-m/libcr_eabihelpers.a
END GROUP
                0x00000000                __base_MFlash512 = 0x0
                0x00000000                __base_Flash = 0x0
                0x00080000                __top_MFlash512 = 0x80000
                0x00080000                __top_Flash = 0x80000
                0x10000000                __base_RamLoc32 = 0x10000000
                0x10000000                __base_RAM = 0x10000000
                0x10008000                __top_RamLoc32 = 0x10008000
                0x10008000                __top_RAM = 0x10008000
                0x2007c000                __base_RamAHB32 = 0x2007c000
                0x2007c000                __base_RAM2 = 0x2007c000
                0x20084000                __top_RamAHB32 = 0x20084000
                0x20084000                __top_RAM2 = 0x20084000

.text           0x00000000     0x8a98
 FILL mask 0xff
                0x00000000                __vectors_start__ = ABSOLUTE (.)
 *(.isr_vector)
 .isr_vector    0x00000000       0xcc ./src/cr_startup_lpc17.o
                0x00000000                g_pfnVectors
                0x000000cc                . = ALIGN (0x4)
                0x000000cc                __section_table_start = .
                0x000000cc                __data_section_table = .
                0x000000cc        0x4 LONG 0x8a9c LOADADDR (.data)
                0x000000d0        0x4 LONG 0x10000000 ADDR (.data)
                0x000000d4        0x4 LONG 0x3300 SIZEOF (.data)
                0x000000d8        0x4 LONG 0x8a98 LOADADDR (.data_RAM2)
                0x000000dc        0x4 LONG 0x2007c000 ADDR (.data_RAM2)
                0x000000e0        0x4 LONG 0x4 SIZEOF (.data_RAM2)
                0x000000e4                __data_section_table_end = .
                0x000000e4                __bss_section_table = .
                0x000000e4        0x4 LONG 0x10003300 ADDR (.bss)
                0x000000e8        0x4 LONG 0x238c SIZEOF (.bss)
                0x000000ec        0x4 LONG 0x2007c004 ADDR (.bss_RAM2)
                0x000000f0        0x4 LONG 0x0 SIZEOF (.bss_RAM2)
                0x000000f4                __bss_section_table_end = .
                0x000000f4                __section_table_end = .
 *(.after_vectors*)
 .after_vectors
                0x000000f4      0x12c ./src/cr_startup_lpc17.o
                0x000000f4                data_init
                0x00000138                bss_init
                0x00000170                ResetISR
                0x000001e8                NMI_Handler
                0x000001f0                HardFault_Handler
                0x000001f8                MemManage_Handler
                0x00000200                BusFault_Handler
                0x00000208                UsageFault_Handler
                0x00000210                DebugMon_Handler
                0x00000218                TIMER2_IRQHandler
                0x00000218                RIT_IRQHandler
                0x00000218                I2C0_IRQHandler
                0x00000218                USBActivity_IRQHandler
                0x00000218                PWM1_IRQHandler
                0x00000218                I2C1_IRQHandler
                0x00000218                EINT2_IRQHandler
                0x00000218                UART1_IRQHandler
                0x00000218                EINT3_IRQHandler
                0x00000218                CANActivity_IRQHandler
                0x00000218                TIMER3_IRQHandler
                0x00000218                UART0_IRQHandler
                0x00000218                IntDefaultHandler
                0x00000218                PLL0_IRQHandler
                0x00000218                CAN_IRQHandler
                0x00000218                PLL1_IRQHandler
                0x00000218                SSP0_IRQHandler
                0x00000218                I2S_IRQHandler
                0x00000218                I2C2_IRQHandler
                0x00000218                RTC_IRQHandler
                0x00000218                TIMER0_IRQHandler
                0x00000218                SPI_IRQHandler
                0x00000218                EINT1_IRQHandler
                0x00000218                TIMER1_IRQHandler
                0x00000218                UART2_IRQHandler
                0x00000218                ADC_IRQHandler
                0x00000218                SSP1_IRQHandler
                0x00000218                USB_IRQHandler
                0x00000218                BOD_IRQHandler
                0x00000218                WDT_IRQHandler
                0x00000218                QEI_IRQHandler
                0x00000218                EINT0_IRQHandler
                0x00000218                UART3_IRQHandler
                0x00000218                MCPWM_IRQHandler
                0x00000218                ENET_IRQHandler
 *(.text*)
 .text.task_cat
                0x00000220      0x20c ./src/cat.o
                0x00000220                task_cat
 .text.detect_collision
                0x0000042c       0x98 ./src/commons.o
                0x0000042c                detect_collision
 .text.init_joystick
                0x000004c4       0x1c ./src/commons.o
                0x000004c4                init_joystick
 .text.init_queue
                0x000004e0      0x104 ./src/commons.o
                0x000004e0                init_queue
 .text.clear_pix_on_same_dir
                0x000005e4       0xdc ./src/commons.o
                0x000005e4                clear_pix_on_same_dir
 .text.buffer_filled
                0x000006c0       0x28 ./src/dtmf_detection.o
                0x000006c0                buffer_filled
 .text.init_dtmf
                0x000006e8       0x40 ./src/dtmf_detection.o
                0x000006e8                init_dtmf
 .text.init_module_dtmf
                0x00000728       0xbc ./src/dtmf_detection.o
                0x00000728                init_module_dtmf
 .text.init_all_module_dtmf
                0x000007e4       0x40 ./src/dtmf_detection.o
                0x000007e4                init_all_module_dtmf
 .text.decodage_fourier
                0x00000824       0xd0 ./src/dtmf_detection.o
                0x00000824                decodage_fourier
 .text.get_cat_joystick
                0x000008f4       0xb0 ./src/dtmf_detection.o
                0x000008f4                get_cat_joystick
 .text.speed_mouse
                0x000009a4       0x30 ./src/mouse.o
                0x000009a4                speed_mouse
 .text.mouse_move
                0x000009d4       0xe8 ./src/mouse.o
                0x000009d4                mouse_move
 .text.read_joystick
                0x00000abc       0x1c ./src/mouse.o
                0x00000abc                read_joystick
 .text.from_joystick
                0x00000ad8       0x54 ./src/mouse.o
                0x00000ad8                from_joystick
 .text.task_mouse
                0x00000b2c       0xd8 ./src/mouse.o
                0x00000b2c                task_mouse
 .text.mouse_state_init
                0x00000c04       0x54 ./src/objects.o
                0x00000c04                mouse_state_init
 .text.cat_init
                0x00000c58       0x24 ./src/objects.o
                0x00000c58                cat_init
 .text.cat_state_init
                0x00000c7c       0x20 ./src/objects.o
                0x00000c7c                cat_state_init
 .text.world_init
                0x00000c9c       0x2c ./src/rendering.o
                0x00000c9c                world_init
 .text.task_rendering
                0x00000cc8      0x374 ./src/rendering.o
                0x00000cc8                task_rendering
 .text.load_sprites
                0x0000103c      0x178 ./src/rendering.o
                0x0000103c                load_sprites
 .text.draw_playground
                0x000011b4       0xa0 ./src/rendering.o
                0x000011b4                draw_playground
 .text.draw_full_gauge
                0x00001254       0x38 ./src/rendering.o
                0x00001254                draw_full_gauge
 .text.draw_mouse
                0x0000128c      0x314 ./src/rendering.o
                0x0000128c                draw_mouse
 .text.draw_cat
                0x000015a0      0x120 ./src/rendering.o
                0x000015a0                draw_cat
 .text.draw_message
                0x000016c0       0x48 ./src/rendering.o
                0x000016c0                draw_message
 .text.erase_message
                0x00001708       0x20 ./src/rendering.o
                0x00001708                erase_message
 .text.erase_object
                0x00001728       0x5c ./src/rendering.o
                0x00001728                erase_object
 .text.main     0x00001784       0xec ./src/tp2_cat_and_mouse.o
                0x00001784                main
 .text.write_trace
                0x00001870       0x60 ./src/trace_mgt.o
                0x00001870                write_trace
 .text.my_write_trace
                0x000018d0       0x40 ./src/trace_mgt.o
                0x000018d0                my_write_trace
 .text.uart0_send_trace
                0x00001910       0x50 ./src/trace_mgt.o
                0x00001910                uart0_send_trace
 .text.my_init_trace
                0x00001960       0x20 ./src/trace_mgt.o
                0x00001960                my_init_trace
 .text.vApplicationIdleHook
                0x00001980       0x2c ./src/trace_mgt.o
                0x00001980                vApplicationIdleHook
 .text.vListInitialise
                0x000019ac       0x40 ./FreeRTOS_src/list.o
                0x000019ac                vListInitialise
 .text.vListInitialiseItem
                0x000019ec       0x18 ./FreeRTOS_src/list.o
                0x000019ec                vListInitialiseItem
 .text.vListInsertEnd
                0x00001a04       0x50 ./FreeRTOS_src/list.o
                0x00001a04                vListInsertEnd
 .text.vListInsert
                0x00001a54       0x70 ./FreeRTOS_src/list.o
                0x00001a54                vListInsert
 .text.vListRemove
                0x00001ac4       0x50 ./FreeRTOS_src/list.o
                0x00001ac4                vListRemove
 .text.xQueueCreate
                0x00001b14       0xbc ./FreeRTOS_src/queue.o
                0x00001b14                xQueueCreate
 .text.xQueueGenericSend
                0x00001bd0      0x108 ./FreeRTOS_src/queue.o
                0x00001bd0                xQueueGenericSend
 .text.xQueueGenericSendFromISR
                0x00001cd8       0x80 ./FreeRTOS_src/queue.o
                0x00001cd8                xQueueGenericSendFromISR
 .text.xQueueGenericReceive
                0x00001d58      0x13c ./FreeRTOS_src/queue.o
                0x00001d58                xQueueGenericReceive
 .text.prvCopyDataToQueue
                0x00001e94       0x9c ./FreeRTOS_src/queue.o
 .text.prvCopyDataFromQueue
                0x00001f30       0x4c ./FreeRTOS_src/queue.o
 .text.prvUnlockQueue
                0x00001f7c       0x98 ./FreeRTOS_src/queue.o
 .text.prvIsQueueEmpty
                0x00002014       0x2c ./FreeRTOS_src/queue.o
 .text.prvIsQueueFull
                0x00002040       0x30 ./FreeRTOS_src/queue.o
 .text.xTaskGenericCreate
                0x00002070      0x15c ./FreeRTOS_src/tasks.o
                0x00002070                xTaskGenericCreate
 .text.vTaskDelayUntil
                0x000021cc       0x98 ./FreeRTOS_src/tasks.o
                0x000021cc                vTaskDelayUntil
 .text.vTaskStartScheduler
                0x00002264       0x5c ./FreeRTOS_src/tasks.o
                0x00002264                vTaskStartScheduler
 .text.vTaskSuspendAll
                0x000022c0       0x1c ./FreeRTOS_src/tasks.o
                0x000022c0                vTaskSuspendAll
 .text.xTaskResumeAll
                0x000022dc       0xf4 ./FreeRTOS_src/tasks.o
                0x000022dc                xTaskResumeAll
 .text.xTaskGetTickCount
                0x000023d0       0x24 ./FreeRTOS_src/tasks.o
                0x000023d0                xTaskGetTickCount
 .text.vTaskIncrementTick
                0x000023f4      0x12c ./FreeRTOS_src/tasks.o
                0x000023f4                vTaskIncrementTick
 .text.vTaskSwitchContext
                0x00002520      0x100 ./FreeRTOS_src/tasks.o
                0x00002520                vTaskSwitchContext
 .text.vTaskPlaceOnEventList
                0x00002620       0x60 ./FreeRTOS_src/tasks.o
                0x00002620                vTaskPlaceOnEventList
 .text.xTaskRemoveFromEventList
                0x00002680       0xa0 ./FreeRTOS_src/tasks.o
                0x00002680                xTaskRemoveFromEventList
 .text.vTaskSetTimeOutState
                0x00002720       0x2c ./FreeRTOS_src/tasks.o
                0x00002720                vTaskSetTimeOutState
 .text.xTaskCheckForTimeOut
                0x0000274c       0x88 ./FreeRTOS_src/tasks.o
                0x0000274c                xTaskCheckForTimeOut
 .text.vTaskMissedYield
                0x000027d4       0x18 ./FreeRTOS_src/tasks.o
                0x000027d4                vTaskMissedYield
 .text.prvIdleTask
                0x000027ec       0x14 ./FreeRTOS_src/tasks.o
 .text.prvInitialiseTCBVariables
                0x00002800       0x68 ./FreeRTOS_src/tasks.o
 .text.prvInitialiseTaskLists
                0x00002868       0x80 ./FreeRTOS_src/tasks.o
 .text.prvCheckTasksWaitingTermination
                0x000028e8       0x78 ./FreeRTOS_src/tasks.o
 .text.prvAddCurrentTaskToDelayedList
                0x00002960       0x6c ./FreeRTOS_src/tasks.o
 .text.prvAllocateTCBAndStack
                0x000029cc       0x64 ./FreeRTOS_src/tasks.o
 .text.prvDeleteTCB
                0x00002a30       0x20 ./FreeRTOS_src/tasks.o
 .text.pvPortMalloc
                0x00002a50      0x144 ./FreeRTOS_portable/MemMang/heap_2.o
                0x00002a50                pvPortMalloc
 .text.vPortFree
                0x00002b94       0x74 ./FreeRTOS_portable/MemMang/heap_2.o
                0x00002b94                vPortFree
 .text.pxPortInitialiseStack
                0x00002c08       0x50 ./FreeRTOS_portable/port.o
                0x00002c08                pxPortInitialiseStack
 .text.vPortSVCHandler
                0x00002c58       0x24 ./FreeRTOS_portable/port.o
                0x00002c58                vPortSVCHandler
 .text.vPortStartFirstTask
                0x00002c7c       0x18 ./FreeRTOS_portable/port.o
                0x00002c7c                vPortStartFirstTask
 .text.xPortStartScheduler
                0x00002c94       0x38 ./FreeRTOS_portable/port.o
                0x00002c94                xPortStartScheduler
 .text.vPortYieldFromISR
                0x00002ccc       0x18 ./FreeRTOS_portable/port.o
                0x00002ccc                vPortYieldFromISR
 .text.vPortEnterCritical
                0x00002ce4       0x24 ./FreeRTOS_portable/port.o
                0x00002ce4                vPortEnterCritical
 .text.vPortExitCritical
                0x00002d08       0x2c ./FreeRTOS_portable/port.o
                0x00002d08                vPortExitCritical
 .text.xPortPendSVHandler
                0x00002d34       0x40 ./FreeRTOS_portable/port.o
                0x00002d34                xPortPendSVHandler
 .text.xPortSysTickHandler
                0x00002d74       0x34 ./FreeRTOS_portable/port.o
                0x00002d74                xPortSysTickHandler
 .text.prvSetupTimerInterrupt
                0x00002da8       0x24 ./FreeRTOS_portable/port.o
 .text.rnd_32   0x00002dcc       0x78 /home/attila/LPCXpresso/workspace/TP2_cat_and_mouse_etu/Debug/libMyLab_lib.a(custom_rand.o)
                0x00002dcc                rnd_32
 .text.init_rnd32
                0x00002e44       0x6c /home/attila/LPCXpresso/workspace/TP2_cat_and_mouse_etu/Debug/libMyLab_lib.a(custom_rand.o)
                0x00002e44                init_rnd32
 .text.WriteToPHY
                0x00002eb0       0x4c /home/attila/LPCXpresso/workspace/TP2_cat_and_mouse_etu/Debug/libMyLab_lib.a(ethmac.o)
                0x00002eb0                WriteToPHY
 .text.ethernet_power_down
                0x00002efc       0xcc /home/attila/LPCXpresso/workspace/TP2_cat_and_mouse_etu/Debug/libMyLab_lib.a(ethmac.o)
                0x00002efc                ethernet_power_down
 .text.LCD_RS_ENA
                0x00002fc8       0x38 /home/attila/LPCXpresso/workspace/TP2_cat_and_mouse_etu/Debug/libMyLab_lib.a(lcd.o)
 .text.LCD_RS_DIS
                0x00003000       0x38 /home/attila/LPCXpresso/workspace/TP2_cat_and_mouse_etu/Debug/libMyLab_lib.a(lcd.o)
 .text.Write_Cmd_Data
                0x00003038       0x24 /home/attila/LPCXpresso/workspace/TP2_cat_and_mouse_etu/Debug/libMyLab_lib.a(lcd.o)
                0x00003038                Write_Cmd_Data
 .text.Write_Cmd
                0x0000305c       0x24 /home/attila/LPCXpresso/workspace/TP2_cat_and_mouse_etu/Debug/libMyLab_lib.a(lcd.o)
                0x0000305c                Write_Cmd
 .text.Write_Data
                0x00003080       0x30 /home/attila/LPCXpresso/workspace/TP2_cat_and_mouse_etu/Debug/libMyLab_lib.a(lcd.o)
                0x00003080                Write_Data
 .text.Write_Data_U16
                0x000030b0       0x24 /home/attila/LPCXpresso/workspace/TP2_cat_and_mouse_etu/Debug/libMyLab_lib.a(lcd.o)
                0x000030b0                Write_Data_U16
 .text.Delay    0x000030d4       0x30 /home/attila/LPCXpresso/workspace/TP2_cat_and_mouse_etu/Debug/libMyLab_lib.a(lcd.o)
                0x000030d4                Delay
 .text.ILI9341_Initial
                0x00003104      0x21c /home/attila/LPCXpresso/workspace/TP2_cat_and_mouse_etu/Debug/libMyLab_lib.a(lcd.o)
                0x00003104                ILI9341_Initial
 .text.init_lcd
                0x00003320       0x54 /home/attila/LPCXpresso/workspace/TP2_cat_and_mouse_etu/Debug/libMyLab_lib.a(lcd.o)
                0x00003320                init_lcd
 .text.LCD_SetPos
                0x00003374       0xb8 /home/attila/LPCXpresso/workspace/TP2_cat_and_mouse_etu/Debug/libMyLab_lib.a(lcd.o)
                0x00003374                LCD_SetPos
 .text.clear_screen
                0x0000342c       0x48 /home/attila/LPCXpresso/workspace/TP2_cat_and_mouse_etu/Debug/libMyLab_lib.a(lcd.o)
                0x0000342c                clear_screen
 .text.lcd_lineH
                0x00003474       0x60 /home/attila/LPCXpresso/workspace/TP2_cat_and_mouse_etu/Debug/libMyLab_lib.a(lcd.o)
                0x00003474                lcd_lineH
 .text.lcd_lineV
                0x000034d4       0x60 /home/attila/LPCXpresso/workspace/TP2_cat_and_mouse_etu/Debug/libMyLab_lib.a(lcd.o)
                0x000034d4                lcd_lineV
 .text.lcd_filled_circle
                0x00003534       0xac /home/attila/LPCXpresso/workspace/TP2_cat_and_mouse_etu/Debug/libMyLab_lib.a(lcd.o)
                0x00003534                lcd_filled_circle
 .text.lcd_empty_rectangle
                0x000035e0       0x7c /home/attila/LPCXpresso/workspace/TP2_cat_and_mouse_etu/Debug/libMyLab_lib.a(lcd.o)
                0x000035e0                lcd_empty_rectangle
 .text.lcd_filled_rectangle
                0x0000365c       0xa4 /home/attila/LPCXpresso/workspace/TP2_cat_and_mouse_etu/Debug/libMyLab_lib.a(lcd.o)
                0x0000365c                lcd_filled_rectangle
 .text.lcd_print_char
                0x00003700      0x108 /home/attila/LPCXpresso/workspace/TP2_cat_and_mouse_etu/Debug/libMyLab_lib.a(lcd.o)
                0x00003700                lcd_print_char
 .text.lcd_print
                0x00003808       0xf8 /home/attila/LPCXpresso/workspace/TP2_cat_and_mouse_etu/Debug/libMyLab_lib.a(lcd.o)
                0x00003808                lcd_print
 .text.read_bmp_file
                0x00003900      0x1f0 /home/attila/LPCXpresso/workspace/TP2_cat_and_mouse_etu/Debug/libMyLab_lib.a(lcd.o)
                0x00003900                read_bmp_file
 .text.display_bitmap16
                0x00003af0       0x70 /home/attila/LPCXpresso/workspace/TP2_cat_and_mouse_etu/Debug/libMyLab_lib.a(lcd.o)
                0x00003af0                display_bitmap16
 .text.NVIC_EnableIRQ
                0x00003b60       0x30 /home/attila/LPCXpresso/workspace/TP2_cat_and_mouse_etu/Debug/libMyLab_lib.a(read_adc_dma.o)
 .text.DMA_IRQHandler
                0x00003b90       0x30 /home/attila/LPCXpresso/workspace/TP2_cat_and_mouse_etu/Debug/libMyLab_lib.a(read_adc_dma.o)
                0x00003b90                DMA_IRQHandler
 .text.init_dma
                0x00003bc0       0x78 /home/attila/LPCXpresso/workspace/TP2_cat_and_mouse_etu/Debug/libMyLab_lib.a(read_adc_dma.o)
                0x00003bc0                init_dma
 .text.init_adc_dma
                0x00003c38      0x10c /home/attila/LPCXpresso/workspace/TP2_cat_and_mouse_etu/Debug/libMyLab_lib.a(read_adc_dma.o)
                0x00003c38                init_adc_dma
 .text.ssp_init_custom
                0x00003d44       0x84 /home/attila/LPCXpresso/workspace/TP2_cat_and_mouse_etu/Debug/libMyLab_lib.a(ssp.o)
                0x00003d44                ssp_init_custom
 .text.ssp_send_buf
                0x00003dc8       0x48 /home/attila/LPCXpresso/workspace/TP2_cat_and_mouse_etu/Debug/libMyLab_lib.a(ssp.o)
                0x00003dc8                ssp_send_buf
 .text.uart0_init
                0x00003e10       0xac /home/attila/LPCXpresso/workspace/TP2_cat_and_mouse_etu/Debug/libMyLab_lib.a(uart.o)
                0x00003e10                uart0_init
 .text.adc_init
                0x00003ebc       0xd8 /home/attila/LPCXpresso/workspace/TP2_cat_and_mouse_etu/Debug/libMyLab_lib.a(adc.o)
                0x00003ebc                adc_init
 .text.SystemInit
                0x00003f94       0xe4 /home/attila/LPCXpresso/workspace/CMSISv2p00_LPC17xx/Debug/libCMSISv2p00_LPC17xx.a(system_LPC17xx.o)
                0x00003f94                SystemInit
 .text.__main   0x00004078       0x14 /usr/local/lpcxpresso_8.2.2_650/lpcxpresso/tools/bin/../lib/gcc/arm-none-eabi/5.4.1/../../../../arm-none-eabi/lib/armv7-m/libcr_semihost.a(_cr__main.o)
                0x00004078                __main
                0x00004078                __CR_SEMIHOST
 .text.cosf     0x0000408c       0x38 /usr/local/lpcxpresso_8.2.2_650/lpcxpresso/tools/bin/../lib/gcc/arm-none-eabi/5.4.1/../../../../arm-none-eabi/lib/armv7-m/libcr_c.a(cosf.o)
                0x0000408c                cosf
 .text.fabsf    0x000040c4       0x16 /usr/local/lpcxpresso_8.2.2_650/lpcxpresso/tools/bin/../lib/gcc/arm-none-eabi/5.4.1/../../../../arm-none-eabi/lib/armv7-m/libcr_c.a(fabsf.o)
                0x000040c4                fabsf
 .text.sinf     0x000040da       0x28 /usr/local/lpcxpresso_8.2.2_650/lpcxpresso/tools/bin/../lib/gcc/arm-none-eabi/5.4.1/../../../../arm-none-eabi/lib/armv7-m/libcr_c.a(sinf.o)
                0x000040da                sinf
 .text.memcpy   0x00004102        0x4 /usr/local/lpcxpresso_8.2.2_650/lpcxpresso/tools/bin/../lib/gcc/arm-none-eabi/5.4.1/../../../../arm-none-eabi/lib/armv7-m/libcr_c.a(memcpy.o)
                0x00004102                memcpy
 .text.memset   0x00004106        0x4 /usr/local/lpcxpresso_8.2.2_650/lpcxpresso/tools/bin/../lib/gcc/arm-none-eabi/5.4.1/../../../../arm-none-eabi/lib/armv7-m/libcr_c.a(memset.o)
                0x00004106                memset
 *fill*         0x0000410a        0x2 ff
 .text.malloc   0x0000410c       0xc8 /usr/local/lpcxpresso_8.2.2_650/lpcxpresso/tools/bin/../lib/gcc/arm-none-eabi/5.4.1/../../../../arm-none-eabi/lib/armv7-m/libcr_c.a(alloc.o)
                0x0000410c                malloc
 .text.free     0x000041d4       0x30 /usr/local/lpcxpresso_8.2.2_650/lpcxpresso/tools/bin/../lib/gcc/arm-none-eabi/5.4.1/../../../../arm-none-eabi/lib/armv7-m/libcr_c.a(alloc.o)
                0x000041d4                free
 .text.calloc   0x00004204       0x50 /usr/local/lpcxpresso_8.2.2_650/lpcxpresso/tools/bin/../lib/gcc/arm-none-eabi/5.4.1/../../../../arm-none-eabi/lib/armv7-m/libcr_c.a(alloc.o)
                0x00004204                calloc
 .text._Csys_alloc
                0x00004254       0x20 /usr/local/lpcxpresso_8.2.2_650/lpcxpresso/tools/bin/../lib/gcc/arm-none-eabi/5.4.1/../../../../arm-none-eabi/lib/armv7-m/libcr_c.a(alloc.o)
                0x00004254                _Csys_alloc
 .text.fclose   0x00004274       0x6c /usr/local/lpcxpresso_8.2.2_650/lpcxpresso/tools/bin/../lib/gcc/arm-none-eabi/5.4.1/../../../../arm-none-eabi/lib/armv7-m/libcr_c.a(fclose.o)
                0x00004274                fclose
 .text.fflush   0x000042e0       0x30 /usr/local/lpcxpresso_8.2.2_650/lpcxpresso/tools/bin/../lib/gcc/arm-none-eabi/5.4.1/../../../../arm-none-eabi/lib/armv7-m/libcr_c.a(fflush.o)
                0x000042e0                fflush
 .text.fopen    0x00004310       0x28 /usr/local/lpcxpresso_8.2.2_650/lpcxpresso/tools/bin/../lib/gcc/arm-none-eabi/5.4.1/../../../../arm-none-eabi/lib/armv7-m/libcr_c.a(fopen.o)
                0x00004310                fopen
 .text.fp_round
                0x00004338       0x4c /usr/local/lpcxpresso_8.2.2_650/lpcxpresso/tools/bin/../lib/gcc/arm-none-eabi/5.4.1/../../../../arm-none-eabi/lib/armv7-m/libcr_c.a(fpprintf.o)
 .text.pr_dec.constprop.1
                0x00004384       0x26 /usr/local/lpcxpresso_8.2.2_650/lpcxpresso/tools/bin/../lib/gcc/arm-none-eabi/5.4.1/../../../../arm-none-eabi/lib/armv7-m/libcr_c.a(fpprintf.o)
 *fill*         0x000043aa        0x2 ff
 .text.sprintf  0x000043ac       0x6c /usr/local/lpcxpresso_8.2.2_650/lpcxpresso/tools/bin/../lib/gcc/arm-none-eabi/5.4.1/../../../../arm-none-eabi/lib/armv7-m/libcr_c.a(fpprintf.o)
                0x000043ac                sprintf
 .text.fp_display
                0x00004418      0x8ec /usr/local/lpcxpresso_8.2.2_650/lpcxpresso/tools/bin/../lib/gcc/arm-none-eabi/5.4.1/../../../../arm-none-eabi/lib/armv7-m/libcr_c.a(fpprintf.o)
 .text.vsprintf
                0x00004d04       0x5c /usr/local/lpcxpresso_8.2.2_650/lpcxpresso/tools/bin/../lib/gcc/arm-none-eabi/5.4.1/../../../../arm-none-eabi/lib/armv7-m/libcr_c.a(fpprintf.o)
                0x00004d04                vsprintf
 .text.vsnprintf
                0x00004d60       0x5c /usr/local/lpcxpresso_8.2.2_650/lpcxpresso/tools/bin/../lib/gcc/arm-none-eabi/5.4.1/../../../../arm-none-eabi/lib/armv7-m/libcr_c.a(fpprintf.o)
                0x00004d60                vsnprintf
 .text.printf   0x00004dbc       0x54 /usr/local/lpcxpresso_8.2.2_650/lpcxpresso/tools/bin/../lib/gcc/arm-none-eabi/5.4.1/../../../../arm-none-eabi/lib/armv7-m/libcr_c.a(fpprintf.o)
                0x00004dbc                printf
 .text.fread    0x00004e10       0x1a /usr/local/lpcxpresso_8.2.2_650/lpcxpresso/tools/bin/../lib/gcc/arm-none-eabi/5.4.1/../../../../arm-none-eabi/lib/armv7-m/libcr_c.a(fread.o)
                0x00004e10                fread
 .text.freopen  0x00004e2a       0x88 /usr/local/lpcxpresso_8.2.2_650/lpcxpresso/tools/bin/../lib/gcc/arm-none-eabi/5.4.1/../../../../arm-none-eabi/lib/armv7-m/libcr_c.a(freopen.o)
                0x00004e2a                freopen
 *fill*         0x00004eb2        0x2 ff
 .text.fseek    0x00004eb4      0x110 /usr/local/lpcxpresso_8.2.2_650/lpcxpresso/tools/bin/../lib/gcc/arm-none-eabi/5.4.1/../../../../arm-none-eabi/lib/armv7-m/libcr_c.a(fseek.o)
                0x00004eb4                fseek
 .text.ftell    0x00004fc4       0x4c /usr/local/lpcxpresso_8.2.2_650/lpcxpresso/tools/bin/../lib/gcc/arm-none-eabi/5.4.1/../../../../arm-none-eabi/lib/armv7-m/libcr_c.a(ftell.o)
                0x00004fc4                ftell
 .text._initio  0x00005010       0xa4 /usr/local/lpcxpresso_8.2.2_650/lpcxpresso/tools/bin/../lib/gcc/arm-none-eabi/5.4.1/../../../../arm-none-eabi/lib/armv7-m/libcr_c.a(initio.o)
                0x00005010                _initio
 .text._terminateio
                0x000050b4       0x44 /usr/local/lpcxpresso_8.2.2_650/lpcxpresso/tools/bin/../lib/gcc/arm-none-eabi/5.4.1/../../../../arm-none-eabi/lib/armv7-m/libcr_c.a(initio.o)
                0x000050b4                _terminateio
 .text.__vfprintf
                0x000050f8      0xd28 /usr/local/lpcxpresso_8.2.2_650/lpcxpresso/tools/bin/../lib/gcc/arm-none-eabi/5.4.1/../../../../arm-none-eabi/lib/armv7-m/libcr_c.a(printf.o)
                0x000050f8                __vfprintf
 .text.remove   0x00005e20       0x14 /usr/local/lpcxpresso_8.2.2_650/lpcxpresso/tools/bin/../lib/gcc/arm-none-eabi/5.4.1/../../../../arm-none-eabi/lib/armv7-m/libcr_c.a(remove.o)
                0x00005e20                remove
 .text.setvbuf  0x00005e34       0x40 /usr/local/lpcxpresso_8.2.2_650/lpcxpresso/tools/bin/../lib/gcc/arm-none-eabi/5.4.1/../../../../arm-none-eabi/lib/armv7-m/libcr_c.a(setvbuf.o)
                0x00005e34                setvbuf
 *fill*         0x00005e74        0x4 ff
 .text.sqrt     0x00005e78      0x11c /usr/local/lpcxpresso_8.2.2_650/lpcxpresso/tools/bin/../lib/gcc/arm-none-eabi/5.4.1/../../../../arm-none-eabi/lib/armv7-m/libcr_c.a(sqrt.o)
                0x00005e78                sqrt
 .text.exit     0x00005f94       0x2c /usr/local/lpcxpresso_8.2.2_650/lpcxpresso/tools/bin/../lib/gcc/arm-none-eabi/5.4.1/../../../../arm-none-eabi/lib/armv7-m/libcr_c.a(stdlib.o)
                0x00005f94                exit
 .text.strlen   0x00005fc0       0x4a /usr/local/lpcxpresso_8.2.2_650/lpcxpresso/tools/bin/../lib/gcc/arm-none-eabi/5.4.1/../../../../arm-none-eabi/lib/armv7-m/libcr_c.a(strlen.o)
                0x00005fc0                strlen
 .text.strncpy  0x0000600a       0x56 /usr/local/lpcxpresso_8.2.2_650/lpcxpresso/tools/bin/../lib/gcc/arm-none-eabi/5.4.1/../../../../arm-none-eabi/lib/armv7-m/libcr_c.a(strncpy.o)
                0x0000600a                strncpy
 .text._sincosf
                0x00006060      0x14c /usr/local/lpcxpresso_8.2.2_650/lpcxpresso/tools/bin/../lib/gcc/arm-none-eabi/5.4.1/../../../../arm-none-eabi/lib/armv7-m/libcr_c.a(_sincosf.o)
                0x00006060                _sincosf
 .text._Csys_read_
                0x000061ac       0x22 /usr/local/lpcxpresso_8.2.2_650/lpcxpresso/tools/bin/../lib/gcc/arm-none-eabi/5.4.1/../../../../arm-none-eabi/lib/armv7-m/libcr_c.a(__fillbuf.o)
                0x000061ac                _Csys_read_
 *fill*         0x000061ce        0x2 ff
 .text.__filbuf
                0x000061d0      0x178 /usr/local/lpcxpresso_8.2.2_650/lpcxpresso/tools/bin/../lib/gcc/arm-none-eabi/5.4.1/../../../../arm-none-eabi/lib/armv7-m/libcr_c.a(__fillbuf.o)
                0x000061d0                __filbuf
 .text._fillb2  0x00006348       0x1c /usr/local/lpcxpresso_8.2.2_650/lpcxpresso/tools/bin/../lib/gcc/arm-none-eabi/5.4.1/../../../../arm-none-eabi/lib/armv7-m/libcr_c.a(__fillbuf.o)
                0x00006348                _fillb2
 .text._sbrk    0x00006364       0x40 /usr/local/lpcxpresso_8.2.2_650/lpcxpresso/tools/bin/../lib/gcc/arm-none-eabi/5.4.1/../../../../arm-none-eabi/lib/armv7-m/libcr_c.a(_cr_sbrk.o)
                0x00006364                _sbrk
 .text._deferredlazyseek
                0x000063a4       0x44 /usr/local/lpcxpresso_8.2.2_650/lpcxpresso/tools/bin/../lib/gcc/arm-none-eabi/5.4.1/../../../../arm-none-eabi/lib/armv7-m/libcr_c.a(_deferredlazyseek.o)
                0x000063a4                _deferredlazyseek
 .text.__flsbuf
                0x000063e8      0x140 /usr/local/lpcxpresso_8.2.2_650/lpcxpresso/tools/bin/../lib/gcc/arm-none-eabi/5.4.1/../../../../arm-none-eabi/lib/armv7-m/libcr_c.a(_deferredlazyseek.o)
                0x000063e8                __flsbuf
 .text._do_fflush
                0x00006528       0x44 /usr/local/lpcxpresso_8.2.2_650/lpcxpresso/tools/bin/../lib/gcc/arm-none-eabi/5.4.1/../../../../arm-none-eabi/lib/armv7-m/libcr_c.a(_do_fflush.o)
                0x00006528                _do_fflush
 .text._fdopen  0x0000656c       0x6a /usr/local/lpcxpresso_8.2.2_650/lpcxpresso/tools/bin/../lib/gcc/arm-none-eabi/5.4.1/../../../../arm-none-eabi/lib/armv7-m/libcr_c.a(_fdopen.o)
                0x0000656c                _fdopen
 .text._fflush  0x000065d6       0x58 /usr/local/lpcxpresso_8.2.2_650/lpcxpresso/tools/bin/../lib/gcc/arm-none-eabi/5.4.1/../../../../arm-none-eabi/lib/armv7-m/libcr_c.a(_fflush.o)
                0x000065d6                _fflush
 .text._frexpl  0x0000662e       0x5a /usr/local/lpcxpresso_8.2.2_650/lpcxpresso/tools/bin/../lib/gcc/arm-none-eabi/5.4.1/../../../../arm-none-eabi/lib/armv7-m/libcr_c.a(_frexpl.o)
                0x0000662e                _frexpl
 .text._ldexpl  0x00006688       0x4c /usr/local/lpcxpresso_8.2.2_650/lpcxpresso/tools/bin/../lib/gcc/arm-none-eabi/5.4.1/../../../../arm-none-eabi/lib/armv7-m/libcr_c.a(_ldexpl.o)
                0x00006688                _ldexpl
 .text._Cread   0x000066d4       0x8c /usr/local/lpcxpresso_8.2.2_650/lpcxpresso/tools/bin/../lib/gcc/arm-none-eabi/5.4.1/../../../../arm-none-eabi/lib/armv7-m/libcr_c.a(_read.o)
                0x000066d4                _Cread
 .text._Cwritebuf
                0x00006760       0x68 /usr/local/lpcxpresso_8.2.2_650/lpcxpresso/tools/bin/../lib/gcc/arm-none-eabi/5.4.1/../../../../arm-none-eabi/lib/armv7-m/libcr_c.a(_writebuf.o)
                0x00006760                _Cwritebuf
 .text.__check_heap_overflow
                0x000067c8       0x18 /usr/local/lpcxpresso_8.2.2_650/lpcxpresso/tools/bin/../lib/gcc/arm-none-eabi/5.4.1/../../../../arm-none-eabi/lib/armv7-m/libcr_c.a(_cr_check_heap.o)
                0x000067c8                __check_heap_overflow
 .text.__aeabi_dmul
                0x000067e0      0x110 /usr/local/lpcxpresso_8.2.2_650/lpcxpresso/tools/bin/../lib/gcc/arm-none-eabi/5.4.1/armv7-m/libcr_eabihelpers.a(double.o)
                0x000067e0                __aeabi_dmul
 .text.__aeabi_ddiv
                0x000068f0      0x138 /usr/local/lpcxpresso_8.2.2_650/lpcxpresso/tools/bin/../lib/gcc/arm-none-eabi/5.4.1/armv7-m/libcr_eabihelpers.a(double.o)
                0x000068f0                __aeabi_ddiv
 .text.__aeabi_dsub
                0x00006a28      0x1a0 /usr/local/lpcxpresso_8.2.2_650/lpcxpresso/tools/bin/../lib/gcc/arm-none-eabi/5.4.1/armv7-m/libcr_eabihelpers.a(double.o)
                0x00006a28                __aeabi_dsub
 .text.__aeabi_dadd
                0x00006bc8      0x10c /usr/local/lpcxpresso_8.2.2_650/lpcxpresso/tools/bin/../lib/gcc/arm-none-eabi/5.4.1/armv7-m/libcr_eabihelpers.a(double.o)
                0x00006bc8                __aeabi_dadd
 .text.__aeabi_d2f
                0x00006cd4       0x54 /usr/local/lpcxpresso_8.2.2_650/lpcxpresso/tools/bin/../lib/gcc/arm-none-eabi/5.4.1/armv7-m/libcr_eabihelpers.a(double.o)
                0x00006cd4                __aeabi_d2f
 .text.__aeabi_d2iz
                0x00006d28       0x40 /usr/local/lpcxpresso_8.2.2_650/lpcxpresso/tools/bin/../lib/gcc/arm-none-eabi/5.4.1/armv7-m/libcr_eabihelpers.a(double.o)
                0x00006d28                __aeabi_d2iz
 .text.__bhs_ui2d
                0x00006d68       0x46 /usr/local/lpcxpresso_8.2.2_650/lpcxpresso/tools/bin/../lib/gcc/arm-none-eabi/5.4.1/armv7-m/libcr_eabihelpers.a(double.o)
                0x00006d68                __bhs_ui2d
 .text.__aeabi_i2d
                0x00006dae       0x10 /usr/local/lpcxpresso_8.2.2_650/lpcxpresso/tools/bin/../lib/gcc/arm-none-eabi/5.4.1/armv7-m/libcr_eabihelpers.a(double.o)
                0x00006dae                __aeabi_i2d
 .text.__aeabi_ui2d
                0x00006dbe        0x8 /usr/local/lpcxpresso_8.2.2_650/lpcxpresso/tools/bin/../lib/gcc/arm-none-eabi/5.4.1/armv7-m/libcr_eabihelpers.a(double.o)
                0x00006dbe                __aeabi_ui2d
 .text.__aeabi_dcmpeq
                0x00006dc6       0x2c /usr/local/lpcxpresso_8.2.2_650/lpcxpresso/tools/bin/../lib/gcc/arm-none-eabi/5.4.1/armv7-m/libcr_eabihelpers.a(double.o)
                0x00006dc6                __aeabi_dcmpeq
 .text.__aeabi_dcmplt
                0x00006df2       0x54 /usr/local/lpcxpresso_8.2.2_650/lpcxpresso/tools/bin/../lib/gcc/arm-none-eabi/5.4.1/armv7-m/libcr_eabihelpers.a(double.o)
                0x00006df2                __aeabi_dcmplt
 .text.__aeabi_dcmple
                0x00006e46       0x54 /usr/local/lpcxpresso_8.2.2_650/lpcxpresso/tools/bin/../lib/gcc/arm-none-eabi/5.4.1/armv7-m/libcr_eabihelpers.a(double.o)
                0x00006e46                __aeabi_dcmple
 .text.__aeabi_dcmpge
                0x00006e9a       0x54 /usr/local/lpcxpresso_8.2.2_650/lpcxpresso/tools/bin/../lib/gcc/arm-none-eabi/5.4.1/armv7-m/libcr_eabihelpers.a(double.o)
                0x00006e9a                __aeabi_dcmpge
 *fill*         0x00006eee        0x2 ff
 .text.__aeabi_fmul
                0x00006ef0       0xb0 /usr/local/lpcxpresso_8.2.2_650/lpcxpresso/tools/bin/../lib/gcc/arm-none-eabi/5.4.1/armv7-m/libcr_eabihelpers.a(float.o)
                0x00006ef0                __aeabi_fmul
 .text.__aeabi_fdiv
                0x00006fa0       0xc0 /usr/local/lpcxpresso_8.2.2_650/lpcxpresso/tools/bin/../lib/gcc/arm-none-eabi/5.4.1/armv7-m/libcr_eabihelpers.a(float.o)
                0x00006fa0                __aeabi_fdiv
 .text.__aeabi_fsub
                0x00007060       0xe0 /usr/local/lpcxpresso_8.2.2_650/lpcxpresso/tools/bin/../lib/gcc/arm-none-eabi/5.4.1/armv7-m/libcr_eabihelpers.a(float.o)
                0x00007060                __aeabi_fsub
 .text.__aeabi_fadd
                0x00007140       0xac /usr/local/lpcxpresso_8.2.2_650/lpcxpresso/tools/bin/../lib/gcc/arm-none-eabi/5.4.1/armv7-m/libcr_eabihelpers.a(float.o)
                0x00007140                __aeabi_fadd
 .text.__aeabi_f2iz
                0x000071ec       0x32 /usr/local/lpcxpresso_8.2.2_650/lpcxpresso/tools/bin/../lib/gcc/arm-none-eabi/5.4.1/armv7-m/libcr_eabihelpers.a(float.o)
                0x000071ec                __aeabi_f2iz
 .text.__bhs_ui2f
                0x0000721e       0x26 /usr/local/lpcxpresso_8.2.2_650/lpcxpresso/tools/bin/../lib/gcc/arm-none-eabi/5.4.1/armv7-m/libcr_eabihelpers.a(float.o)
                0x0000721e                __bhs_ui2f
 .text.__aeabi_i2f
                0x00007244       0x10 /usr/local/lpcxpresso_8.2.2_650/lpcxpresso/tools/bin/../lib/gcc/arm-none-eabi/5.4.1/armv7-m/libcr_eabihelpers.a(float.o)
                0x00007244                __aeabi_i2f
 .text.__aeabi_ui2f
                0x00007254        0x8 /usr/local/lpcxpresso_8.2.2_650/lpcxpresso/tools/bin/../lib/gcc/arm-none-eabi/5.4.1/armv7-m/libcr_eabihelpers.a(float.o)
                0x00007254                __aeabi_ui2f
 .text.__aeabi_f2d
                0x0000725c       0x38 /usr/local/lpcxpresso_8.2.2_650/lpcxpresso/tools/bin/../lib/gcc/arm-none-eabi/5.4.1/armv7-m/libcr_eabihelpers.a(float.o)
                0x0000725c                __aeabi_f2d
 .text.__aeabi_fcmplt
                0x00007294       0x3a /usr/local/lpcxpresso_8.2.2_650/lpcxpresso/tools/bin/../lib/gcc/arm-none-eabi/5.4.1/armv7-m/libcr_eabihelpers.a(float.o)
                0x00007294                __aeabi_fcmplt
 .text.__aeabi_fcmpgt
                0x000072ce       0x3a /usr/local/lpcxpresso_8.2.2_650/lpcxpresso/tools/bin/../lib/gcc/arm-none-eabi/5.4.1/armv7-m/libcr_eabihelpers.a(float.o)
                0x000072ce                __aeabi_fcmpgt
 .text.__aeabi_fcmpge
                0x00007308       0x3e /usr/local/lpcxpresso_8.2.2_650/lpcxpresso/tools/bin/../lib/gcc/arm-none-eabi/5.4.1/armv7-m/libcr_eabihelpers.a(float.o)
                0x00007308                __aeabi_fcmpge
 .text.__aeabi_memcpy
                0x00007346       0x34 /usr/local/lpcxpresso_8.2.2_650/lpcxpresso/tools/bin/../lib/gcc/arm-none-eabi/5.4.1/armv7-m/libcr_eabihelpers.a(memcpy.o)
                0x00007346                __aeabi_memcpy
                0x00007350                __aeabi_memcpy4
                0x00007350                __aeabi_memcpy8
 .text.__aeabi_memset_lowlevel
                0x0000737a       0x32 /usr/local/lpcxpresso_8.2.2_650/lpcxpresso/tools/bin/../lib/gcc/arm-none-eabi/5.4.1/armv7-m/libcr_eabihelpers.a(memcpy.o)
                0x0000737a                __aeabi_lowlevel_memset
 .text.__sys_appexit
                0x000073ac        0xc /usr/local/lpcxpresso_8.2.2_650/lpcxpresso/tools/bin/../lib/gcc/arm-none-eabi/5.4.1/../../../../arm-none-eabi/lib/armv7-m/libcr_semihost.a(__sys_appexit.o)
                0x000073ac                __exit
                0x000073ac                __sys_appexit
 .text.__sys_close
                0x000073b8        0xc /usr/local/lpcxpresso_8.2.2_650/lpcxpresso/tools/bin/../lib/gcc/arm-none-eabi/5.4.1/../../../../arm-none-eabi/lib/armv7-m/libcr_semihost.a(__sys_close.o)
                0x000073b8                __sys_close
 .text.__sys_flen
                0x000073c4        0xc /usr/local/lpcxpresso_8.2.2_650/lpcxpresso/tools/bin/../lib/gcc/arm-none-eabi/5.4.1/../../../../arm-none-eabi/lib/armv7-m/libcr_semihost.a(__sys_flen.o)
                0x000073c4                __sys_flen
 .text.__sys_istty
                0x000073d0        0xc /usr/local/lpcxpresso_8.2.2_650/lpcxpresso/tools/bin/../lib/gcc/arm-none-eabi/5.4.1/../../../../arm-none-eabi/lib/armv7-m/libcr_semihost.a(__sys_istty.o)
                0x000073d0                __sys_istty
 .text.__sys_open
                0x000073dc        0xc /usr/local/lpcxpresso_8.2.2_650/lpcxpresso/tools/bin/../lib/gcc/arm-none-eabi/5.4.1/../../../../arm-none-eabi/lib/armv7-m/libcr_semihost.a(__sys_open.o)
                0x000073dc                __sys_open
 .text.__sys_read
                0x000073e8        0xc /usr/local/lpcxpresso_8.2.2_650/lpcxpresso/tools/bin/../lib/gcc/arm-none-eabi/5.4.1/../../../../arm-none-eabi/lib/armv7-m/libcr_semihost.a(__sys_read.o)
                0x000073e8                __sys_read
 .text.__sys_readc
                0x000073f4        0x8 /usr/local/lpcxpresso_8.2.2_650/lpcxpresso/tools/bin/../lib/gcc/arm-none-eabi/5.4.1/../../../../arm-none-eabi/lib/armv7-m/libcr_semihost.a(__sys_readc.o)
                0x000073f4                __readc
                0x000073f4                __sys_readc
 .text.__sys_remove
                0x000073fc        0xc /usr/local/lpcxpresso_8.2.2_650/lpcxpresso/tools/bin/../lib/gcc/arm-none-eabi/5.4.1/../../../../arm-none-eabi/lib/armv7-m/libcr_semihost.a(__sys_remove.o)
                0x000073fc                __sys_remove
 .text.__sys_seek
                0x00007408        0xc /usr/local/lpcxpresso_8.2.2_650/lpcxpresso/tools/bin/../lib/gcc/arm-none-eabi/5.4.1/../../../../arm-none-eabi/lib/armv7-m/libcr_semihost.a(__sys_seek.o)
                0x00007408                __sys_seek
 .text.__sys_tmpnam
                0x00007414        0xc /usr/local/lpcxpresso_8.2.2_650/lpcxpresso/tools/bin/../lib/gcc/arm-none-eabi/5.4.1/../../../../arm-none-eabi/lib/armv7-m/libcr_semihost.a(__sys_tmpnam.o)
                0x00007414                __sys_tmpnam
 .text.__sys_write
                0x00007420        0xc /usr/local/lpcxpresso_8.2.2_650/lpcxpresso/tools/bin/../lib/gcc/arm-none-eabi/5.4.1/../../../../arm-none-eabi/lib/armv7-m/libcr_semihost.a(__sys_write.o)
                0x00007420                __write
                0x00007420                __sys_write
 *(.rodata .rodata.* .constdata .constdata.*)
 .rodata        0x0000742c       0x30 ./src/cat.o
 .rodata        0x0000745c      0x106 ./src/commons.o
 *fill*         0x00007562        0x2 ff
 .rodata        0x00007564       0x33 ./src/dtmf_detection.o
 *fill*         0x00007597        0x1 ff
 .rodata        0x00007598       0x32 ./src/mouse.o
 *fill*         0x000075ca        0x2 ff
 .rodata        0x000075cc      0x195 ./src/rendering.o
 *fill*         0x00007761        0x3 ff
 .rodata        0x00007764       0x73 ./src/tp2_cat_and_mouse.o
 *fill*         0x000077d7        0x1 ff
 .rodata        0x000077d8       0x2c ./src/trace_mgt.o
 .rodata        0x00007804        0x5 ./FreeRTOS_src/tasks.o
 *fill*         0x00007809        0x3 ff
 .rodata        0x0000780c      0x19b /home/attila/LPCXpresso/workspace/TP2_cat_and_mouse_etu/Debug/libMyLab_lib.a(lcd.o)
 *fill*         0x000079a7        0x1 ff
 .rodata.SmallFont
                0x000079a8      0x478 /home/attila/LPCXpresso/workspace/TP2_cat_and_mouse_etu/Debug/libMyLab_lib.a(fonts.o)
                0x000079a8                SmallFont
 .rodata.BigFont
                0x00007e20      0xbe4 /home/attila/LPCXpresso/workspace/TP2_cat_and_mouse_etu/Debug/libMyLab_lib.a(fonts.o)
                0x00007e20                BigFont
 .rodata.str1.1
                0x00008a04       0x18 /usr/local/lpcxpresso_8.2.2_650/lpcxpresso/tools/bin/../lib/gcc/arm-none-eabi/5.4.1/../../../../arm-none-eabi/lib/armv7-m/libcr_c.a(alloc.o)
 .rodata.str1.1
                0x00008a1c       0x34 /usr/local/lpcxpresso_8.2.2_650/lpcxpresso/tools/bin/../lib/gcc/arm-none-eabi/5.4.1/../../../../arm-none-eabi/lib/armv7-m/libcr_c.a(fpprintf.o)
                                 0x35 (size before relaxing)
 .rodata.str1.1
                0x00008a50        0x4 /usr/local/lpcxpresso_8.2.2_650/lpcxpresso/tools/bin/../lib/gcc/arm-none-eabi/5.4.1/../../../../arm-none-eabi/lib/armv7-m/libcr_c.a(initio.o)
 .rodata.str1.1
                0x00008a54       0x31 /usr/local/lpcxpresso_8.2.2_650/lpcxpresso/tools/bin/../lib/gcc/arm-none-eabi/5.4.1/../../../../arm-none-eabi/lib/armv7-m/libcr_c.a(printf.o)
                                 0x38 (size before relaxing)
 *fill*         0x00008a85        0x3 ff
 .rodata.__huge_val
                0x00008a88        0x8 /usr/local/lpcxpresso_8.2.2_650/lpcxpresso/tools/bin/../lib/gcc/arm-none-eabi/5.4.1/../../../../arm-none-eabi/lib/armv7-m/libcr_c.a(_hugeval.o)
                0x00008a88                __huge_val
 .rodata.__huge_vall
                0x00008a90        0x8 /usr/local/lpcxpresso_8.2.2_650/lpcxpresso/tools/bin/../lib/gcc/arm-none-eabi/5.4.1/../../../../arm-none-eabi/lib/armv7-m/libcr_c.a(_hugeval.o)
                0x00008a90                __huge_vall
                0x00008a98                . = ALIGN (0x4)

.glue_7         0x00008a98        0x0
 .glue_7        0x00008a98        0x0 linker stubs

.glue_7t        0x00008a98        0x0
 .glue_7t       0x00008a98        0x0 linker stubs

.vfp11_veneer   0x00008a98        0x0
 .vfp11_veneer  0x00008a98        0x0 linker stubs

.v4_bx          0x00008a98        0x0
 .v4_bx         0x00008a98        0x0 linker stubs

.iplt           0x00008a98        0x0
 .iplt          0x00008a98        0x0 ./src/cat.o

.rel.dyn        0x00008a98        0x0
 .rel.iplt      0x00008a98        0x0 ./src/cat.o

.ARM.extab
 *(.ARM.extab* .gnu.linkonce.armextab.*)
                0x00008a98                __exidx_start = .

.ARM.exidx
 *(.ARM.exidx* .gnu.linkonce.armexidx.*)
                0x00008a98                __exidx_end = .
                0x00008a98                _etext = .

.data_RAM2      0x2007c000        0x4 load address 0x00008a98
 FILL mask 0xff
                [!provide]                PROVIDE (__start_data_RAM2, .)
 *(.ramfunc.$RAM2)
 *(.ramfunc.$RamAHB32)
 *(.data.$RAM2*)
 .data.$RAM2    0x2007c000        0x4 /home/attila/LPCXpresso/workspace/TP2_cat_and_mouse_etu/Debug/libMyLab_lib.a(read_adc_dma.o)
                0x2007c000                buf
 *(.data.$RamAHB32*)
                0x2007c004                . = ALIGN (0x4)
                [!provide]                PROVIDE (__end_data_RAM2, .)

.uninit_RESERVED
                0x10000000        0x0
 *(.bss.$RESERVED*)
                0x10000000                . = ALIGN (0x4)
                0x10000000                _end_uninit_RESERVED = .

.data           0x10000000     0x3300 load address 0x00008a9c
 FILL mask 0xff
                0x10000000                _data = .
 *(vtable)
 *(.ramfunc*)
 *(.data*)
 .data          0x10000000     0x3210 ./src/dtmf_detection.o
                0x10000000                module_freq1
                0x10000c84                module_freq2
                0x10001908                module_freq3
                0x1000258c                module_freq4
 .data.previous_id_in
                0x10003210        0x4 ./FreeRTOS_src/tasks.o
 .data.xNextTaskUnblockTime
                0x10003214        0x4 ./FreeRTOS_src/tasks.o
 .data.xFreeBytesRemaining
                0x10003218        0x4 ./FreeRTOS_portable/MemMang/heap_2.o
 .data.uxCriticalNesting
                0x1000321c        0x4 ./FreeRTOS_portable/port.o
 .data.olds     0x10003220       0xdc /home/attila/LPCXpresso/workspace/TP2_cat_and_mouse_etu/Debug/libMyLab_lib.a(custom_rand.o)
                0x10003220                olds
 .data.SystemCoreClock
                0x100032fc        0x4 /home/attila/LPCXpresso/workspace/CMSISv2p00_LPC17xx/Debug/libCMSISv2p00_LPC17xx.a(system_LPC17xx.o)
                0x100032fc                SystemCoreClock
                0x10003300                . = ALIGN (0x4)
                0x10003300                _edata = .

.igot.plt       0x10003300        0x0 load address 0x0000bd9c
 .igot.plt      0x10003300        0x0 ./src/cat.o

.bss_RAM2       0x2007c004        0x0
                [!provide]                PROVIDE (__start_bss_RAM2, .)
 *(.bss.$RAM2*)
 *(.bss.$RamAHB32*)
                0x2007c004                . = ALIGN ((. != 0x0)?0x4:0x1)
                0x2007c004                PROVIDE (__end_bss_RAM2, .)

.bss            0x10003300     0x238c
                0x10003300                _bss = .
 *(.bss*)
 .bss.xHigherPriorityTaskWoken.5740
                0x10003300        0x4 ./src/dtmf_detection.o
 .bss.sprites   0x10003304       0x48 ./src/tp2_cat_and_mouse.o
 .bss.pxCurrentTCB
                0x1000334c        0x4 ./FreeRTOS_src/tasks.o
                0x1000334c                pxCurrentTCB
 .bss.pxReadyTasksLists
                0x10003350       0x64 ./FreeRTOS_src/tasks.o
 .bss.xDelayedTaskList1
                0x100033b4       0x14 ./FreeRTOS_src/tasks.o
 .bss.xDelayedTaskList2
                0x100033c8       0x14 ./FreeRTOS_src/tasks.o
 .bss.pxDelayedTaskList
                0x100033dc        0x4 ./FreeRTOS_src/tasks.o
 .bss.pxOverflowDelayedTaskList
                0x100033e0        0x4 ./FreeRTOS_src/tasks.o
 .bss.xPendingReadyList
                0x100033e4       0x14 ./FreeRTOS_src/tasks.o
 .bss.xTasksWaitingTermination
                0x100033f8       0x14 ./FreeRTOS_src/tasks.o
 .bss.uxTasksDeleted
                0x1000340c        0x4 ./FreeRTOS_src/tasks.o
 .bss.xSuspendedTaskList
                0x10003410       0x14 ./FreeRTOS_src/tasks.o
 .bss.uxCurrentNumberOfTasks
                0x10003424        0x4 ./FreeRTOS_src/tasks.o
 .bss.xTickCount
                0x10003428        0x4 ./FreeRTOS_src/tasks.o
 .bss.uxTopUsedPriority
                0x1000342c        0x4 ./FreeRTOS_src/tasks.o
 .bss.uxTopReadyPriority
                0x10003430        0x4 ./FreeRTOS_src/tasks.o
 .bss.xSchedulerRunning
                0x10003434        0x4 ./FreeRTOS_src/tasks.o
 .bss.uxSchedulerSuspended
                0x10003438        0x4 ./FreeRTOS_src/tasks.o
 .bss.uxMissedTicks
                0x1000343c        0x4 ./FreeRTOS_src/tasks.o
 .bss.xMissedYield
                0x10003440        0x4 ./FreeRTOS_src/tasks.o
 .bss.xNumOfOverflows
                0x10003444        0x4 ./FreeRTOS_src/tasks.o
 .bss.uxTaskNumber
                0x10003448        0x4 ./FreeRTOS_src/tasks.o
 *fill*         0x1000344c        0x4 
 .bss.xHeap     0x10003450     0x2000 ./FreeRTOS_portable/MemMang/heap_2.o
 .bss.xStart    0x10005450        0x8 ./FreeRTOS_portable/MemMang/heap_2.o
 .bss.xEnd      0x10005458        0x8 ./FreeRTOS_portable/MemMang/heap_2.o
 .bss.xHeapHasBeenInitialised.4128
                0x10005460        0x4 ./FreeRTOS_portable/MemMang/heap_2.o
 .bss.buffer_end_func
                0x10005464        0x4 /home/attila/LPCXpresso/workspace/TP2_cat_and_mouse_etu/Debug/libMyLab_lib.a(read_adc_dma.o)
 .bss.buf_index
                0x10005468        0x4 /home/attila/LPCXpresso/workspace/TP2_cat_and_mouse_etu/Debug/libMyLab_lib.a(read_adc_dma.o)
 .bss.buf_length
                0x1000546c        0x4 /home/attila/LPCXpresso/workspace/TP2_cat_and_mouse_etu/Debug/libMyLab_lib.a(read_adc_dma.o)
 .bss.dma_list1
                0x10005470       0x10 /home/attila/LPCXpresso/workspace/TP2_cat_and_mouse_etu/Debug/libMyLab_lib.a(read_adc_dma.o)
 .bss.dma_list2
                0x10005480       0x10 /home/attila/LPCXpresso/workspace/TP2_cat_and_mouse_etu/Debug/libMyLab_lib.a(read_adc_dma.o)
 .bss._extra    0x10005490        0x4 /usr/local/lpcxpresso_8.2.2_650/lpcxpresso/tools/bin/../lib/gcc/arm-none-eabi/5.4.1/../../../../arm-none-eabi/lib/armv7-m/libcr_c.a(initio.o)
                0x10005490                _extra
 .bss.__Ciob    0x10005494      0x140 /usr/local/lpcxpresso_8.2.2_650/lpcxpresso/tools/bin/../lib/gcc/arm-none-eabi/5.4.1/../../../../arm-none-eabi/lib/armv7-m/libcr_c.a(stdio.o)
                0x10005494                __Ciob
 .bss._exitvector
                0x100055d4       0x84 /usr/local/lpcxpresso_8.2.2_650/lpcxpresso/tools/bin/../lib/gcc/arm-none-eabi/5.4.1/../../../../arm-none-eabi/lib/armv7-m/libcr_c.a(stdlib.o)
                0x100055d4                _exitvector
 .bss._number_of_exit_functions
                0x10005658        0x4 /usr/local/lpcxpresso_8.2.2_650/lpcxpresso/tools/bin/../lib/gcc/arm-none-eabi/5.4.1/../../../../arm-none-eabi/lib/armv7-m/libcr_c.a(stdlib.o)
                0x10005658                _number_of_exit_functions
 .bss.__heaps   0x1000565c        0x4 /usr/local/lpcxpresso_8.2.2_650/lpcxpresso/tools/bin/../lib/gcc/arm-none-eabi/5.4.1/../../../../arm-none-eabi/lib/armv7-m/libcr_c.a(__init_alloc.o)
                0x1000565c                __heaps
 .bss.__end_of_heap
                0x10005660        0x4 /usr/local/lpcxpresso_8.2.2_650/lpcxpresso/tools/bin/../lib/gcc/arm-none-eabi/5.4.1/../../../../arm-none-eabi/lib/armv7-m/libcr_c.a(__init_alloc.o)
                0x10005660                __end_of_heap
 .bss.errno     0x10005664        0x4 /usr/local/lpcxpresso_8.2.2_650/lpcxpresso/tools/bin/../lib/gcc/arm-none-eabi/5.4.1/../../../../arm-none-eabi/lib/armv7-m/libcr_c.a(errno.o)
                0x10005664                errno
 *(COMMON)
 COMMON         0x10005668       0x1c ./src/cat.o
                0x10005668                queue_cat_out
                0x1000566c                queue_mouse_out
                0x10005670                queue_trace
                0x10005674                queue_cat_in
                0x10005678                queue_buf_index
                0x1000567c                sig
                0x10005680                queue_mouse_in
 COMMON         0x10005684        0x8 /home/attila/LPCXpresso/workspace/TP2_cat_and_mouse_etu/Debug/libMyLab_lib.a(custom_rand.o)
                0x10005684                _j
                0x10005688                _k
                0x1000568c                . = ALIGN (0x4)
                0x1000568c                _ebss = .
                [!provide]                PROVIDE (end, .)

.noinit_RAM2    0x2007c004        0x0
 *(.noinit.$RAM2*)
 *(.noinit.$RamAHB32*)
                0x2007c004                . = ALIGN (0x4)

.noinit         0x1000568c        0x0
                0x1000568c                _noinit = .
 *(.noinit*)
                0x1000568c                . = ALIGN (0x4)
                0x1000568c                _end_noinit = .
                0x1000568c                PROVIDE (_pvHeapStart, DEFINED (__user_heap_base)?__user_heap_base:.)
                0x10008000                PROVIDE (_vStackTop, DEFINED (__user_stack_top)?__user_stack_top:(__top_RamLoc32 - 0x0))
                [!provide]                PROVIDE (__valid_user_code_checksum, (0x0 - ((((((_vStackTop + (ResetISR + 0x1)) + (NMI_Handler + 0x1)) + (HardFault_Handler + 0x1)) + (DEFINED (MemManage_Handler)?MemManage_Handler:0x0 + 0x1)) + (DEFINED (BusFault_Handler)?BusFault_Handler:0x0 + 0x1)) + (DEFINED (UsageFault_Handler)?UsageFault_Handler:0x0 + 0x1))))
OUTPUT(TP2_cat_and_mouse_etu.axf elf32-littlearm)

.debug_info     0x00000000     0x814f
 .debug_info    0x00000000      0x340 ./src/cat.o
 .debug_info    0x00000340      0x66e ./src/commons.o
 .debug_info    0x000009ae      0x259 ./src/cr_startup_lpc17.o
 .debug_info    0x00000c07      0x3fc ./src/dtmf_detection.o
 .debug_info    0x00001003      0x6c0 ./src/mouse.o
 .debug_info    0x000016c3      0x33b ./src/objects.o
 .debug_info    0x000019fe      0x7e0 ./src/rendering.o
 .debug_info    0x000021de      0x221 ./src/tp2_cat_and_mouse.o
 .debug_info    0x000023ff      0x5bc ./src/trace_mgt.o
 .debug_info    0x000029bb      0x264 ./FreeRTOS_src/list.o
 .debug_info    0x00002c1f      0x859 ./FreeRTOS_src/queue.o
 .debug_info    0x00003478      0xccd ./FreeRTOS_src/tasks.o
 .debug_info    0x00004145      0x295 ./FreeRTOS_portable/MemMang/heap_2.o
 .debug_info    0x000043da      0x1c6 ./FreeRTOS_portable/port.o
 .debug_info    0x000045a0      0x126 /home/attila/LPCXpresso/workspace/TP2_cat_and_mouse_etu/Debug/libMyLab_lib.a(custom_rand.o)
 .debug_info    0x000046c6      0x9cb /home/attila/LPCXpresso/workspace/TP2_cat_and_mouse_etu/Debug/libMyLab_lib.a(ethmac.o)
 .debug_info    0x00005091     0x10ee /home/attila/LPCXpresso/workspace/TP2_cat_and_mouse_etu/Debug/libMyLab_lib.a(lcd.o)
 .debug_info    0x0000617f      0x9c4 /home/attila/LPCXpresso/workspace/TP2_cat_and_mouse_etu/Debug/libMyLab_lib.a(read_adc_dma.o)
 .debug_info    0x00006b43      0x5d3 /home/attila/LPCXpresso/workspace/TP2_cat_and_mouse_etu/Debug/libMyLab_lib.a(ssp.o)
 .debug_info    0x00007116      0x699 /home/attila/LPCXpresso/workspace/TP2_cat_and_mouse_etu/Debug/libMyLab_lib.a(uart.o)
 .debug_info    0x000077af      0x5e3 /home/attila/LPCXpresso/workspace/TP2_cat_and_mouse_etu/Debug/libMyLab_lib.a(adc.o)
 .debug_info    0x00007d92       0xa5 /home/attila/LPCXpresso/workspace/TP2_cat_and_mouse_etu/Debug/libMyLab_lib.a(fonts.o)
 .debug_info    0x00007e37      0x318 /home/attila/LPCXpresso/workspace/CMSISv2p00_LPC17xx/Debug/libCMSISv2p00_LPC17xx.a(system_LPC17xx.o)

.debug_abbrev   0x00000000     0x1fe1
 .debug_abbrev  0x00000000      0x13f ./src/cat.o
 .debug_abbrev  0x0000013f      0x18e ./src/commons.o
 .debug_abbrev  0x000002cd      0x100 ./src/cr_startup_lpc17.o
 .debug_abbrev  0x000003cd      0x189 ./src/dtmf_detection.o
 .debug_abbrev  0x00000556      0x18c ./src/mouse.o
 .debug_abbrev  0x000006e2      0x129 ./src/objects.o
 .debug_abbrev  0x0000080b      0x1bd ./src/rendering.o
 .debug_abbrev  0x000009c8       0xe2 ./src/tp2_cat_and_mouse.o
 .debug_abbrev  0x00000aaa      0x1c1 ./src/trace_mgt.o
 .debug_abbrev  0x00000c6b       0xbf ./FreeRTOS_src/list.o
 .debug_abbrev  0x00000d2a      0x1bb ./FreeRTOS_src/queue.o
 .debug_abbrev  0x00000ee5      0x1fd ./FreeRTOS_src/tasks.o
 .debug_abbrev  0x000010e2      0x16b ./FreeRTOS_portable/MemMang/heap_2.o
 .debug_abbrev  0x0000124d      0x11d ./FreeRTOS_portable/port.o
 .debug_abbrev  0x0000136a       0xc2 /home/attila/LPCXpresso/workspace/TP2_cat_and_mouse_etu/Debug/libMyLab_lib.a(custom_rand.o)
 .debug_abbrev  0x0000142c      0x205 /home/attila/LPCXpresso/workspace/TP2_cat_and_mouse_etu/Debug/libMyLab_lib.a(ethmac.o)
 .debug_abbrev  0x00001631      0x25b /home/attila/LPCXpresso/workspace/TP2_cat_and_mouse_etu/Debug/libMyLab_lib.a(lcd.o)
 .debug_abbrev  0x0000188c      0x1d9 /home/attila/LPCXpresso/workspace/TP2_cat_and_mouse_etu/Debug/libMyLab_lib.a(read_adc_dma.o)
 .debug_abbrev  0x00001a65      0x163 /home/attila/LPCXpresso/workspace/TP2_cat_and_mouse_etu/Debug/libMyLab_lib.a(ssp.o)
 .debug_abbrev  0x00001bc8      0x19c /home/attila/LPCXpresso/workspace/TP2_cat_and_mouse_etu/Debug/libMyLab_lib.a(uart.o)
 .debug_abbrev  0x00001d64      0x14f /home/attila/LPCXpresso/workspace/TP2_cat_and_mouse_etu/Debug/libMyLab_lib.a(adc.o)
 .debug_abbrev  0x00001eb3       0x48 /home/attila/LPCXpresso/workspace/TP2_cat_and_mouse_etu/Debug/libMyLab_lib.a(fonts.o)
 .debug_abbrev  0x00001efb       0xe6 /home/attila/LPCXpresso/workspace/CMSISv2p00_LPC17xx/Debug/libCMSISv2p00_LPC17xx.a(system_LPC17xx.o)

.debug_aranges  0x00000000      0x7a8
 .debug_aranges
                0x00000000       0x20 ./src/cat.o
 .debug_aranges
                0x00000020       0x48 ./src/commons.o
 .debug_aranges
                0x00000068       0x68 ./src/cr_startup_lpc17.o
 .debug_aranges
                0x000000d0       0x48 ./src/dtmf_detection.o
 .debug_aranges
                0x00000118       0x40 ./src/mouse.o
 .debug_aranges
                0x00000158       0x30 ./src/objects.o
 .debug_aranges
                0x00000188       0x68 ./src/rendering.o
 .debug_aranges
                0x000001f0       0x20 ./src/tp2_cat_and_mouse.o
 .debug_aranges
                0x00000210       0x40 ./src/trace_mgt.o
 .debug_aranges
                0x00000250       0x40 ./FreeRTOS_src/list.o
 .debug_aranges
                0x00000290       0xb8 ./FreeRTOS_src/queue.o
 .debug_aranges
                0x00000348      0x120 ./FreeRTOS_src/tasks.o
 .debug_aranges
                0x00000468       0x38 ./FreeRTOS_portable/MemMang/heap_2.o
 .debug_aranges
                0x000004a0       0x70 ./FreeRTOS_portable/port.o
 .debug_aranges
                0x00000510       0x28 /home/attila/LPCXpresso/workspace/TP2_cat_and_mouse_etu/Debug/libMyLab_lib.a(custom_rand.o)
 .debug_aranges
                0x00000538       0x68 /home/attila/LPCXpresso/workspace/TP2_cat_and_mouse_etu/Debug/libMyLab_lib.a(ethmac.o)
 .debug_aranges
                0x000005a0       0xf8 /home/attila/LPCXpresso/workspace/TP2_cat_and_mouse_etu/Debug/libMyLab_lib.a(lcd.o)
 .debug_aranges
                0x00000698       0x38 /home/attila/LPCXpresso/workspace/TP2_cat_and_mouse_etu/Debug/libMyLab_lib.a(read_adc_dma.o)
 .debug_aranges
                0x000006d0       0x38 /home/attila/LPCXpresso/workspace/TP2_cat_and_mouse_etu/Debug/libMyLab_lib.a(ssp.o)
 .debug_aranges
                0x00000708       0x30 /home/attila/LPCXpresso/workspace/TP2_cat_and_mouse_etu/Debug/libMyLab_lib.a(uart.o)
 .debug_aranges
                0x00000738       0x30 /home/attila/LPCXpresso/workspace/TP2_cat_and_mouse_etu/Debug/libMyLab_lib.a(adc.o)
 .debug_aranges
                0x00000768       0x18 /home/attila/LPCXpresso/workspace/TP2_cat_and_mouse_etu/Debug/libMyLab_lib.a(fonts.o)
 .debug_aranges
                0x00000780       0x28 /home/attila/LPCXpresso/workspace/CMSISv2p00_LPC17xx/Debug/libCMSISv2p00_LPC17xx.a(system_LPC17xx.o)

.debug_ranges   0x00000000      0x630
 .debug_ranges  0x00000000       0x10 ./src/cat.o
 .debug_ranges  0x00000010       0x38 ./src/commons.o
 .debug_ranges  0x00000048       0x58 ./src/cr_startup_lpc17.o
 .debug_ranges  0x000000a0       0x38 ./src/dtmf_detection.o
 .debug_ranges  0x000000d8       0x30 ./src/mouse.o
 .debug_ranges  0x00000108       0x20 ./src/objects.o
 .debug_ranges  0x00000128       0x58 ./src/rendering.o
 .debug_ranges  0x00000180       0x10 ./src/tp2_cat_and_mouse.o
 .debug_ranges  0x00000190       0x30 ./src/trace_mgt.o
 .debug_ranges  0x000001c0       0x30 ./FreeRTOS_src/list.o
 .debug_ranges  0x000001f0       0xa8 ./FreeRTOS_src/queue.o
 .debug_ranges  0x00000298      0x110 ./FreeRTOS_src/tasks.o
 .debug_ranges  0x000003a8       0x28 ./FreeRTOS_portable/MemMang/heap_2.o
 .debug_ranges  0x000003d0       0x60 ./FreeRTOS_portable/port.o
 .debug_ranges  0x00000430       0x18 /home/attila/LPCXpresso/workspace/TP2_cat_and_mouse_etu/Debug/libMyLab_lib.a(custom_rand.o)
 .debug_ranges  0x00000448       0x58 /home/attila/LPCXpresso/workspace/TP2_cat_and_mouse_etu/Debug/libMyLab_lib.a(ethmac.o)
 .debug_ranges  0x000004a0       0xe8 /home/attila/LPCXpresso/workspace/TP2_cat_and_mouse_etu/Debug/libMyLab_lib.a(lcd.o)
 .debug_ranges  0x00000588       0x28 /home/attila/LPCXpresso/workspace/TP2_cat_and_mouse_etu/Debug/libMyLab_lib.a(read_adc_dma.o)
 .debug_ranges  0x000005b0       0x28 /home/attila/LPCXpresso/workspace/TP2_cat_and_mouse_etu/Debug/libMyLab_lib.a(ssp.o)
 .debug_ranges  0x000005d8       0x20 /home/attila/LPCXpresso/workspace/TP2_cat_and_mouse_etu/Debug/libMyLab_lib.a(uart.o)
 .debug_ranges  0x000005f8       0x20 /home/attila/LPCXpresso/workspace/TP2_cat_and_mouse_etu/Debug/libMyLab_lib.a(adc.o)
 .debug_ranges  0x00000618       0x18 /home/attila/LPCXpresso/workspace/CMSISv2p00_LPC17xx/Debug/libCMSISv2p00_LPC17xx.a(system_LPC17xx.o)

.debug_macro    0x00000000     0x5466
 .debug_macro   0x00000000      0x189 ./src/cat.o
 .debug_macro   0x00000189      0x892 ./src/cat.o
 .debug_macro   0x00000a1b       0x10 ./src/cat.o
 .debug_macro   0x00000a2b      0x12d ./src/cat.o
 .debug_macro   0x00000b58       0x16 ./src/cat.o
 .debug_macro   0x00000b6e       0x46 ./src/cat.o
 .debug_macro   0x00000bb4      0x150 ./src/cat.o
 .debug_macro   0x00000d04       0xa3 ./src/cat.o
 .debug_macro   0x00000da7       0x12 ./src/cat.o
 .debug_macro   0x00000db9       0x1f ./src/cat.o
 .debug_macro   0x00000dd8      0x177 ./src/cat.o
 .debug_macro   0x00000f4f       0x22 ./src/cat.o
 .debug_macro   0x00000f71       0x1c ./src/cat.o
 .debug_macro   0x00000f8d       0x1c ./src/cat.o
 .debug_macro   0x00000fa9       0x2e ./src/cat.o
 .debug_macro   0x00000fd7      0x5b2 ./src/cat.o
 .debug_macro   0x00001589       0x18 ./src/cat.o
 .debug_macro   0x000015a1      0x7af ./src/cat.o
 .debug_macro   0x00001d50      0x2c7 ./src/cat.o
 .debug_macro   0x00002017       0x1c ./src/cat.o
 .debug_macro   0x00002033       0x28 ./src/cat.o
 .debug_macro   0x0000205b       0x1c ./src/cat.o
 .debug_macro   0x00002077       0xc2 ./src/cat.o
 .debug_macro   0x00002139       0x49 ./src/cat.o
 .debug_macro   0x00002182       0x57 ./src/cat.o
 .debug_macro   0x000021d9       0x6a ./src/cat.o
 .debug_macro   0x00002243       0x62 ./src/cat.o
 .debug_macro   0x000022a5       0x10 ./src/cat.o
 .debug_macro   0x000022b5       0x10 ./src/cat.o
 .debug_macro   0x000022c5       0x34 ./src/cat.o
 .debug_macro   0x000022f9       0xc4 ./src/cat.o
 .debug_macro   0x000023bd       0xa0 ./src/cat.o
 .debug_macro   0x0000245d      0x188 ./src/commons.o
 .debug_macro   0x000025e5      0x150 ./src/commons.o
 .debug_macro   0x00002735       0x9a ./src/commons.o
 .debug_macro   0x000027cf       0x9a ./src/commons.o
 .debug_macro   0x00002869       0x52 ./src/cr_startup_lpc17.o
 .debug_macro   0x000028bb      0x18d ./src/dtmf_detection.o
 .debug_macro   0x00002a48       0x82 ./src/dtmf_detection.o
 .debug_macro   0x00002aca       0x2e ./src/dtmf_detection.o
 .debug_macro   0x00002af8       0x3a ./src/dtmf_detection.o
 .debug_macro   0x00002b32      0x182 ./src/mouse.o
 .debug_macro   0x00002cb4      0x11a ./src/objects.o
 .debug_macro   0x00002dce      0x165 ./src/rendering.o
 .debug_macro   0x00002f33      0x1ee ./src/tp2_cat_and_mouse.o
 .debug_macro   0x00003121      0x5c3 ./src/tp2_cat_and_mouse.o
 .debug_macro   0x000036e4       0x22 ./src/tp2_cat_and_mouse.o
 .debug_macro   0x00003706       0x16 ./src/tp2_cat_and_mouse.o
 .debug_macro   0x0000371c       0x10 ./src/tp2_cat_and_mouse.o
 .debug_macro   0x0000372c      0x169 ./src/trace_mgt.o
 .debug_macro   0x00003895       0x9d ./FreeRTOS_src/list.o
 .debug_macro   0x00003932       0x28 ./FreeRTOS_src/list.o
 .debug_macro   0x0000395a      0x11e ./FreeRTOS_src/queue.o
 .debug_macro   0x00003a78      0x130 ./FreeRTOS_src/tasks.o
 .debug_macro   0x00003ba8       0x61 ./FreeRTOS_src/tasks.o
 .debug_macro   0x00003c09       0x16 ./FreeRTOS_src/tasks.o
 .debug_macro   0x00003c1f       0xcb ./FreeRTOS_portable/MemMang/heap_2.o
 .debug_macro   0x00003cea       0xda ./FreeRTOS_portable/port.o
 .debug_macro   0x00003dc4       0x46 /home/attila/LPCXpresso/workspace/TP2_cat_and_mouse_etu/Debug/libMyLab_lib.a(custom_rand.o)
 .debug_macro   0x00003e0a      0x886 /home/attila/LPCXpresso/workspace/TP2_cat_and_mouse_etu/Debug/libMyLab_lib.a(custom_rand.o)
 .debug_macro   0x00004690       0xa9 /home/attila/LPCXpresso/workspace/TP2_cat_and_mouse_etu/Debug/libMyLab_lib.a(ethmac.o)
 .debug_macro   0x00004739       0xf8 /home/attila/LPCXpresso/workspace/TP2_cat_and_mouse_etu/Debug/libMyLab_lib.a(lcd.o)
 .debug_macro   0x00004831       0x9a /home/attila/LPCXpresso/workspace/TP2_cat_and_mouse_etu/Debug/libMyLab_lib.a(read_adc_dma.o)
 .debug_macro   0x000048cb       0x90 /home/attila/LPCXpresso/workspace/TP2_cat_and_mouse_etu/Debug/libMyLab_lib.a(ssp.o)
 .debug_macro   0x0000495b       0x22 /home/attila/LPCXpresso/workspace/TP2_cat_and_mouse_etu/Debug/libMyLab_lib.a(ssp.o)
 .debug_macro   0x0000497d       0x84 /home/attila/LPCXpresso/workspace/TP2_cat_and_mouse_etu/Debug/libMyLab_lib.a(uart.o)
 .debug_macro   0x00004a01       0x16 /home/attila/LPCXpresso/workspace/TP2_cat_and_mouse_etu/Debug/libMyLab_lib.a(uart.o)
 .debug_macro   0x00004a17       0x84 /home/attila/LPCXpresso/workspace/TP2_cat_and_mouse_etu/Debug/libMyLab_lib.a(adc.o)
 .debug_macro   0x00004a9b       0x1a /home/attila/LPCXpresso/workspace/TP2_cat_and_mouse_etu/Debug/libMyLab_lib.a(fonts.o)
 .debug_macro   0x00004ab5      0x12b /home/attila/LPCXpresso/workspace/CMSISv2p00_LPC17xx/Debug/libCMSISv2p00_LPC17xx.a(system_LPC17xx.o)
 .debug_macro   0x00004be0      0x886 /home/attila/LPCXpresso/workspace/CMSISv2p00_LPC17xx/Debug/libCMSISv2p00_LPC17xx.a(system_LPC17xx.o)

.debug_line     0x00000000     0x4a49
 .debug_line    0x00000000      0x3c9 ./src/cat.o
 .debug_line    0x000003c9      0x3a4 ./src/commons.o
 .debug_line    0x0000076d      0x1d1 ./src/cr_startup_lpc17.o
 .debug_line    0x0000093e      0x3d2 ./src/dtmf_detection.o
 .debug_line    0x00000d10      0x37a ./src/mouse.o
 .debug_line    0x0000108a      0x29d ./src/objects.o
 .debug_line    0x00001327      0x4d5 ./src/rendering.o
 .debug_line    0x000017fc      0x3cd ./src/tp2_cat_and_mouse.o
 .debug_line    0x00001bc9      0x31c ./src/trace_mgt.o
 .debug_line    0x00001ee5      0x226 ./FreeRTOS_src/list.o
 .debug_line    0x0000210b      0x457 ./FreeRTOS_src/queue.o
 .debug_line    0x00002562      0x712 ./FreeRTOS_src/tasks.o
 .debug_line    0x00002c74      0x25e ./FreeRTOS_portable/MemMang/heap_2.o
 .debug_line    0x00002ed2      0x271 ./FreeRTOS_portable/port.o
 .debug_line    0x00003143      0x1a0 /home/attila/LPCXpresso/workspace/TP2_cat_and_mouse_etu/Debug/libMyLab_lib.a(custom_rand.o)
 .debug_line    0x000032e3      0x3e3 /home/attila/LPCXpresso/workspace/TP2_cat_and_mouse_etu/Debug/libMyLab_lib.a(ethmac.o)
 .debug_line    0x000036c6      0x77c /home/attila/LPCXpresso/workspace/TP2_cat_and_mouse_etu/Debug/libMyLab_lib.a(lcd.o)
 .debug_line    0x00003e42      0x2ba /home/attila/LPCXpresso/workspace/TP2_cat_and_mouse_etu/Debug/libMyLab_lib.a(read_adc_dma.o)
 .debug_line    0x000040fc      0x26e /home/attila/LPCXpresso/workspace/TP2_cat_and_mouse_etu/Debug/libMyLab_lib.a(ssp.o)
 .debug_line    0x0000436a      0x230 /home/attila/LPCXpresso/workspace/TP2_cat_and_mouse_etu/Debug/libMyLab_lib.a(uart.o)
 .debug_line    0x0000459a      0x24f /home/attila/LPCXpresso/workspace/TP2_cat_and_mouse_etu/Debug/libMyLab_lib.a(adc.o)
 .debug_line    0x000047e9       0x85 /home/attila/LPCXpresso/workspace/TP2_cat_and_mouse_etu/Debug/libMyLab_lib.a(fonts.o)
 .debug_line    0x0000486e      0x1db /home/attila/LPCXpresso/workspace/CMSISv2p00_LPC17xx/Debug/libCMSISv2p00_LPC17xx.a(system_LPC17xx.o)

.debug_str      0x00000000    0x11a7b
 .debug_str     0x00000000     0xb516 ./src/cat.o
                               0xb5ca (size before relaxing)
 .debug_str     0x0000b516      0x45f ./src/commons.o
                               0xb3aa (size before relaxing)
 .debug_str     0x0000b975      0x192 ./src/cr_startup_lpc17.o
                               0x3df5 (size before relaxing)
 .debug_str     0x0000bb07      0x5fc ./src/dtmf_detection.o
                               0xb7f5 (size before relaxing)
 .debug_str     0x0000c103       0xa8 ./src/mouse.o
                               0xb22b (size before relaxing)
 .debug_str     0x0000c1ab       0x3a ./src/objects.o
                               0xa368 (size before relaxing)
 .debug_str     0x0000c1e5      0x19c ./src/rendering.o
                               0xb189 (size before relaxing)
 .debug_str     0x0000c381     0x1610 ./src/tp2_cat_and_mouse.o
                               0xcd05 (size before relaxing)
 .debug_str     0x0000d991      0x14c ./src/trace_mgt.o
                               0xadd6 (size before relaxing)
 .debug_str     0x0000dadd      0x135 ./FreeRTOS_src/list.o
                               0x4528 (size before relaxing)
 .debug_str     0x0000dc12      0xc68 ./FreeRTOS_src/queue.o
                               0x54d0 (size before relaxing)
 .debug_str     0x0000e87a     0x1122 ./FreeRTOS_src/tasks.o
                               0x5c02 (size before relaxing)
 .debug_str     0x0000f99c      0x45f ./FreeRTOS_portable/MemMang/heap_2.o
                               0x4beb (size before relaxing)
 .debug_str     0x0000fdfb      0x368 ./FreeRTOS_portable/port.o
                               0x4a50 (size before relaxing)
 .debug_str     0x00010163      0x6bc /home/attila/LPCXpresso/workspace/TP2_cat_and_mouse_etu/Debug/libMyLab_lib.a(custom_rand.o)
                               0x3c63 (size before relaxing)
 .debug_str     0x0001081f      0x4cd /home/attila/LPCXpresso/workspace/TP2_cat_and_mouse_etu/Debug/libMyLab_lib.a(ethmac.o)
                               0x9a28 (size before relaxing)
 .debug_str     0x00010cec      0x36d /home/attila/LPCXpresso/workspace/TP2_cat_and_mouse_etu/Debug/libMyLab_lib.a(lcd.o)
                               0x8ede (size before relaxing)
 .debug_str     0x00011059      0x49b /home/attila/LPCXpresso/workspace/TP2_cat_and_mouse_etu/Debug/libMyLab_lib.a(read_adc_dma.o)
                               0x889e (size before relaxing)
 .debug_str     0x000114f4       0xb9 /home/attila/LPCXpresso/workspace/TP2_cat_and_mouse_etu/Debug/libMyLab_lib.a(ssp.o)
                               0x80a7 (size before relaxing)
 .debug_str     0x000115ad       0x74 /home/attila/LPCXpresso/workspace/TP2_cat_and_mouse_etu/Debug/libMyLab_lib.a(uart.o)
                               0x802b (size before relaxing)
 .debug_str     0x00011621       0x4c /home/attila/LPCXpresso/workspace/TP2_cat_and_mouse_etu/Debug/libMyLab_lib.a(adc.o)
                               0x80a8 (size before relaxing)
 .debug_str     0x0001166d       0x1f /home/attila/LPCXpresso/workspace/TP2_cat_and_mouse_etu/Debug/libMyLab_lib.a(fonts.o)
                               0x253a (size before relaxing)
 .debug_str     0x0001168c      0x3ef /home/attila/LPCXpresso/workspace/CMSISv2p00_LPC17xx/Debug/libCMSISv2p00_LPC17xx.a(system_LPC17xx.o)
                               0x8135 (size before relaxing)

.comment        0x00000000      0x14c
 .comment       0x00000000       0x6e ./src/cat.o
                                 0x6f (size before relaxing)
 .comment       0x0000006e       0x6f ./src/commons.o
 .comment       0x0000006e       0x6f ./src/cr_startup_lpc17.o
 .comment       0x0000006e       0x6f ./src/dtmf_detection.o
 .comment       0x0000006e       0x6f ./src/mouse.o
 .comment       0x0000006e       0x6f ./src/objects.o
 .comment       0x0000006e       0x6f ./src/rendering.o
 .comment       0x0000006e       0x6f ./src/tp2_cat_and_mouse.o
 .comment       0x0000006e       0x6f ./src/trace_mgt.o
 .comment       0x0000006e       0x6f ./FreeRTOS_src/list.o
 .comment       0x0000006e       0x6f ./FreeRTOS_src/queue.o
 .comment       0x0000006e       0x6f ./FreeRTOS_src/tasks.o
 .comment       0x0000006e       0x6f ./FreeRTOS_portable/MemMang/heap_2.o
 .comment       0x0000006e       0x6f ./FreeRTOS_portable/port.o
 .comment       0x0000006e       0x70 /home/attila/LPCXpresso/workspace/TP2_cat_and_mouse_etu/Debug/libMyLab_lib.a(custom_rand.o)
                                 0x71 (size before relaxing)
 .comment       0x000000de       0x71 /home/attila/LPCXpresso/workspace/TP2_cat_and_mouse_etu/Debug/libMyLab_lib.a(ethmac.o)
 .comment       0x000000de       0x71 /home/attila/LPCXpresso/workspace/TP2_cat_and_mouse_etu/Debug/libMyLab_lib.a(lcd.o)
 .comment       0x000000de       0x71 /home/attila/LPCXpresso/workspace/TP2_cat_and_mouse_etu/Debug/libMyLab_lib.a(read_adc_dma.o)
 .comment       0x000000de       0x71 /home/attila/LPCXpresso/workspace/TP2_cat_and_mouse_etu/Debug/libMyLab_lib.a(ssp.o)
 .comment       0x000000de       0x71 /home/attila/LPCXpresso/workspace/TP2_cat_and_mouse_etu/Debug/libMyLab_lib.a(uart.o)
 .comment       0x000000de       0x71 /home/attila/LPCXpresso/workspace/TP2_cat_and_mouse_etu/Debug/libMyLab_lib.a(adc.o)
 .comment       0x000000de       0x71 /home/attila/LPCXpresso/workspace/TP2_cat_and_mouse_etu/Debug/libMyLab_lib.a(fonts.o)
 .comment       0x000000de       0x6f /home/attila/LPCXpresso/workspace/CMSISv2p00_LPC17xx/Debug/libCMSISv2p00_LPC17xx.a(system_LPC17xx.o)
 .comment       0x000000de       0x6e /usr/local/lpcxpresso_8.2.2_650/lpcxpresso/tools/bin/../lib/gcc/arm-none-eabi/5.4.1/../../../../arm-none-eabi/lib/armv7-m/libcr_semihost.a(_cr__main.o)
                                 0x6f (size before relaxing)
 .comment       0x0000014c       0x6f /usr/local/lpcxpresso_8.2.2_650/lpcxpresso/tools/bin/../lib/gcc/arm-none-eabi/5.4.1/../../../../arm-none-eabi/lib/armv7-m/libcr_c.a(cosf.o)
 .comment       0x0000014c       0x6f /usr/local/lpcxpresso_8.2.2_650/lpcxpresso/tools/bin/../lib/gcc/arm-none-eabi/5.4.1/../../../../arm-none-eabi/lib/armv7-m/libcr_c.a(fabsf.o)
 .comment       0x0000014c       0x6f /usr/local/lpcxpresso_8.2.2_650/lpcxpresso/tools/bin/../lib/gcc/arm-none-eabi/5.4.1/../../../../arm-none-eabi/lib/armv7-m/libcr_c.a(sinf.o)
 .comment       0x0000014c       0x6f /usr/local/lpcxpresso_8.2.2_650/lpcxpresso/tools/bin/../lib/gcc/arm-none-eabi/5.4.1/../../../../arm-none-eabi/lib/armv7-m/libcr_c.a(memcpy.o)
 .comment       0x0000014c       0x6f /usr/local/lpcxpresso_8.2.2_650/lpcxpresso/tools/bin/../lib/gcc/arm-none-eabi/5.4.1/../../../../arm-none-eabi/lib/armv7-m/libcr_c.a(memset.o)
 .comment       0x0000014c       0x6f /usr/local/lpcxpresso_8.2.2_650/lpcxpresso/tools/bin/../lib/gcc/arm-none-eabi/5.4.1/../../../../arm-none-eabi/lib/armv7-m/libcr_c.a(alloc.o)
 .comment       0x0000014c       0x6f /usr/local/lpcxpresso_8.2.2_650/lpcxpresso/tools/bin/../lib/gcc/arm-none-eabi/5.4.1/../../../../arm-none-eabi/lib/armv7-m/libcr_c.a(fclose.o)
 .comment       0x0000014c       0x6f /usr/local/lpcxpresso_8.2.2_650/lpcxpresso/tools/bin/../lib/gcc/arm-none-eabi/5.4.1/../../../../arm-none-eabi/lib/armv7-m/libcr_c.a(fflush.o)
 .comment       0x0000014c       0x6f /usr/local/lpcxpresso_8.2.2_650/lpcxpresso/tools/bin/../lib/gcc/arm-none-eabi/5.4.1/../../../../arm-none-eabi/lib/armv7-m/libcr_c.a(fopen.o)
 .comment       0x0000014c       0x6f /usr/local/lpcxpresso_8.2.2_650/lpcxpresso/tools/bin/../lib/gcc/arm-none-eabi/5.4.1/../../../../arm-none-eabi/lib/armv7-m/libcr_c.a(fpprintf.o)
 .comment       0x0000014c       0x6f /usr/local/lpcxpresso_8.2.2_650/lpcxpresso/tools/bin/../lib/gcc/arm-none-eabi/5.4.1/../../../../arm-none-eabi/lib/armv7-m/libcr_c.a(fread.o)
 .comment       0x0000014c       0x6f /usr/local/lpcxpresso_8.2.2_650/lpcxpresso/tools/bin/../lib/gcc/arm-none-eabi/5.4.1/../../../../arm-none-eabi/lib/armv7-m/libcr_c.a(freopen.o)
 .comment       0x0000014c       0x6f /usr/local/lpcxpresso_8.2.2_650/lpcxpresso/tools/bin/../lib/gcc/arm-none-eabi/5.4.1/../../../../arm-none-eabi/lib/armv7-m/libcr_c.a(fseek.o)
 .comment       0x0000014c       0x6f /usr/local/lpcxpresso_8.2.2_650/lpcxpresso/tools/bin/../lib/gcc/arm-none-eabi/5.4.1/../../../../arm-none-eabi/lib/armv7-m/libcr_c.a(ftell.o)
 .comment       0x0000014c       0x6f /usr/local/lpcxpresso_8.2.2_650/lpcxpresso/tools/bin/../lib/gcc/arm-none-eabi/5.4.1/../../../../arm-none-eabi/lib/armv7-m/libcr_c.a(initio.o)
 .comment       0x0000014c       0x6f /usr/local/lpcxpresso_8.2.2_650/lpcxpresso/tools/bin/../lib/gcc/arm-none-eabi/5.4.1/../../../../arm-none-eabi/lib/armv7-m/libcr_c.a(printf.o)
 .comment       0x0000014c       0x6f /usr/local/lpcxpresso_8.2.2_650/lpcxpresso/tools/bin/../lib/gcc/arm-none-eabi/5.4.1/../../../../arm-none-eabi/lib/armv7-m/libcr_c.a(remove.o)
 .comment       0x0000014c       0x6f /usr/local/lpcxpresso_8.2.2_650/lpcxpresso/tools/bin/../lib/gcc/arm-none-eabi/5.4.1/../../../../arm-none-eabi/lib/armv7-m/libcr_c.a(setvbuf.o)
 .comment       0x0000014c       0x6f /usr/local/lpcxpresso_8.2.2_650/lpcxpresso/tools/bin/../lib/gcc/arm-none-eabi/5.4.1/../../../../arm-none-eabi/lib/armv7-m/libcr_c.a(sqrt.o)
 .comment       0x0000014c       0x6f /usr/local/lpcxpresso_8.2.2_650/lpcxpresso/tools/bin/../lib/gcc/arm-none-eabi/5.4.1/../../../../arm-none-eabi/lib/armv7-m/libcr_c.a(stdio.o)
 .comment       0x0000014c       0x6f /usr/local/lpcxpresso_8.2.2_650/lpcxpresso/tools/bin/../lib/gcc/arm-none-eabi/5.4.1/../../../../arm-none-eabi/lib/armv7-m/libcr_c.a(stdlib.o)
 .comment       0x0000014c       0x6f /usr/local/lpcxpresso_8.2.2_650/lpcxpresso/tools/bin/../lib/gcc/arm-none-eabi/5.4.1/../../../../arm-none-eabi/lib/armv7-m/libcr_c.a(strlen.o)
 .comment       0x0000014c       0x6f /usr/local/lpcxpresso_8.2.2_650/lpcxpresso/tools/bin/../lib/gcc/arm-none-eabi/5.4.1/../../../../arm-none-eabi/lib/armv7-m/libcr_c.a(strncpy.o)
 .comment       0x0000014c       0x6f /usr/local/lpcxpresso_8.2.2_650/lpcxpresso/tools/bin/../lib/gcc/arm-none-eabi/5.4.1/../../../../arm-none-eabi/lib/armv7-m/libcr_c.a(_sincosf.o)
 .comment       0x0000014c       0x6f /usr/local/lpcxpresso_8.2.2_650/lpcxpresso/tools/bin/../lib/gcc/arm-none-eabi/5.4.1/../../../../arm-none-eabi/lib/armv7-m/libcr_c.a(__fillbuf.o)
 .comment       0x0000014c       0x6f /usr/local/lpcxpresso_8.2.2_650/lpcxpresso/tools/bin/../lib/gcc/arm-none-eabi/5.4.1/../../../../arm-none-eabi/lib/armv7-m/libcr_c.a(__init_alloc.o)
 .comment       0x0000014c       0x6f /usr/local/lpcxpresso_8.2.2_650/lpcxpresso/tools/bin/../lib/gcc/arm-none-eabi/5.4.1/../../../../arm-none-eabi/lib/armv7-m/libcr_c.a(_cr_sbrk.o)
 .comment       0x0000014c       0x6f /usr/local/lpcxpresso_8.2.2_650/lpcxpresso/tools/bin/../lib/gcc/arm-none-eabi/5.4.1/../../../../arm-none-eabi/lib/armv7-m/libcr_c.a(_deferredlazyseek.o)
 .comment       0x0000014c       0x6f /usr/local/lpcxpresso_8.2.2_650/lpcxpresso/tools/bin/../lib/gcc/arm-none-eabi/5.4.1/../../../../arm-none-eabi/lib/armv7-m/libcr_c.a(_do_fflush.o)
 .comment       0x0000014c       0x6f /usr/local/lpcxpresso_8.2.2_650/lpcxpresso/tools/bin/../lib/gcc/arm-none-eabi/5.4.1/../../../../arm-none-eabi/lib/armv7-m/libcr_c.a(_fdopen.o)
 .comment       0x0000014c       0x6f /usr/local/lpcxpresso_8.2.2_650/lpcxpresso/tools/bin/../lib/gcc/arm-none-eabi/5.4.1/../../../../arm-none-eabi/lib/armv7-m/libcr_c.a(_fflush.o)
 .comment       0x0000014c       0x6f /usr/local/lpcxpresso_8.2.2_650/lpcxpresso/tools/bin/../lib/gcc/arm-none-eabi/5.4.1/../../../../arm-none-eabi/lib/armv7-m/libcr_c.a(_frexpl.o)
 .comment       0x0000014c       0x6f /usr/local/lpcxpresso_8.2.2_650/lpcxpresso/tools/bin/../lib/gcc/arm-none-eabi/5.4.1/../../../../arm-none-eabi/lib/armv7-m/libcr_c.a(_hugeval.o)
 .comment       0x0000014c       0x6f /usr/local/lpcxpresso_8.2.2_650/lpcxpresso/tools/bin/../lib/gcc/arm-none-eabi/5.4.1/../../../../arm-none-eabi/lib/armv7-m/libcr_c.a(_ldexpl.o)
 .comment       0x0000014c       0x6f /usr/local/lpcxpresso_8.2.2_650/lpcxpresso/tools/bin/../lib/gcc/arm-none-eabi/5.4.1/../../../../arm-none-eabi/lib/armv7-m/libcr_c.a(_read.o)
 .comment       0x0000014c       0x6f /usr/local/lpcxpresso_8.2.2_650/lpcxpresso/tools/bin/../lib/gcc/arm-none-eabi/5.4.1/../../../../arm-none-eabi/lib/armv7-m/libcr_c.a(_writebuf.o)
 .comment       0x0000014c       0x6f /usr/local/lpcxpresso_8.2.2_650/lpcxpresso/tools/bin/../lib/gcc/arm-none-eabi/5.4.1/../../../../arm-none-eabi/lib/armv7-m/libcr_c.a(errno.o)
 .comment       0x0000014c       0x6f /usr/local/lpcxpresso_8.2.2_650/lpcxpresso/tools/bin/../lib/gcc/arm-none-eabi/5.4.1/../../../../arm-none-eabi/lib/armv7-m/libcr_c.a(_cr_check_heap.o)
 .comment       0x0000014c       0x6f /usr/local/lpcxpresso_8.2.2_650/lpcxpresso/tools/bin/../lib/gcc/arm-none-eabi/5.4.1/armv7-m/libcr_eabihelpers.a(double.o)
 .comment       0x0000014c       0x6f /usr/local/lpcxpresso_8.2.2_650/lpcxpresso/tools/bin/../lib/gcc/arm-none-eabi/5.4.1/armv7-m/libcr_eabihelpers.a(float.o)

.ARM.attributes
                0x00000000       0x31
 .ARM.attributes
                0x00000000       0x33 ./src/cat.o
 .ARM.attributes
                0x00000033       0x33 ./src/commons.o
 .ARM.attributes
                0x00000066       0x33 ./src/cr_startup_lpc17.o
 .ARM.attributes
                0x00000099       0x33 ./src/dtmf_detection.o
 .ARM.attributes
                0x000000cc       0x33 ./src/mouse.o
 .ARM.attributes
                0x000000ff       0x33 ./src/objects.o
 .ARM.attributes
                0x00000132       0x33 ./src/rendering.o
 .ARM.attributes
                0x00000165       0x33 ./src/tp2_cat_and_mouse.o
 .ARM.attributes
                0x00000198       0x33 ./src/trace_mgt.o
 .ARM.attributes
                0x000001cb       0x33 ./FreeRTOS_src/list.o
 .ARM.attributes
                0x000001fe       0x33 ./FreeRTOS_src/queue.o
 .ARM.attributes
                0x00000231       0x33 ./FreeRTOS_src/tasks.o
 .ARM.attributes
                0x00000264       0x33 ./FreeRTOS_portable/MemMang/heap_2.o
 .ARM.attributes
                0x00000297       0x33 ./FreeRTOS_portable/port.o
 .ARM.attributes
                0x000002ca       0x33 /home/attila/LPCXpresso/workspace/TP2_cat_and_mouse_etu/Debug/libMyLab_lib.a(custom_rand.o)
 .ARM.attributes
                0x000002fd       0x33 /home/attila/LPCXpresso/workspace/TP2_cat_and_mouse_etu/Debug/libMyLab_lib.a(ethmac.o)
 .ARM.attributes
                0x00000330       0x33 /home/attila/LPCXpresso/workspace/TP2_cat_and_mouse_etu/Debug/libMyLab_lib.a(lcd.o)
 .ARM.attributes
                0x00000363       0x33 /home/attila/LPCXpresso/workspace/TP2_cat_and_mouse_etu/Debug/libMyLab_lib.a(read_adc_dma.o)
 .ARM.attributes
                0x00000396       0x33 /home/attila/LPCXpresso/workspace/TP2_cat_and_mouse_etu/Debug/libMyLab_lib.a(ssp.o)
 .ARM.attributes
                0x000003c9       0x33 /home/attila/LPCXpresso/workspace/TP2_cat_and_mouse_etu/Debug/libMyLab_lib.a(uart.o)
 .ARM.attributes
                0x000003fc       0x33 /home/attila/LPCXpresso/workspace/TP2_cat_and_mouse_etu/Debug/libMyLab_lib.a(adc.o)
 .ARM.attributes
                0x0000042f       0x33 /home/attila/LPCXpresso/workspace/TP2_cat_and_mouse_etu/Debug/libMyLab_lib.a(fonts.o)
 .ARM.attributes
                0x00000462       0x33 /home/attila/LPCXpresso/workspace/CMSISv2p00_LPC17xx/Debug/libCMSISv2p00_LPC17xx.a(system_LPC17xx.o)
 .ARM.attributes
                0x00000495       0x33 /usr/local/lpcxpresso_8.2.2_650/lpcxpresso/tools/bin/../lib/gcc/arm-none-eabi/5.4.1/../../../../arm-none-eabi/lib/armv7-m/libcr_semihost.a(_cr__main.o)
 .ARM.attributes
                0x000004c8       0x33 /usr/local/lpcxpresso_8.2.2_650/lpcxpresso/tools/bin/../lib/gcc/arm-none-eabi/5.4.1/../../../../arm-none-eabi/lib/armv7-m/libcr_c.a(cosf.o)
 .ARM.attributes
                0x000004fb       0x33 /usr/local/lpcxpresso_8.2.2_650/lpcxpresso/tools/bin/../lib/gcc/arm-none-eabi/5.4.1/../../../../arm-none-eabi/lib/armv7-m/libcr_c.a(fabsf.o)
 .ARM.attributes
                0x0000052e       0x33 /usr/local/lpcxpresso_8.2.2_650/lpcxpresso/tools/bin/../lib/gcc/arm-none-eabi/5.4.1/../../../../arm-none-eabi/lib/armv7-m/libcr_c.a(sinf.o)
 .ARM.attributes
                0x00000561       0x33 /usr/local/lpcxpresso_8.2.2_650/lpcxpresso/tools/bin/../lib/gcc/arm-none-eabi/5.4.1/../../../../arm-none-eabi/lib/armv7-m/libcr_c.a(memcpy.o)
 .ARM.attributes
                0x00000594       0x33 /usr/local/lpcxpresso_8.2.2_650/lpcxpresso/tools/bin/../lib/gcc/arm-none-eabi/5.4.1/../../../../arm-none-eabi/lib/armv7-m/libcr_c.a(memset.o)
 .ARM.attributes
                0x000005c7       0x33 /usr/local/lpcxpresso_8.2.2_650/lpcxpresso/tools/bin/../lib/gcc/arm-none-eabi/5.4.1/../../../../arm-none-eabi/lib/armv7-m/libcr_c.a(alloc.o)
 .ARM.attributes
                0x000005fa       0x33 /usr/local/lpcxpresso_8.2.2_650/lpcxpresso/tools/bin/../lib/gcc/arm-none-eabi/5.4.1/../../../../arm-none-eabi/lib/armv7-m/libcr_c.a(fclose.o)
 .ARM.attributes
                0x0000062d       0x33 /usr/local/lpcxpresso_8.2.2_650/lpcxpresso/tools/bin/../lib/gcc/arm-none-eabi/5.4.1/../../../../arm-none-eabi/lib/armv7-m/libcr_c.a(fflush.o)
 .ARM.attributes
                0x00000660       0x33 /usr/local/lpcxpresso_8.2.2_650/lpcxpresso/tools/bin/../lib/gcc/arm-none-eabi/5.4.1/../../../../arm-none-eabi/lib/armv7-m/libcr_c.a(fopen.o)
 .ARM.attributes
                0x00000693       0x33 /usr/local/lpcxpresso_8.2.2_650/lpcxpresso/tools/bin/../lib/gcc/arm-none-eabi/5.4.1/../../../../arm-none-eabi/lib/armv7-m/libcr_c.a(fpprintf.o)
 .ARM.attributes
                0x000006c6       0x33 /usr/local/lpcxpresso_8.2.2_650/lpcxpresso/tools/bin/../lib/gcc/arm-none-eabi/5.4.1/../../../../arm-none-eabi/lib/armv7-m/libcr_c.a(fread.o)
 .ARM.attributes
                0x000006f9       0x33 /usr/local/lpcxpresso_8.2.2_650/lpcxpresso/tools/bin/../lib/gcc/arm-none-eabi/5.4.1/../../../../arm-none-eabi/lib/armv7-m/libcr_c.a(freopen.o)
 .ARM.attributes
                0x0000072c       0x33 /usr/local/lpcxpresso_8.2.2_650/lpcxpresso/tools/bin/../lib/gcc/arm-none-eabi/5.4.1/../../../../arm-none-eabi/lib/armv7-m/libcr_c.a(fseek.o)
 .ARM.attributes
                0x0000075f       0x33 /usr/local/lpcxpresso_8.2.2_650/lpcxpresso/tools/bin/../lib/gcc/arm-none-eabi/5.4.1/../../../../arm-none-eabi/lib/armv7-m/libcr_c.a(ftell.o)
 .ARM.attributes
                0x00000792       0x33 /usr/local/lpcxpresso_8.2.2_650/lpcxpresso/tools/bin/../lib/gcc/arm-none-eabi/5.4.1/../../../../arm-none-eabi/lib/armv7-m/libcr_c.a(initio.o)
 .ARM.attributes
                0x000007c5       0x33 /usr/local/lpcxpresso_8.2.2_650/lpcxpresso/tools/bin/../lib/gcc/arm-none-eabi/5.4.1/../../../../arm-none-eabi/lib/armv7-m/libcr_c.a(printf.o)
 .ARM.attributes
                0x000007f8       0x33 /usr/local/lpcxpresso_8.2.2_650/lpcxpresso/tools/bin/../lib/gcc/arm-none-eabi/5.4.1/../../../../arm-none-eabi/lib/armv7-m/libcr_c.a(remove.o)
 .ARM.attributes
                0x0000082b       0x33 /usr/local/lpcxpresso_8.2.2_650/lpcxpresso/tools/bin/../lib/gcc/arm-none-eabi/5.4.1/../../../../arm-none-eabi/lib/armv7-m/libcr_c.a(setvbuf.o)
 .ARM.attributes
                0x0000085e       0x33 /usr/local/lpcxpresso_8.2.2_650/lpcxpresso/tools/bin/../lib/gcc/arm-none-eabi/5.4.1/../../../../arm-none-eabi/lib/armv7-m/libcr_c.a(sqrt.o)
 .ARM.attributes
                0x00000891       0x33 /usr/local/lpcxpresso_8.2.2_650/lpcxpresso/tools/bin/../lib/gcc/arm-none-eabi/5.4.1/../../../../arm-none-eabi/lib/armv7-m/libcr_c.a(stdio.o)
 .ARM.attributes
                0x000008c4       0x33 /usr/local/lpcxpresso_8.2.2_650/lpcxpresso/tools/bin/../lib/gcc/arm-none-eabi/5.4.1/../../../../arm-none-eabi/lib/armv7-m/libcr_c.a(stdlib.o)
 .ARM.attributes
                0x000008f7       0x33 /usr/local/lpcxpresso_8.2.2_650/lpcxpresso/tools/bin/../lib/gcc/arm-none-eabi/5.4.1/../../../../arm-none-eabi/lib/armv7-m/libcr_c.a(strlen.o)
 .ARM.attributes
                0x0000092a       0x33 /usr/local/lpcxpresso_8.2.2_650/lpcxpresso/tools/bin/../lib/gcc/arm-none-eabi/5.4.1/../../../../arm-none-eabi/lib/armv7-m/libcr_c.a(strncpy.o)
 .ARM.attributes
                0x0000095d       0x33 /usr/local/lpcxpresso_8.2.2_650/lpcxpresso/tools/bin/../lib/gcc/arm-none-eabi/5.4.1/../../../../arm-none-eabi/lib/armv7-m/libcr_c.a(_sincosf.o)
 .ARM.attributes
                0x00000990       0x33 /usr/local/lpcxpresso_8.2.2_650/lpcxpresso/tools/bin/../lib/gcc/arm-none-eabi/5.4.1/../../../../arm-none-eabi/lib/armv7-m/libcr_c.a(__fillbuf.o)
 .ARM.attributes
                0x000009c3       0x33 /usr/local/lpcxpresso_8.2.2_650/lpcxpresso/tools/bin/../lib/gcc/arm-none-eabi/5.4.1/../../../../arm-none-eabi/lib/armv7-m/libcr_c.a(__init_alloc.o)
 .ARM.attributes
                0x000009f6       0x33 /usr/local/lpcxpresso_8.2.2_650/lpcxpresso/tools/bin/../lib/gcc/arm-none-eabi/5.4.1/../../../../arm-none-eabi/lib/armv7-m/libcr_c.a(_cr_sbrk.o)
 .ARM.attributes
                0x00000a29       0x33 /usr/local/lpcxpresso_8.2.2_650/lpcxpresso/tools/bin/../lib/gcc/arm-none-eabi/5.4.1/../../../../arm-none-eabi/lib/armv7-m/libcr_c.a(_deferredlazyseek.o)
 .ARM.attributes
                0x00000a5c       0x33 /usr/local/lpcxpresso_8.2.2_650/lpcxpresso/tools/bin/../lib/gcc/arm-none-eabi/5.4.1/../../../../arm-none-eabi/lib/armv7-m/libcr_c.a(_do_fflush.o)
 .ARM.attributes
                0x00000a8f       0x33 /usr/local/lpcxpresso_8.2.2_650/lpcxpresso/tools/bin/../lib/gcc/arm-none-eabi/5.4.1/../../../../arm-none-eabi/lib/armv7-m/libcr_c.a(_fdopen.o)
 .ARM.attributes
                0x00000ac2       0x33 /usr/local/lpcxpresso_8.2.2_650/lpcxpresso/tools/bin/../lib/gcc/arm-none-eabi/5.4.1/../../../../arm-none-eabi/lib/armv7-m/libcr_c.a(_fflush.o)
 .ARM.attributes
                0x00000af5       0x33 /usr/local/lpcxpresso_8.2.2_650/lpcxpresso/tools/bin/../lib/gcc/arm-none-eabi/5.4.1/../../../../arm-none-eabi/lib/armv7-m/libcr_c.a(_frexpl.o)
 .ARM.attributes
                0x00000b28       0x33 /usr/local/lpcxpresso_8.2.2_650/lpcxpresso/tools/bin/../lib/gcc/arm-none-eabi/5.4.1/../../../../arm-none-eabi/lib/armv7-m/libcr_c.a(_hugeval.o)
 .ARM.attributes
                0x00000b5b       0x33 /usr/local/lpcxpresso_8.2.2_650/lpcxpresso/tools/bin/../lib/gcc/arm-none-eabi/5.4.1/../../../../arm-none-eabi/lib/armv7-m/libcr_c.a(_ldexpl.o)
 .ARM.attributes
                0x00000b8e       0x33 /usr/local/lpcxpresso_8.2.2_650/lpcxpresso/tools/bin/../lib/gcc/arm-none-eabi/5.4.1/../../../../arm-none-eabi/lib/armv7-m/libcr_c.a(_read.o)
 .ARM.attributes